Archive member included to satisfy reference by file (symbol)

e:/program files/gcc-arm-none-eabi-10.3-2021.10/bin/../lib/gcc/arm-none-eabi/10.3.1/thumb/v7e-m/nofp\libgcc.a(_arm_muldf3.o)
                              CMakeFiles/mystm32.elf.dir/User/Src/bsp_stepper_T_speed.c.obj (__aeabi_dmul)
e:/program files/gcc-arm-none-eabi-10.3-2021.10/bin/../lib/gcc/arm-none-eabi/10.3.1/thumb/v7e-m/nofp\libgcc.a(_arm_mulsf3.o)
                              CMakeFiles/mystm32.elf.dir/User/Src/bsp_stepper_T_speed.c.obj (__aeabi_fmul)
e:/program files/gcc-arm-none-eabi-10.3-2021.10/bin/../lib/gcc/arm-none-eabi/10.3.1/thumb/v7e-m/nofp\libgcc.a(_arm_addsubdf3.o)
                              CMakeFiles/mystm32.elf.dir/User/Src/bsp_stepper_T_speed.c.obj (__aeabi_ui2d)
e:/program files/gcc-arm-none-eabi-10.3-2021.10/bin/../lib/gcc/arm-none-eabi/10.3.1/thumb/v7e-m/nofp\libgcc.a(_arm_muldivdf3.o)
                              CMakeFiles/mystm32.elf.dir/User/Src/bsp_stepper_T_speed.c.obj (__aeabi_ddiv)
e:/program files/gcc-arm-none-eabi-10.3-2021.10/bin/../lib/gcc/arm-none-eabi/10.3.1/thumb/v7e-m/nofp\libgcc.a(_arm_fixdfsi.o)
                              CMakeFiles/mystm32.elf.dir/User/Src/bsp_stepper_T_speed.c.obj (__aeabi_d2iz)
e:/program files/gcc-arm-none-eabi-10.3-2021.10/bin/../lib/gcc/arm-none-eabi/10.3.1/thumb/v7e-m/nofp\libgcc.a(_arm_truncdfsf2.o)
                              CMakeFiles/mystm32.elf.dir/User/Src/bsp_stepper_T_speed.c.obj (__aeabi_d2f)
e:/program files/gcc-arm-none-eabi-10.3-2021.10/bin/../lib/gcc/arm-none-eabi/10.3.1/thumb/v7e-m/nofp\libgcc.a(_arm_addsubsf3.o)
                              CMakeFiles/mystm32.elf.dir/User/Src/bsp_stepper_T_speed.c.obj (__aeabi_ui2f)
e:/program files/gcc-arm-none-eabi-10.3-2021.10/bin/../lib/gcc/arm-none-eabi/10.3.1/thumb/v7e-m/nofp\libgcc.a(_arm_muldivsf3.o)
                              CMakeFiles/mystm32.elf.dir/User/Src/bsp_stepper_T_speed.c.obj (__aeabi_fdiv)
e:/program files/gcc-arm-none-eabi-10.3-2021.10/bin/../lib/gcc/arm-none-eabi/10.3.1/thumb/v7e-m/nofp\libgcc.a(_arm_fixsfsi.o)
                              CMakeFiles/mystm32.elf.dir/User/Src/bsp_stepper_T_speed.c.obj (__aeabi_f2iz)
e:/program files/gcc-arm-none-eabi-10.3-2021.10/bin/../lib/gcc/arm-none-eabi/10.3.1/thumb/v7e-m/nofp\libgcc.a(_arm_fixunssfsi.o)
                              CMakeFiles/mystm32.elf.dir/User/Src/bsp_stepper_T_speed.c.obj (__aeabi_f2uiz)
e:/program files/gcc-arm-none-eabi-10.3-2021.10/bin/../lib/gcc/arm-none-eabi/10.3.1/thumb/v7e-m/nofp\libgcc.a(_aeabi_uldivmod.o)
                              CMakeFiles/mystm32.elf.dir/Drivers/STM32F4xx_HAL_Driver/Src/stm32f4xx_hal_rcc.c.obj (__aeabi_uldivmod)
e:/program files/gcc-arm-none-eabi-10.3-2021.10/bin/../lib/gcc/arm-none-eabi/10.3.1/thumb/v7e-m/nofp\libgcc.a(_udivmoddi4.o)
                              e:/program files/gcc-arm-none-eabi-10.3-2021.10/bin/../lib/gcc/arm-none-eabi/10.3.1/thumb/v7e-m/nofp\libgcc.a(_aeabi_uldivmod.o) (__udivmoddi4)
e:/program files/gcc-arm-none-eabi-10.3-2021.10/bin/../lib/gcc/arm-none-eabi/10.3.1/thumb/v7e-m/nofp\libgcc.a(_dvmd_tls.o)
                              e:/program files/gcc-arm-none-eabi-10.3-2021.10/bin/../lib/gcc/arm-none-eabi/10.3.1/thumb/v7e-m/nofp\libgcc.a(_aeabi_uldivmod.o) (__aeabi_ldiv0)
e:/program files/gcc-arm-none-eabi-10.3-2021.10/bin/../lib/gcc/arm-none-eabi/10.3.1/../../../../arm-none-eabi/lib/thumb/v7e-m/nofp\libc.a(lib_a-atoi.o)
                              CMakeFiles/mystm32.elf.dir/User/Src/bsp_stepper_usart_ctl.c.obj (atoi)
e:/program files/gcc-arm-none-eabi-10.3-2021.10/bin/../lib/gcc/arm-none-eabi/10.3.1/../../../../arm-none-eabi/lib/thumb/v7e-m/nofp\libc.a(lib_a-errno.o)
                              CMakeFiles/mystm32.elf.dir/Core/Src/retarget.c.obj (__errno)
e:/program files/gcc-arm-none-eabi-10.3-2021.10/bin/../lib/gcc/arm-none-eabi/10.3.1/../../../../arm-none-eabi/lib/thumb/v7e-m/nofp\libc.a(lib_a-exit.o)
                              e:/program files/gcc-arm-none-eabi-10.3-2021.10/bin/../lib/gcc/arm-none-eabi/10.3.1/../../../../arm-none-eabi/lib/thumb/v7e-m/nofp/crt0.o (exit)
e:/program files/gcc-arm-none-eabi-10.3-2021.10/bin/../lib/gcc/arm-none-eabi/10.3.1/../../../../arm-none-eabi/lib/thumb/v7e-m/nofp\libc.a(lib_a-impure.o)
                              e:/program files/gcc-arm-none-eabi-10.3-2021.10/bin/../lib/gcc/arm-none-eabi/10.3.1/../../../../arm-none-eabi/lib/thumb/v7e-m/nofp\libc.a(lib_a-exit.o) (_global_impure_ptr)
e:/program files/gcc-arm-none-eabi-10.3-2021.10/bin/../lib/gcc/arm-none-eabi/10.3.1/../../../../arm-none-eabi/lib/thumb/v7e-m/nofp\libc.a(lib_a-init.o)
                              e:/program files/gcc-arm-none-eabi-10.3-2021.10/bin/../lib/gcc/arm-none-eabi/10.3.1/../../../../arm-none-eabi/lib/thumb/v7e-m/nofp/crt0.o (__libc_init_array)
e:/program files/gcc-arm-none-eabi-10.3-2021.10/bin/../lib/gcc/arm-none-eabi/10.3.1/../../../../arm-none-eabi/lib/thumb/v7e-m/nofp\libc.a(lib_a-memset.o)
[...]
Memory Configuration

Name             Origin             Length             Attributes
RAM              0x20000000         0x00020000         xrw
CCMRAM           0x10000000         0x00010000         xrw
FLASH            0x08000000         0x00080000         xr
*default*        0x00000000         0xffffffff

Linker script and memory map

LOAD e:/program files/gcc-arm-none-eabi-10.3-2021.10/bin/../lib/gcc/arm-none-eabi/10.3.1/thumb/v7e-m/nofp/crti.o
LOAD e:/program files/gcc-arm-none-eabi-10.3-2021.10/bin/../lib/gcc/arm-none-eabi/10.3.1/thumb/v7e-m/nofp/crtbegin.o
LOAD e:/program files/gcc-arm-none-eabi-10.3-2021.10/bin/../lib/gcc/arm-none-eabi/10.3.1/../../../../arm-none-eabi/lib/thumb/v7e-m/nofp/crt0.o
LOAD CMakeFiles/mystm32.elf.dir/Core/Src/gpio.c.obj
LOAD CMakeFiles/mystm32.elf.dir/Core/Src/main.c.obj
LOAD CMakeFiles/mystm32.elf.dir/Core/Src/retarget.c.obj
LOAD CMakeFiles/mystm32.elf.dir/Core/Src/stm32f4xx_hal_msp.c.obj
LOAD CMakeFiles/mystm32.elf.dir/Core/Src/stm32f4xx_hal_timebase_tim.c.obj
LOAD CMakeFiles/mystm32.elf.dir/Core/Src/stm32f4xx_it.c.obj
LOAD CMakeFiles/mystm32.elf.dir/Core/Src/syscalls.c.obj
LOAD CMakeFiles/mystm32.elf.dir/Core/Src/system_stm32f4xx.c.obj
LOAD CMakeFiles/mystm32.elf.dir/Core/Src/usart.c.obj
LOAD CMakeFiles/mystm32.elf.dir/Drivers/STM32F4xx_HAL_Driver/Src/stm32f4xx_hal.c.obj
LOAD CMakeFiles/mystm32.elf.dir/Drivers/STM32F4xx_HAL_Driver/Src/stm32f4xx_hal_cortex.c.obj
LOAD CMakeFiles/mystm32.elf.dir/Drivers/STM32F4xx_HAL_Driver/Src/stm32f4xx_hal_dma.c.obj
LOAD CMakeFiles/mystm32.elf.dir/Drivers/STM32F4xx_HAL_Driver/Src/stm32f4xx_hal_dma_ex.c.obj
LOAD CMakeFiles/mystm32.elf.dir/Drivers/STM32F4xx_HAL_Driver/Src/stm32f4xx_hal_exti.c.obj
LOAD CMakeFiles/mystm32.elf.dir/Drivers/STM32F4xx_HAL_Driver/Src/stm32f4xx_hal_flash.c.obj
LOAD CMakeFiles/mystm32.elf.dir/Drivers/STM32F4xx_HAL_Driver/Src/stm32f4xx_hal_flash_ex.c.obj
LOAD CMakeFiles/mystm32.elf.dir/Drivers/STM32F4xx_HAL_Driver/Src/stm32f4xx_hal_flash_ramfunc.c.obj
LOAD CMakeFiles/mystm32.elf.dir/Drivers/STM32F4xx_HAL_Driver/Src/stm32f4xx_hal_gpio.c.obj
LOAD CMakeFiles/mystm32.elf.dir/Drivers/STM32F4xx_HAL_Driver/Src/stm32f4xx_hal_pwr.c.obj
LOAD CMakeFiles/mystm32.elf.dir/Drivers/STM32F4xx_HAL_Driver/Src/stm32f4xx_hal_pwr_ex.c.obj
LOAD CMakeFiles/mystm32.elf.dir/Drivers/STM32F4xx_HAL_Driver/Src/stm32f4xx_hal_rcc.c.obj
LOAD CMakeFiles/mystm32.elf.dir/Drivers/STM32F4xx_HAL_Driver/Src/stm32f4xx_hal_rcc_ex.c.obj
LOAD CMakeFiles/mystm32.elf.dir/Drivers/STM32F4xx_HAL_Driver/Src/stm32f4xx_hal_tim.c.obj
LOAD CMakeFiles/mystm32.elf.dir/Drivers/STM32F4xx_HAL_Driver/Src/stm32f4xx_hal_tim_ex.c.obj
LOAD CMakeFiles/mystm32.elf.dir/Drivers/STM32F4xx_HAL_Driver/Src/stm32f4xx_hal_uart.c.obj
LOAD CMakeFiles/mystm32.elf.dir/User/Src/bsp_stepper_T_speed.c.obj
LOAD CMakeFiles/mystm32.elf.dir/User/Src/bsp_stepper_init.c.obj
LOAD CMakeFiles/mystm32.elf.dir/User/Src/bsp_stepper_usart_ctl.c.obj
LOAD CMakeFiles/mystm32.elf.dir/startup/startup_stm32f407xx.s.obj
START GROUP
LOAD e:/program files/gcc-arm-none-eabi-10.3-2021.10/bin/../lib/gcc/arm-none-eabi/10.3.1/thumb/v7e-m/nofp\libgcc.a
LOAD e:/program files/gcc-arm-none-eabi-10.3-2021.10/bin/../lib/gcc/arm-none-eabi/10.3.1/../../../../arm-none-eabi/lib/thumb/v7e-m/nofp\libc.a
END GROUP
LOAD e:/program files/gcc-arm-none-eabi-10.3-2021.10/bin/../lib/gcc/arm-none-eabi/10.3.1/thumb/v7e-m/nofp/crtend.o
LOAD e:/program files/gcc-arm-none-eabi-10.3-2021.10/bin/../lib/gcc/arm-none-eabi/10.3.1/thumb/v7e-m/nofp/crtn.o
                0x20020000                _estack = (ORIGIN (RAM) + LENGTH (RAM))
                0x00000200                _Min_Heap_Size = 0x200
                0x00000400                _Min_Stack_Size = 0x400

.isr_vector     0x08000000      0x188
                0x08000000                . = ALIGN (0x4)
 *(.isr_vector)
 .isr_vector    0x08000000      0x188 CMakeFiles/mystm32.elf.dir/startup/startup_stm32f407xx.s.obj
                0x08000000                g_pfnVectors
                0x08000188                . = ALIGN (0x4)

.text           0x080001c0     0xa28c
                0x080001c0                . = ALIGN (0x4)
 *(.text)
 .text          0x080001c0       0x40 e:/program files/gcc-arm-none-eabi-10.3-2021.10/bin/../lib/gcc/arm-none-eabi/10.3.1/thumb/v7e-m/nofp/crtbegin.o
 .text          0x08000200      0x378 e:/program files/gcc-arm-none-eabi-10.3-2021.10/bin/../lib/gcc/arm-none-eabi/10.3.1/thumb/v7e-m/nofp\libgcc.a(_arm_addsubdf3.o)
                0x08000200                __aeabi_drsub
                0x08000208                __aeabi_dsub
                0x08000208                __subdf3
                0x0800020c                __aeabi_dadd
                0x0800020c                __adddf3
                0x08000484                __floatunsidf
                0x08000484                __aeabi_ui2d
                0x080004a4                __floatsidf
                0x080004a4                __aeabi_i2d
                0x080004c8                __aeabi_f2d
                0x080004c8                __extendsfdf2
                0x0800050c                __floatundidf
                0x0800050c                __aeabi_ul2d
                0x0800051c                __floatdidf
                0x0800051c                __aeabi_l2d
 .text          0x08000578      0x424 e:/program files/gcc-arm-none-eabi-10.3-2021.10/bin/../lib/gcc/arm-none-eabi/10.3.1/thumb/v7e-m/nofp\libgcc.a(_arm_muldivdf3.o)
                0x08000578                __aeabi_dmul
                0x08000578                __muldf3
                0x080007cc                __divdf3
                0x080007cc                __aeabi_ddiv
 .text          0x0800099c       0x50 e:/program files/gcc-arm-none-eabi-10.3-2021.10/bin/../lib/gcc/arm-none-eabi/10.3.1/thumb/v7e-m/nofp\libgcc.a(_arm_fixdfsi.o)
                0x0800099c                __aeabi_d2iz
                0x0800099c                __fixdfsi
 .text          0x080009ec       0xa0 e:/program files/gcc-arm-none-eabi-10.3-2021.10/bin/../lib/gcc/arm-none-eabi/10.3.1/thumb/v7e-m/nofp\libgcc.a(_arm_truncdfsf2.o)
                0x080009ec                __truncdfsf2
                0x080009ec                __aeabi_d2f
 .text          0x08000a8c      0x21c e:/program files/gcc-arm-none-eabi-10.3-2021.10/bin/../lib/gcc/arm-none-eabi/10.3.1/thumb/v7e-m/nofp\libgcc.a(_arm_addsubsf3.o)
                0x08000a8c                __aeabi_frsub
                0x08000a94                __subsf3
                0x08000a94                __aeabi_fsub
                0x08000a98                __aeabi_fadd
                0x08000a98                __addsf3
                0x08000bf8                __aeabi_ui2f
                0x08000bf8                __floatunsisf
                0x08000c00                __aeabi_i2f
                0x08000c00                __floatsisf
                0x08000c1c                __aeabi_ul2f
                0x08000c1c                __floatundisf
                0x08000c2c                __aeabi_l2f
                0x08000c2c                __floatdisf
 .text          0x08000ca8      0x2a0 e:/program files/gcc-arm-none-eabi-10.3-2021.10/bin/../lib/gcc/arm-none-eabi/10.3.1/thumb/v7e-m/nofp\libgcc.a(_arm_muldivsf3.o)
                0x08000ca8                __mulsf3
                0x08000ca8                __aeabi_fmul
                0x08000e10                __aeabi_fdiv
                0x08000e10                __divsf3
 .text          0x08000f48       0x4c e:/program files/gcc-arm-none-eabi-10.3-2021.10/bin/../lib/gcc/arm-none-eabi/10.3.1/thumb/v7e-m/nofp\libgcc.a(_arm_fixsfsi.o)
                0x08000f48                __aeabi_f2iz
                0x08000f48                __fixsfsi
 .text          0x08000f94       0x40 e:/program files/gcc-arm-none-eabi-10.3-2021.10/bin/../lib/gcc/arm-none-eabi/10.3.1/thumb/v7e-m/nofp\libgcc.a(_arm_fixunssfsi.o)
                0x08000f94                __fixunssfsi
                0x08000f94                __aeabi_f2uiz
 .text          0x08000fd4       0x30 e:/program files/gcc-arm-none-eabi-10.3-2021.10/bin/../lib/gcc/arm-none-eabi/10.3.1/thumb/v7e-m/nofp\libgcc.a(_aeabi_uldivmod.o)
                0x08000fd4                __aeabi_uldivmod
 .text          0x08001004      0x2d0 e:/program files/gcc-arm-none-eabi-10.3-2021.10/bin/../lib/gcc/arm-none-eabi/10.3.1/thumb/v7e-m/nofp\libgcc.a(_udivmoddi4.o)
                0x08001004                __udivmoddi4
 .text          0x080012d4        0x4 e:/program files/gcc-arm-none-eabi-10.3-2021.10/bin/../lib/gcc/arm-none-eabi/10.3.1/thumb/v7e-m/nofp\libgcc.a(_dvmd_tls.o)
                0x080012d4                __aeabi_idiv0
                0x080012d4                __aeabi_ldiv0
 *fill*         0x080012d8       0x28 
 .text          0x08001300       0xdc e:/program files/gcc-arm-none-eabi-10.3-2021.10/bin/../lib/gcc/arm-none-eabi/10.3.1/../../../../arm-none-eabi/lib/thumb/v7e-m/nofp\libc.a(lib_a-strlen.o)
                0x08001300                strlen
 *fill*         0x080013dc        0x4 
 .text          0x080013e0       0xa0 e:/program files/gcc-arm-none-eabi-10.3-2021.10/bin/../lib/gcc/arm-none-eabi/10.3.1/../../../../arm-none-eabi/lib/thumb/v7e-m/nofp\libc.a(lib_a-memchr.o)
                0x080013e0                memchr
 .text          0x08001480      0x134 e:/program files/gcc-arm-none-eabi-10.3-2021.10/bin/../lib/gcc/arm-none-eabi/10.3.1/../../../../arm-none-eabi/lib/thumb/v7e-m/nofp\libc.a(lib_a-memcpy.o)
                0x08001480                memcpy
 .text          0x080015b4      0x110 e:/program files/gcc-arm-none-eabi-10.3-2021.10/bin/../lib/gcc/arm-none-eabi/10.3.1/thumb/v7e-m/nofp\libgcc.a(_arm_cmpdf2.o)
                0x080015b4                __gtdf2
                0x080015b4                __gedf2
                0x080015bc                __ltdf2
                0x080015bc                __ledf2
                0x080015c4                __nedf2
                0x080015c4                __eqdf2
                0x080015c4                __cmpdf2
                0x08001640                __aeabi_cdrcmple
                0x08001650                __aeabi_cdcmpeq
                0x08001650                __aeabi_cdcmple
                0x08001660                __aeabi_dcmpeq
                0x08001674                __aeabi_dcmplt
                0x08001688                __aeabi_dcmple
                0x0800169c                __aeabi_dcmpge
                0x080016b0                __aeabi_dcmpgt
 .text          0x080016c4       0x2c e:/program files/gcc-arm-none-eabi-10.3-2021.10/bin/../lib/gcc/arm-none-eabi/10.3.1/thumb/v7e-m/nofp\libgcc.a(_arm_unorddf2.o)
                0x080016c4                __unorddf2
                0x080016c4                __aeabi_dcmpun
 *(.text*)
 .text.MX_GPIO_Init
                0x080016f0       0x94 CMakeFiles/mystm32.elf.dir/Core/Src/gpio.c.obj
                0x080016f0                MX_GPIO_Init
 .text.HAL_TIM_PeriodElapsedCallback
                0x08001784       0x18 CMakeFiles/mystm32.elf.dir/Core/Src/main.c.obj
                0x08001784                HAL_TIM_PeriodElapsedCallback
 .text.Error_Handler
                0x0800179c        0x4 CMakeFiles/mystm32.elf.dir/Core/Src/main.c.obj
                0x0800179c                Error_Handler
 .text.SystemClock_Config
                0x080017a0       0xd8 CMakeFiles/mystm32.elf.dir/Core/Src/main.c.obj
                0x080017a0                SystemClock_Config
 .text.main     0x08001878       0x64 CMakeFiles/mystm32.elf.dir/Core/Src/main.c.obj
                0x08001878                main
 .text.RetargetInit
                0x080018dc       0x20 CMakeFiles/mystm32.elf.dir/Core/Src/retarget.c.obj
                0x080018dc                RetargetInit
 .text._write   0x080018fc       0x34 CMakeFiles/mystm32.elf.dir/Core/Src/retarget.c.obj
                0x080018fc                _write
 .text._read    0x08001930       0x30 CMakeFiles/mystm32.elf.dir/Core/Src/retarget.c.obj
                0x08001930                _read
 .text.HAL_MspInit
                0x08001960       0x38 CMakeFiles/mystm32.elf.dir/Core/Src/stm32f4xx_hal_msp.c.obj
                0x08001960                HAL_MspInit
 .text.HAL_InitTick
                0x08001998       0x7c CMakeFiles/mystm32.elf.dir/Core/Src/stm32f4xx_hal_timebase_tim.c.obj
                0x08001998                HAL_InitTick
 .text.NMI_Handler
                0x08001a14        0x8 CMakeFiles/mystm32.elf.dir/Core/Src/stm32f4xx_it.c.obj
                0x08001a14                NMI_Handler
 .text.HardFault_Handler
                0x08001a1c        0x2 CMakeFiles/mystm32.elf.dir/Core/Src/stm32f4xx_it.c.obj
                0x08001a1c                HardFault_Handler
 .text.MemManage_Handler
                0x08001a1e        0x2 CMakeFiles/mystm32.elf.dir/Core/Src/stm32f4xx_it.c.obj
                0x08001a1e                MemManage_Handler
 .text.BusFault_Handler
                0x08001a20        0x2 CMakeFiles/mystm32.elf.dir/Core/Src/stm32f4xx_it.c.obj
                0x08001a20                BusFault_Handler
 .text.UsageFault_Handler
                0x08001a22        0x2 CMakeFiles/mystm32.elf.dir/Core/Src/stm32f4xx_it.c.obj
                0x08001a22                UsageFault_Handler
 .text.SVC_Handler
                0x08001a24        0x2 CMakeFiles/mystm32.elf.dir/Core/Src/stm32f4xx_it.c.obj
                0x08001a24                SVC_Handler
 .text.DebugMon_Handler
                0x08001a26        0x2 CMakeFiles/mystm32.elf.dir/Core/Src/stm32f4xx_it.c.obj
                0x08001a26                DebugMon_Handler
 .text.PendSV_Handler
                0x08001a28        0x2 CMakeFiles/mystm32.elf.dir/Core/Src/stm32f4xx_it.c.obj
                0x08001a28                PendSV_Handler
 .text.SysTick_Handler
                0x08001a2a        0x2 CMakeFiles/mystm32.elf.dir/Core/Src/stm32f4xx_it.c.obj
                0x08001a2a                SysTick_Handler
 .text.TIM1_UP_TIM10_IRQHandler
                0x08001a2c       0x10 CMakeFiles/mystm32.elf.dir/Core/Src/stm32f4xx_it.c.obj
                0x08001a2c                TIM1_UP_TIM10_IRQHandler
 .text.Usart_SendByte
                0x08001a3c        0xc CMakeFiles/mystm32.elf.dir/Core/Src/stm32f4xx_it.c.obj
                0x08001a3c                Usart_SendByte
 .text.USART1_IRQHandler
                0x08001a48       0xa4 CMakeFiles/mystm32.elf.dir/Core/Src/stm32f4xx_it.c.obj
                0x08001a48                USART1_IRQHandler
 .text._getpid  0x08001aec        0x4 CMakeFiles/mystm32.elf.dir/Core/Src/syscalls.c.obj
                0x08001aec                _getpid
 .text._kill    0x08001af0       0x10 CMakeFiles/mystm32.elf.dir/Core/Src/syscalls.c.obj
                0x08001af0                _kill
 .text._exit    0x08001b00        0xc CMakeFiles/mystm32.elf.dir/Core/Src/syscalls.c.obj
                0x08001b00                _exit
 .text._sbrk    0x08001b0c       0x3c CMakeFiles/mystm32.elf.dir/Core/Src/syscalls.c.obj
                0x08001b0c                _sbrk
 .text._close   0x08001b48        0x6 CMakeFiles/mystm32.elf.dir/Core/Src/syscalls.c.obj
                0x08001b48                _close
 .text._fstat   0x08001b4e        0xa CMakeFiles/mystm32.elf.dir/Core/Src/syscalls.c.obj
                0x08001b4e                _fstat
 .text._isatty  0x08001b58        0x4 CMakeFiles/mystm32.elf.dir/Core/Src/syscalls.c.obj
                0x08001b58                _isatty
 .text._lseek   0x08001b5c        0x4 CMakeFiles/mystm32.elf.dir/Core/Src/syscalls.c.obj
                0x08001b5c                _lseek
 .text.SystemInit
                0x08001b60        0x2 CMakeFiles/mystm32.elf.dir/Core/Src/system_stm32f4xx.c.obj
                0x08001b60                SystemInit
 *fill*         0x08001b62        0x2 
 .text.MX_USART1_UART_Init
                0x08001b64       0x40 CMakeFiles/mystm32.elf.dir/Core/Src/usart.c.obj
                0x08001b64                MX_USART1_UART_Init
 .text.HAL_UART_MspInit
                0x08001ba4       0x80 CMakeFiles/mystm32.elf.dir/Core/Src/usart.c.obj
                0x08001ba4                HAL_UART_MspInit
 .text.uart_FlushRxBuffer
                0x08001c24       0x14 CMakeFiles/mystm32.elf.dir/Core/Src/usart.c.obj
                0x08001c24                uart_FlushRxBuffer
 .text.HAL_Init
                0x08001c38       0x34 CMakeFiles/mystm32.elf.dir/Drivers/STM32F4xx_HAL_Driver/Src/stm32f4xx_hal.c.obj
                0x08001c38                HAL_Init
 .text.HAL_IncTick
                0x08001c6c       0x18 CMakeFiles/mystm32.elf.dir/Drivers/STM32F4xx_HAL_Driver/Src/stm32f4xx_hal.c.obj
                0x08001c6c                HAL_IncTick
 .text.HAL_GetTick
                0x08001c84        0xc CMakeFiles/mystm32.elf.dir/Drivers/STM32F4xx_HAL_Driver/Src/stm32f4xx_hal.c.obj
                0x08001c84                HAL_GetTick
 .text.HAL_Delay
                0x08001c90       0x28 CMakeFiles/mystm32.elf.dir/Drivers/STM32F4xx_HAL_Driver/Src/stm32f4xx_hal.c.obj
                0x08001c90                HAL_Delay
 .text.HAL_NVIC_SetPriorityGrouping
                0x08001cb8       0x24 CMakeFiles/mystm32.elf.dir/Drivers/STM32F4xx_HAL_Driver/Src/stm32f4xx_hal_cortex.c.obj
                0x08001cb8                HAL_NVIC_SetPriorityGrouping
 .text.HAL_NVIC_SetPriority
                0x08001cdc       0x70 CMakeFiles/mystm32.elf.dir/Drivers/STM32F4xx_HAL_Driver/Src/stm32f4xx_hal_cortex.c.obj
                0x08001cdc                HAL_NVIC_SetPriority
 .text.HAL_NVIC_EnableIRQ
                0x08001d4c       0x1c CMakeFiles/mystm32.elf.dir/Drivers/STM32F4xx_HAL_Driver/Src/stm32f4xx_hal_cortex.c.obj
                0x08001d4c                HAL_NVIC_EnableIRQ
 .text.HAL_DMA_Abort
                0x08001d68       0x94 CMakeFiles/mystm32.elf.dir/Drivers/STM32F4xx_HAL_Driver/Src/stm32f4xx_hal_dma.c.obj
                0x08001d68                HAL_DMA_Abort
 .text.HAL_DMA_Abort_IT
                0x08001dfc       0x26 CMakeFiles/mystm32.elf.dir/Drivers/STM32F4xx_HAL_Driver/Src/stm32f4xx_hal_dma.c.obj
                0x08001dfc                HAL_DMA_Abort_IT
 *fill*         0x08001e22        0x2 
 .text.HAL_GPIO_Init
                0x08001e24      0x1e4 CMakeFiles/mystm32.elf.dir/Drivers/STM32F4xx_HAL_Driver/Src/stm32f4xx_hal_gpio.c.obj
                0x08001e24                HAL_GPIO_Init
 .text.HAL_GPIO_WritePin
                0x08002008        0xc CMakeFiles/mystm32.elf.dir/Drivers/STM32F4xx_HAL_Driver/Src/stm32f4xx_hal_gpio.c.obj
                0x08002008                HAL_GPIO_WritePin
 .text.HAL_RCC_OscConfig
                0x08002014      0x3f8 CMakeFiles/mystm32.elf.dir/Drivers/STM32F4xx_HAL_Driver/Src/stm32f4xx_hal_rcc.c.obj
                0x08002014                HAL_RCC_OscConfig
 .text.HAL_RCC_EnableCSS
                0x0800240c        0xc CMakeFiles/mystm32.elf.dir/Drivers/STM32F4xx_HAL_Driver/Src/stm32f4xx_hal_rcc.c.obj
                0x0800240c                HAL_RCC_EnableCSS
 .text.HAL_RCC_GetSysClockFreq
                0x08002418       0xd4 CMakeFiles/mystm32.elf.dir/Drivers/STM32F4xx_HAL_Driver/Src/stm32f4xx_hal_rcc.c.obj
                0x08002418                HAL_RCC_GetSysClockFreq
 .text.HAL_RCC_ClockConfig
                0x080024ec      0x160 CMakeFiles/mystm32.elf.dir/Drivers/STM32F4xx_HAL_Driver/Src/stm32f4xx_hal_rcc.c.obj
                0x080024ec                HAL_RCC_ClockConfig
 .text.HAL_RCC_GetHCLKFreq
                0x0800264c        0xc CMakeFiles/mystm32.elf.dir/Drivers/STM32F4xx_HAL_Driver/Src/stm32f4xx_hal_rcc.c.obj
                0x0800264c                HAL_RCC_GetHCLKFreq
 .text.HAL_RCC_GetPCLK1Freq
                0x08002658       0x20 CMakeFiles/mystm32.elf.dir/Drivers/STM32F4xx_HAL_Driver/Src/stm32f4xx_hal_rcc.c.obj
                0x08002658                HAL_RCC_GetPCLK1Freq
 .text.HAL_RCC_GetPCLK2Freq
                0x08002678       0x20 CMakeFiles/mystm32.elf.dir/Drivers/STM32F4xx_HAL_Driver/Src/stm32f4xx_hal_rcc.c.obj
                0x08002678                HAL_RCC_GetPCLK2Freq
 .text.HAL_RCC_GetClockConfig
                0x08002698       0x3c CMakeFiles/mystm32.elf.dir/Drivers/STM32F4xx_HAL_Driver/Src/stm32f4xx_hal_rcc.c.obj
                0x08002698                HAL_RCC_GetClockConfig
 .text.HAL_RCC_CSSCallback
                0x080026d4        0x2 CMakeFiles/mystm32.elf.dir/Drivers/STM32F4xx_HAL_Driver/Src/stm32f4xx_hal_rcc.c.obj
                0x080026d4                HAL_RCC_CSSCallback
 *fill*         0x080026d6        0x2 
 .text.HAL_RCC_NMI_IRQHandler
                0x080026d8       0x20 CMakeFiles/mystm32.elf.dir/Drivers/STM32F4xx_HAL_Driver/Src/stm32f4xx_hal_rcc.c.obj
                0x080026d8                HAL_RCC_NMI_IRQHandler
 .text.TIM_OC1_SetConfig
                0x080026f8       0x68 CMakeFiles/mystm32.elf.dir/Drivers/STM32F4xx_HAL_Driver/Src/stm32f4xx_hal_tim.c.obj
 .text.TIM_OC3_SetConfig
                0x08002760       0x70 CMakeFiles/mystm32.elf.dir/Drivers/STM32F4xx_HAL_Driver/Src/stm32f4xx_hal_tim.c.obj
 .text.TIM_OC4_SetConfig
                0x080027d0       0x50 CMakeFiles/mystm32.elf.dir/Drivers/STM32F4xx_HAL_Driver/Src/stm32f4xx_hal_tim.c.obj
 .text.HAL_TIM_Base_MspInit
                0x08002820        0x2 CMakeFiles/mystm32.elf.dir/Drivers/STM32F4xx_HAL_Driver/Src/stm32f4xx_hal_tim.c.obj
                0x08002820                HAL_TIM_Base_MspInit
 *fill*         0x08002822        0x2 
 .text.HAL_TIM_Base_Start_IT
                0x08002824       0x88 CMakeFiles/mystm32.elf.dir/Drivers/STM32F4xx_HAL_Driver/Src/stm32f4xx_hal_tim.c.obj
                0x08002824                HAL_TIM_Base_Start_IT
 .text.HAL_TIM_OC_MspInit
                0x080028ac        0x2 CMakeFiles/mystm32.elf.dir/Drivers/STM32F4xx_HAL_Driver/Src/stm32f4xx_hal_tim.c.obj
                0x080028ac                HAL_TIM_OC_MspInit
 .text.HAL_TIM_OC_DelayElapsedCallback
                0x080028ae        0x2 CMakeFiles/mystm32.elf.dir/Drivers/STM32F4xx_HAL_Driver/Src/stm32f4xx_hal_tim.c.obj
                0x080028ae                HAL_TIM_OC_DelayElapsedCallback
 .text.HAL_TIM_IC_CaptureCallback
                0x080028b0        0x2 CMakeFiles/mystm32.elf.dir/Drivers/STM32F4xx_HAL_Driver/Src/stm32f4xx_hal_tim.c.obj
                0x080028b0                HAL_TIM_IC_CaptureCallback
 .text.HAL_TIM_PWM_PulseFinishedCallback
                0x080028b2        0x2 CMakeFiles/mystm32.elf.dir/Drivers/STM32F4xx_HAL_Driver/Src/stm32f4xx_hal_tim.c.obj
                0x080028b2                HAL_TIM_PWM_PulseFinishedCallback
 .text.HAL_TIM_TriggerCallback
                0x080028b4        0x2 CMakeFiles/mystm32.elf.dir/Drivers/STM32F4xx_HAL_Driver/Src/stm32f4xx_hal_tim.c.obj
                0x080028b4                HAL_TIM_TriggerCallback
 .text.HAL_TIM_IRQHandler
                0x080028b6      0x17a CMakeFiles/mystm32.elf.dir/Drivers/STM32F4xx_HAL_Driver/Src/stm32f4xx_hal_tim.c.obj
                0x080028b6                HAL_TIM_IRQHandler
 .text.TIM_Base_SetConfig
                0x08002a30       0xc8 CMakeFiles/mystm32.elf.dir/Drivers/STM32F4xx_HAL_Driver/Src/stm32f4xx_hal_tim.c.obj
                0x08002a30                TIM_Base_SetConfig
 .text.HAL_TIM_Base_Init
                0x08002af8       0x58 CMakeFiles/mystm32.elf.dir/Drivers/STM32F4xx_HAL_Driver/Src/stm32f4xx_hal_tim.c.obj
                0x08002af8                HAL_TIM_Base_Init
 .text.HAL_TIM_OC_Init
                0x08002b50       0x58 CMakeFiles/mystm32.elf.dir/Drivers/STM32F4xx_HAL_Driver/Src/stm32f4xx_hal_tim.c.obj
                0x08002b50                HAL_TIM_OC_Init
 .text.TIM_OC2_SetConfig
                0x08002ba8       0x70 CMakeFiles/mystm32.elf.dir/Drivers/STM32F4xx_HAL_Driver/Src/stm32f4xx_hal_tim.c.obj
                0x08002ba8                TIM_OC2_SetConfig
 .text.HAL_TIM_OC_ConfigChannel
                0x08002c18       0x5e CMakeFiles/mystm32.elf.dir/Drivers/STM32F4xx_HAL_Driver/Src/stm32f4xx_hal_tim.c.obj
                0x08002c18                HAL_TIM_OC_ConfigChannel
 .text.TIM_CCxChannelCmd
                0x08002c76       0x1e CMakeFiles/mystm32.elf.dir/Drivers/STM32F4xx_HAL_Driver/Src/stm32f4xx_hal_tim.c.obj
                0x08002c76                TIM_CCxChannelCmd
 .text.HAL_TIM_OC_Stop_IT
                0x08002c94       0xdc CMakeFiles/mystm32.elf.dir/Drivers/STM32F4xx_HAL_Driver/Src/stm32f4xx_hal_tim.c.obj
                0x08002c94                HAL_TIM_OC_Stop_IT
 .text.HAL_TIMEx_CommutCallback
                0x08002d70        0x2 CMakeFiles/mystm32.elf.dir/Drivers/STM32F4xx_HAL_Driver/Src/stm32f4xx_hal_tim_ex.c.obj
                0x08002d70                HAL_TIMEx_CommutCallback
 .text.HAL_TIMEx_BreakCallback
                0x08002d72        0x2 CMakeFiles/mystm32.elf.dir/Drivers/STM32F4xx_HAL_Driver/Src/stm32f4xx_hal_tim_ex.c.obj
                0x08002d72                HAL_TIMEx_BreakCallback
 .text.UART_EndRxTransfer
                0x08002d74       0x5c CMakeFiles/mystm32.elf.dir/Drivers/STM32F4xx_HAL_Driver/Src/stm32f4xx_hal_uart.c.obj
 .text.UART_Transmit_IT
                0x08002dd0       0x60 CMakeFiles/mystm32.elf.dir/Drivers/STM32F4xx_HAL_Driver/Src/stm32f4xx_hal_uart.c.obj
 .text.UART_SetConfig
                0x08002e30      0x110 CMakeFiles/mystm32.elf.dir/Drivers/STM32F4xx_HAL_Driver/Src/stm32f4xx_hal_uart.c.obj
 .text.UART_WaitOnFlagUntilTimeout
                0x08002f40       0x88 CMakeFiles/mystm32.elf.dir/Drivers/STM32F4xx_HAL_Driver/Src/stm32f4xx_hal_uart.c.obj
 .text.HAL_UART_Init
                0x08002fc8       0x5e CMakeFiles/mystm32.elf.dir/Drivers/STM32F4xx_HAL_Driver/Src/stm32f4xx_hal_uart.c.obj
                0x08002fc8                HAL_UART_Init
 .text.HAL_UART_Transmit
                0x08003026       0xd8 CMakeFiles/mystm32.elf.dir/Drivers/STM32F4xx_HAL_Driver/Src/stm32f4xx_hal_uart.c.obj
                0x08003026                HAL_UART_Transmit
 .text.HAL_UART_Receive
                0x080030fe       0xe4 CMakeFiles/mystm32.elf.dir/Drivers/STM32F4xx_HAL_Driver/Src/stm32f4xx_hal_uart.c.obj
                0x080030fe                HAL_UART_Receive
 .text.HAL_UART_TxCpltCallback
                0x080031e2        0x2 CMakeFiles/mystm32.elf.dir/Drivers/STM32F4xx_HAL_Driver/Src/stm32f4xx_hal_uart.c.obj
                0x080031e2                HAL_UART_TxCpltCallback
 .text.UART_EndTransmit_IT
                0x080031e4       0x1a CMakeFiles/mystm32.elf.dir/Drivers/STM32F4xx_HAL_Driver/Src/stm32f4xx_hal_uart.c.obj
 .text.HAL_UART_RxCpltCallback
                0x080031fe        0x2 CMakeFiles/mystm32.elf.dir/Drivers/STM32F4xx_HAL_Driver/Src/stm32f4xx_hal_uart.c.obj
                0x080031fe                HAL_UART_RxCpltCallback
 .text.HAL_UART_ErrorCallback
                0x08003200        0x2 CMakeFiles/mystm32.elf.dir/Drivers/STM32F4xx_HAL_Driver/Src/stm32f4xx_hal_uart.c.obj
                0x08003200                HAL_UART_ErrorCallback
 .text.UART_DMAAbortOnError
                0x08003202       0x10 CMakeFiles/mystm32.elf.dir/Drivers/STM32F4xx_HAL_Driver/Src/stm32f4xx_hal_uart.c.obj
 .text.HAL_UARTEx_RxEventCallback
                0x08003212        0x2 CMakeFiles/mystm32.elf.dir/Drivers/STM32F4xx_HAL_Driver/Src/stm32f4xx_hal_uart.c.obj
                0x08003212                HAL_UARTEx_RxEventCallback
 .text.UART_Receive_IT
                0x08003214       0xe2 CMakeFiles/mystm32.elf.dir/Drivers/STM32F4xx_HAL_Driver/Src/stm32f4xx_hal_uart.c.obj
 *fill*         0x080032f6        0x2 
 .text.HAL_UART_IRQHandler
                0x080032f8      0x280 CMakeFiles/mystm32.elf.dir/Drivers/STM32F4xx_HAL_Driver/Src/stm32f4xx_hal_uart.c.obj
                0x080032f8                HAL_UART_IRQHandler
 .text.StepperCounter
                0x08003578       0x1c CMakeFiles/mystm32.elf.dir/User/Src/bsp_stepper_T_speed.c.obj
                0x08003578                StepperCounter
 *fill*         0x08003594        0x4 
 .text.stepper_move_T
                0x08003598      0x20c CMakeFiles/mystm32.elf.dir/User/Src/bsp_stepper_T_speed.c.obj
                0x08003598                stepper_move_T
 .text.speed_decision
                0x080037a4      0x1bc CMakeFiles/mystm32.elf.dir/User/Src/bsp_stepper_T_speed.c.obj
                0x080037a4                speed_decision
 .text.Stepper_GPIO_Config
                0x08003960       0x8c CMakeFiles/mystm32.elf.dir/User/Src/bsp_stepper_init.c.obj
 .text.TIMx_NVIC_Configuration
                0x080039ec       0x14 CMakeFiles/mystm32.elf.dir/User/Src/bsp_stepper_init.c.obj
 .text.TIM_PWMOUTPUT_Config
                0x08003a00       0x64 CMakeFiles/mystm32.elf.dir/User/Src/bsp_stepper_init.c.obj
                0x08003a00                TIM_PWMOUTPUT_Config
 .text.stepper_Init
                0x08003a64       0x10 CMakeFiles/mystm32.elf.dir/User/Src/bsp_stepper_init.c.obj
                0x08003a64                stepper_Init
 .text.TIM8_CC_IRQHandler
                0x08003a74        0x8 CMakeFiles/mystm32.elf.dir/User/Src/bsp_stepper_init.c.obj
                0x08003a74                TIM8_CC_IRQHandler
 .text.ShowHelp
                0x08003a7c       0x74 CMakeFiles/mystm32.elf.dir/User/Src/bsp_stepper_usart_ctl.c.obj
                0x08003a7c                ShowHelp
 .text.ShowData
                0x08003af0       0xb8 CMakeFiles/mystm32.elf.dir/User/Src/bsp_stepper_usart_ctl.c.obj
                0x08003af0                ShowData
 .text.MSD_demo_run
                0x08003ba8       0x98 CMakeFiles/mystm32.elf.dir/User/Src/bsp_stepper_usart_ctl.c.obj
                0x08003ba8                MSD_demo_run
 .text.DealSerialData
                0x08003c40      0x2c0 CMakeFiles/mystm32.elf.dir/User/Src/bsp_stepper_usart_ctl.c.obj
                0x08003c40                DealSerialData
 .text.Reset_Handler
                0x08003f00       0x50 CMakeFiles/mystm32.elf.dir/startup/startup_stm32f407xx.s.obj
                0x08003f00                Reset_Handler
 .text.Default_Handler
                0x08003f50        0x2 CMakeFiles/mystm32.elf.dir/startup/startup_stm32f407xx.s.obj
                0x08003f50                RTC_Alarm_IRQHandler
                0x08003f50                HASH_RNG_IRQHandler
                0x08003f50                EXTI2_IRQHandler
                0x08003f50                TIM1_CC_IRQHandler
                0x08003f50                DMA2_Stream5_IRQHandler
                0x08003f50                DMA1_Stream5_IRQHandler
                0x08003f50                PVD_IRQHandler
                0x08003f50                SDIO_IRQHandler
                0x08003f50                TAMP_STAMP_IRQHandler
                0x08003f50                CAN2_RX1_IRQHandler
                0x08003f50                EXTI3_IRQHandler
                0x08003f50                TIM8_TRG_COM_TIM14_IRQHandler
                0x08003f50                TIM8_UP_TIM13_IRQHandler
                0x08003f50                I2C3_ER_IRQHandler
                0x08003f50                EXTI0_IRQHandler
                0x08003f50                I2C2_EV_IRQHandler
                0x08003f50                DMA1_Stream2_IRQHandler
                0x08003f50                CAN1_RX0_IRQHandler
                0x08003f50                FPU_IRQHandler
                0x08003f50                OTG_HS_WKUP_IRQHandler
                0x08003f50                CAN2_SCE_IRQHandler
                0x08003f50                DMA2_Stream2_IRQHandler
                0x08003f50                SPI1_IRQHandler
                0x08003f50                TIM6_DAC_IRQHandler
                0x08003f50                TIM1_BRK_TIM9_IRQHandler
                0x08003f50                DCMI_IRQHandler
                0x08003f50                CAN2_RX0_IRQHandler
                0x08003f50                DMA2_Stream3_IRQHandler
                0x08003f50                USART6_IRQHandler
                0x08003f50                USART3_IRQHandler
                0x08003f50                CAN1_RX1_IRQHandler
                0x08003f50                UART5_IRQHandler
                0x08003f50                DMA2_Stream0_IRQHandler
                0x08003f50                TIM4_IRQHandler
                0x08003f50                I2C1_EV_IRQHandler
                0x08003f50                DMA1_Stream6_IRQHandler
                0x08003f50                DMA1_Stream1_IRQHandler
                0x08003f50                UART4_IRQHandler
                0x08003f50                TIM3_IRQHandler
                0x08003f50                RCC_IRQHandler
                0x08003f50                TIM8_BRK_TIM12_IRQHandler
                0x08003f50                Default_Handler
                0x08003f50                EXTI15_10_IRQHandler
                0x08003f50                ADC_IRQHandler
                0x08003f50                DMA1_Stream7_IRQHandler
                0x08003f50                TIM7_IRQHandler
                0x08003f50                CAN2_TX_IRQHandler
                0x08003f50                TIM5_IRQHandler
                0x08003f50                DMA2_Stream7_IRQHandler
                0x08003f50                I2C3_EV_IRQHandler
                0x08003f50                EXTI9_5_IRQHandler
                0x08003f50                RTC_WKUP_IRQHandler
                0x08003f50                ETH_WKUP_IRQHandler
                0x08003f50                SPI2_IRQHandler
                0x08003f50                OTG_HS_EP1_IN_IRQHandler
                0x08003f50                DMA1_Stream0_IRQHandler
                0x08003f50                CAN1_TX_IRQHandler
                0x08003f50                EXTI4_IRQHandler
                0x08003f50                FSMC_IRQHandler
                0x08003f50                ETH_IRQHandler
                0x08003f50                OTG_HS_EP1_OUT_IRQHandler
                0x08003f50                WWDG_IRQHandler
                0x08003f50                TIM2_IRQHandler
                0x08003f50                OTG_FS_WKUP_IRQHandler
                0x08003f50                TIM1_TRG_COM_TIM11_IRQHandler
                0x08003f50                OTG_HS_IRQHandler
                0x08003f50                EXTI1_IRQHandler
                0x08003f50                USART2_IRQHandler
                0x08003f50                I2C2_ER_IRQHandler
                0x08003f50                DMA2_Stream1_IRQHandler
                0x08003f50                CAN1_SCE_IRQHandler
                0x08003f50                FLASH_IRQHandler
                0x08003f50                DMA2_Stream4_IRQHandler
                0x08003f50                OTG_FS_IRQHandler
                0x08003f50                SPI3_IRQHandler
                0x08003f50                DMA1_Stream4_IRQHandler
                0x08003f50                I2C1_ER_IRQHandler
                0x08003f50                DMA2_Stream6_IRQHandler
                0x08003f50                DMA1_Stream3_IRQHandler
 *fill*         0x08003f52        0x2 
 .text.atoi     0x08003f54        0x8 e:/program files/gcc-arm-none-eabi-10.3-2021.10/bin/../lib/gcc/arm-none-eabi/10.3.1/../../../../arm-none-eabi/lib/thumb/v7e-m/nofp\libc.a(lib_a-atoi.o)
                0x08003f54                atoi
 .text.__errno  0x08003f5c        0xc e:/program files/gcc-arm-none-eabi-10.3-2021.10/bin/../lib/gcc/arm-none-eabi/10.3.1/../../../../arm-none-eabi/lib/thumb/v7e-m/nofp\libc.a(lib_a-errno.o)
                0x08003f5c                __errno
 .text.__libc_init_array
                0x08003f68       0x48 e:/program files/gcc-arm-none-eabi-10.3-2021.10/bin/../lib/gcc/arm-none-eabi/10.3.1/../../../../arm-none-eabi/lib/thumb/v7e-m/nofp\libc.a(lib_a-init.o)
                0x08003f68                __libc_init_array
 .text.memset   0x08003fb0       0xa4 e:/program files/gcc-arm-none-eabi-10.3-2021.10/bin/../lib/gcc/arm-none-eabi/10.3.1/../../../../arm-none-eabi/lib/thumb/v7e-m/nofp\libc.a(lib_a-memset.o)
                0x08003fb0                memset
 .text.printf   0x08004054       0x28 e:/program files/gcc-arm-none-eabi-10.3-2021.10/bin/../lib/gcc/arm-none-eabi/10.3.1/../../../../arm-none-eabi/lib/thumb/v7e-m/nofp\libc.a(lib_a-printf.o)
                0x08004054                printf
 .text._puts_r  0x0800407c       0x9c e:/program files/gcc-arm-none-eabi-10.3-2021.10/bin/../lib/gcc/arm-none-eabi/10.3.1/../../../../arm-none-eabi/lib/thumb/v7e-m/nofp\libc.a(lib_a-puts.o)
                0x0800407c                _puts_r
 .text.puts     0x08004118       0x10 e:/program files/gcc-arm-none-eabi-10.3-2021.10/bin/../lib/gcc/arm-none-eabi/10.3.1/../../../../arm-none-eabi/lib/thumb/v7e-m/nofp\libc.a(lib_a-puts.o)
                0x08004118                puts
 .text.setvbuf  0x08004128      0x1b0 e:/program files/gcc-arm-none-eabi-10.3-2021.10/bin/../lib/gcc/arm-none-eabi/10.3.1/../../../../arm-none-eabi/lib/thumb/v7e-m/nofp\libc.a(lib_a-setvbuf.o)
                0x08004128                setvbuf
 .text._strtol_l.part.0
                0x080042d8      0x120 e:/program files/gcc-arm-none-eabi-10.3-2021.10/bin/../lib/gcc/arm-none-eabi/10.3.1/../../../../arm-none-eabi/lib/thumb/v7e-m/nofp\libc.a(lib_a-strtol.o)
 .text.strtol   0x080043f8       0x2c e:/program files/gcc-arm-none-eabi-10.3-2021.10/bin/../lib/gcc/arm-none-eabi/10.3.1/../../../../arm-none-eabi/lib/thumb/v7e-m/nofp\libc.a(lib_a-strtol.o)
                0x080043f8                strtol
 .text._vfprintf_r
                0x08004424     0x1ad4 e:/program files/gcc-arm-none-eabi-10.3-2021.10/bin/../lib/gcc/arm-none-eabi/10.3.1/../../../../arm-none-eabi/lib/thumb/v7e-m/nofp\libc.a(lib_a-vfprintf.o)
                0x08004424                _vfprintf_r
 .text.__sbprintf
                0x08005ef8       0x80 e:/program files/gcc-arm-none-eabi-10.3-2021.10/bin/../lib/gcc/arm-none-eabi/10.3.1/../../../../arm-none-eabi/lib/thumb/v7e-m/nofp\libc.a(lib_a-vfprintf.o)
 .text.__swsetup_r
                0x08005f78       0xd4 e:/program files/gcc-arm-none-eabi-10.3-2021.10/bin/../lib/gcc/arm-none-eabi/10.3.1/../../../../arm-none-eabi/lib/thumb/v7e-m/nofp\libc.a(lib_a-wsetup.o)
                0x08005f78                __swsetup_r
 .text.startup.register_fini
                0x0800604c       0x14 e:/program files/gcc-arm-none-eabi-10.3-2021.10/bin/../lib/gcc/arm-none-eabi/10.3.1/../../../../arm-none-eabi/lib/thumb/v7e-m/nofp\libc.a(lib_a-__call_atexit.o)
 .text.atexit   0x08006060        0xc e:/program files/gcc-arm-none-eabi-10.3-2021.10/bin/../lib/gcc/arm-none-eabi/10.3.1/../../../../arm-none-eabi/lib/thumb/v7e-m/nofp\libc.a(lib_a-atexit.o)
                0x08006060                atexit
 .text.quorem   0x0800606c      0x124 e:/program files/gcc-arm-none-eabi-10.3-2021.10/bin/../lib/gcc/arm-none-eabi/10.3.1/../../../../arm-none-eabi/lib/thumb/v7e-m/nofp\libc.a(lib_a-dtoa.o)
 .text._dtoa_r  0x08006190      0xec4 e:/program files/gcc-arm-none-eabi-10.3-2021.10/bin/../lib/gcc/arm-none-eabi/10.3.1/../../../../arm-none-eabi/lib/thumb/v7e-m/nofp\libc.a(lib_a-dtoa.o)
                0x08006190                _dtoa_r
 .text.__sflush_r
                0x08007054      0x120 e:/program files/gcc-arm-none-eabi-10.3-2021.10/bin/../lib/gcc/arm-none-eabi/10.3.1/../../../../arm-none-eabi/lib/thumb/v7e-m/nofp\libc.a(lib_a-fflush.o)
                0x08007054                __sflush_r
 .text._fflush_r
                0x08007174       0x5c e:/program files/gcc-arm-none-eabi-10.3-2021.10/bin/../lib/gcc/arm-none-eabi/10.3.1/../../../../arm-none-eabi/lib/thumb/v7e-m/nofp\libc.a(lib_a-fflush.o)
                0x08007174                _fflush_r
 .text._cleanup_r
                0x080071d0        0xc e:/program files/gcc-arm-none-eabi-10.3-2021.10/bin/../lib/gcc/arm-none-eabi/10.3.1/../../../../arm-none-eabi/lib/thumb/v7e-m/nofp\libc.a(lib_a-findfp.o)
                0x080071d0                _cleanup_r
 .text.__sinit  0x080071dc      0x10c e:/program files/gcc-arm-none-eabi-10.3-2021.10/bin/../lib/gcc/arm-none-eabi/10.3.1/../../../../arm-none-eabi/lib/thumb/v7e-m/nofp\libc.a(lib_a-findfp.o)
                0x080071dc                __sinit
 .text.__sfp_lock_acquire
                0x080072e8        0xc e:/program files/gcc-arm-none-eabi-10.3-2021.10/bin/../lib/gcc/arm-none-eabi/10.3.1/../../../../arm-none-eabi/lib/thumb/v7e-m/nofp\libc.a(lib_a-findfp.o)
                0x080072e8                __sfp_lock_acquire
 .text.__sfp_lock_release
                0x080072f4        0xc e:/program files/gcc-arm-none-eabi-10.3-2021.10/bin/../lib/gcc/arm-none-eabi/10.3.1/../../../../arm-none-eabi/lib/thumb/v7e-m/nofp\libc.a(lib_a-findfp.o)
                0x080072f4                __sfp_lock_release
 .text.__libc_fini_array
                0x08007300       0x2c e:/program files/gcc-arm-none-eabi-10.3-2021.10/bin/../lib/gcc/arm-none-eabi/10.3.1/../../../../arm-none-eabi/lib/thumb/v7e-m/nofp\libc.a(lib_a-fini.o)
                0x08007300                __libc_fini_array
 .text._malloc_trim_r
                0x0800732c       0xa0 e:/program files/gcc-arm-none-eabi-10.3-2021.10/bin/../lib/gcc/arm-none-eabi/10.3.1/../../../../arm-none-eabi/lib/thumb/v7e-m/nofp\libc.a(lib_a-freer.o)
                0x0800732c                _malloc_trim_r
 .text._free_r  0x080073cc      0x20c e:/program files/gcc-arm-none-eabi-10.3-2021.10/bin/../lib/gcc/arm-none-eabi/10.3.1/../../../../arm-none-eabi/lib/thumb/v7e-m/nofp\libc.a(lib_a-freer.o)
                0x080073cc                _free_r
 .text.__sfvwrite_r
                0x080075d8      0x2e8 e:/program files/gcc-arm-none-eabi-10.3-2021.10/bin/../lib/gcc/arm-none-eabi/10.3.1/../../../../arm-none-eabi/lib/thumb/v7e-m/nofp\libc.a(lib_a-fvwrite.o)
                0x080075d8                __sfvwrite_r
 .text._fwalk_reent
                0x080078c0       0x48 e:/program files/gcc-arm-none-eabi-10.3-2021.10/bin/../lib/gcc/arm-none-eabi/10.3.1/../../../../arm-none-eabi/lib/thumb/v7e-m/nofp\libc.a(lib_a-fwalk.o)
                0x080078c0                _fwalk_reent
 .text._localeconv_r
                0x08007908        0x8 e:/program files/gcc-arm-none-eabi-10.3-2021.10/bin/../lib/gcc/arm-none-eabi/10.3.1/../../../../arm-none-eabi/lib/thumb/v7e-m/nofp\libc.a(lib_a-localeconv.o)
                0x08007908                _localeconv_r
 .text.__retarget_lock_init_recursive
                0x08007910        0x4 e:/program files/gcc-arm-none-eabi-10.3-2021.10/bin/../lib/gcc/arm-none-eabi/10.3.1/../../../../arm-none-eabi/lib/thumb/v7e-m/nofp\libc.a(lib_a-lock.o)
                0x08007910                __retarget_lock_init_recursive
 .text.__retarget_lock_close_recursive
                0x08007914        0x4 e:/program files/gcc-arm-none-eabi-10.3-2021.10/bin/../lib/gcc/arm-none-eabi/10.3.1/../../../../arm-none-eabi/lib/thumb/v7e-m/nofp\libc.a(lib_a-lock.o)
                0x08007914                __retarget_lock_close_recursive
 .text.__retarget_lock_acquire_recursive
                0x08007918        0x4 e:/program files/gcc-arm-none-eabi-10.3-2021.10/bin/../lib/gcc/arm-none-eabi/10.3.1/../../../../arm-none-eabi/lib/thumb/v7e-m/nofp\libc.a(lib_a-lock.o)
                0x08007918                __retarget_lock_acquire_recursive
 .text.__retarget_lock_release_recursive
                0x0800791c        0x4 e:/program files/gcc-arm-none-eabi-10.3-2021.10/bin/../lib/gcc/arm-none-eabi/10.3.1/../../../../arm-none-eabi/lib/thumb/v7e-m/nofp\libc.a(lib_a-lock.o)
                0x0800791c                __retarget_lock_release_recursive
 .text.__smakebuf_r
                0x08007920       0xe0 e:/program files/gcc-arm-none-eabi-10.3-2021.10/bin/../lib/gcc/arm-none-eabi/10.3.1/../../../../arm-none-eabi/lib/thumb/v7e-m/nofp\libc.a(lib_a-makebuf.o)
                0x08007920                __smakebuf_r
 .text.__swhatbuf_r
                0x08007a00       0x60 e:/program files/gcc-arm-none-eabi-10.3-2021.10/bin/../lib/gcc/arm-none-eabi/10.3.1/../../../../arm-none-eabi/lib/thumb/v7e-m/nofp\libc.a(lib_a-makebuf.o)
                0x08007a00                __swhatbuf_r
 .text.malloc   0x08007a60       0x10 e:/program files/gcc-arm-none-eabi-10.3-2021.10/bin/../lib/gcc/arm-none-eabi/10.3.1/../../../../arm-none-eabi/lib/thumb/v7e-m/nofp\libc.a(lib_a-malloc.o)
                0x08007a60                malloc
 .text._malloc_r
                0x08007a70      0x560 e:/program files/gcc-arm-none-eabi-10.3-2021.10/bin/../lib/gcc/arm-none-eabi/10.3.1/../../../../arm-none-eabi/lib/thumb/v7e-m/nofp\libc.a(lib_a-mallocr.o)
                0x08007a70                _malloc_r
 .text.memmove  0x08007fd0       0xf8 e:/program files/gcc-arm-none-eabi-10.3-2021.10/bin/../lib/gcc/arm-none-eabi/10.3.1/../../../../arm-none-eabi/lib/thumb/v7e-m/nofp\libc.a(lib_a-memmove.o)
                0x08007fd0                memmove
 .text.__malloc_lock
                0x080080c8        0xc e:/program files/gcc-arm-none-eabi-10.3-2021.10/bin/../lib/gcc/arm-none-eabi/10.3.1/../../../../arm-none-eabi/lib/thumb/v7e-m/nofp\libc.a(lib_a-mlock.o)
                0x080080c8                __malloc_lock
 .text.__malloc_unlock
                0x080080d4        0xc e:/program files/gcc-arm-none-eabi-10.3-2021.10/bin/../lib/gcc/arm-none-eabi/10.3.1/../../../../arm-none-eabi/lib/thumb/v7e-m/nofp\libc.a(lib_a-mlock.o)
                0x080080d4                __malloc_unlock
 .text._Balloc  0x080080e0       0x4c e:/program files/gcc-arm-none-eabi-10.3-2021.10/bin/../lib/gcc/arm-none-eabi/10.3.1/../../../../arm-none-eabi/lib/thumb/v7e-m/nofp\libc.a(lib_a-mprec.o)
                0x080080e0                _Balloc
 .text._Bfree   0x0800812c       0x14 e:/program files/gcc-arm-none-eabi-10.3-2021.10/bin/../lib/gcc/arm-none-eabi/10.3.1/../../../../arm-none-eabi/lib/thumb/v7e-m/nofp\libc.a(lib_a-mprec.o)
                0x0800812c                _Bfree
 .text.__multadd
                0x08008140       0xa0 e:/program files/gcc-arm-none-eabi-10.3-2021.10/bin/../lib/gcc/arm-none-eabi/10.3.1/../../../../arm-none-eabi/lib/thumb/v7e-m/nofp\libc.a(lib_a-mprec.o)
                0x08008140                __multadd
 .text.__hi0bits
                0x080081e0       0x40 e:/program files/gcc-arm-none-eabi-10.3-2021.10/bin/../lib/gcc/arm-none-eabi/10.3.1/../../../../arm-none-eabi/lib/thumb/v7e-m/nofp\libc.a(lib_a-mprec.o)
                0x080081e0                __hi0bits
 .text.__lo0bits
                0x08008220       0x5c e:/program files/gcc-arm-none-eabi-10.3-2021.10/bin/../lib/gcc/arm-none-eabi/10.3.1/../../../../arm-none-eabi/lib/thumb/v7e-m/nofp\libc.a(lib_a-mprec.o)
                0x08008220                __lo0bits
 .text.__i2b    0x0800827c       0x5c e:/program files/gcc-arm-none-eabi-10.3-2021.10/bin/../lib/gcc/arm-none-eabi/10.3.1/../../../../arm-none-eabi/lib/thumb/v7e-m/nofp\libc.a(lib_a-mprec.o)
                0x0800827c                __i2b
 .text.__multiply
                0x080082d8      0x15c e:/program files/gcc-arm-none-eabi-10.3-2021.10/bin/../lib/gcc/arm-none-eabi/10.3.1/../../../../arm-none-eabi/lib/thumb/v7e-m/nofp\libc.a(lib_a-mprec.o)
                0x080082d8                __multiply
 .text.__pow5mult
                0x08008434       0xc0 e:/program files/gcc-arm-none-eabi-10.3-2021.10/bin/../lib/gcc/arm-none-eabi/10.3.1/../../../../arm-none-eabi/lib/thumb/v7e-m/nofp\libc.a(lib_a-mprec.o)
                0x08008434                __pow5mult
 .text.__lshift
                0x080084f4       0xf0 e:/program files/gcc-arm-none-eabi-10.3-2021.10/bin/../lib/gcc/arm-none-eabi/10.3.1/../../../../arm-none-eabi/lib/thumb/v7e-m/nofp\libc.a(lib_a-mprec.o)
                0x080084f4                __lshift
 .text.__mcmp   0x080085e4       0x40 e:/program files/gcc-arm-none-eabi-10.3-2021.10/bin/../lib/gcc/arm-none-eabi/10.3.1/../../../../arm-none-eabi/lib/thumb/v7e-m/nofp\libc.a(lib_a-mprec.o)
                0x080085e4                __mcmp
 .text.__mdiff  0x08008624      0x14c e:/program files/gcc-arm-none-eabi-10.3-2021.10/bin/../lib/gcc/arm-none-eabi/10.3.1/../../../../arm-none-eabi/lib/thumb/v7e-m/nofp\libc.a(lib_a-mprec.o)
                0x08008624                __mdiff
 .text.__d2b    0x08008770       0xc4 e:/program files/gcc-arm-none-eabi-10.3-2021.10/bin/../lib/gcc/arm-none-eabi/10.3.1/../../../../arm-none-eabi/lib/thumb/v7e-m/nofp\libc.a(lib_a-mprec.o)
                0x08008770                __d2b
 .text._realloc_r
                0x08008834      0x3d8 e:/program files/gcc-arm-none-eabi-10.3-2021.10/bin/../lib/gcc/arm-none-eabi/10.3.1/../../../../arm-none-eabi/lib/thumb/v7e-m/nofp\libc.a(lib_a-reallocr.o)
                0x08008834                _realloc_r
 .text.frexp    0x08008c0c       0x70 e:/program files/gcc-arm-none-eabi-10.3-2021.10/bin/../lib/gcc/arm-none-eabi/10.3.1/../../../../arm-none-eabi/lib/thumb/v7e-m/nofp\libc.a(lib_a-s_frexp.o)
                0x08008c0c                frexp
 .text._sbrk_r  0x08008c7c       0x24 e:/program files/gcc-arm-none-eabi-10.3-2021.10/bin/../lib/gcc/arm-none-eabi/10.3.1/../../../../arm-none-eabi/lib/thumb/v7e-m/nofp\libc.a(lib_a-sbrkr.o)
                0x08008c7c                _sbrk_r
 .text.__sread  0x08008ca0       0x24 e:/program files/gcc-arm-none-eabi-10.3-2021.10/bin/../lib/gcc/arm-none-eabi/10.3.1/../../../../arm-none-eabi/lib/thumb/v7e-m/nofp\libc.a(lib_a-stdio.o)
                0x08008ca0                __sread
 .text.__swrite
                0x08008cc4       0x40 e:/program files/gcc-arm-none-eabi-10.3-2021.10/bin/../lib/gcc/arm-none-eabi/10.3.1/../../../../arm-none-eabi/lib/thumb/v7e-m/nofp\libc.a(lib_a-stdio.o)
                0x08008cc4                __swrite
 .text.__sseek  0x08008d04       0x20 e:/program files/gcc-arm-none-eabi-10.3-2021.10/bin/../lib/gcc/arm-none-eabi/10.3.1/../../../../arm-none-eabi/lib/thumb/v7e-m/nofp\libc.a(lib_a-stdio.o)
                0x08008d04                __sseek
 .text.__sclose
                0x08008d24        0x8 e:/program files/gcc-arm-none-eabi-10.3-2021.10/bin/../lib/gcc/arm-none-eabi/10.3.1/../../../../arm-none-eabi/lib/thumb/v7e-m/nofp\libc.a(lib_a-stdio.o)
                0x08008d24                __sclose
 .text.strncpy  0x08008d2c       0x64 e:/program files/gcc-arm-none-eabi-10.3-2021.10/bin/../lib/gcc/arm-none-eabi/10.3.1/../../../../arm-none-eabi/lib/thumb/v7e-m/nofp\libc.a(lib_a-strncpy.o)
                0x08008d2c                strncpy
 .text.__sprint_r.part.0
                0x08008d90       0x78 e:/program files/gcc-arm-none-eabi-10.3-2021.10/bin/../lib/gcc/arm-none-eabi/10.3.1/../../../../arm-none-eabi/lib/thumb/v7e-m/nofp\libc.a(lib_a-vfiprintf.o)
 .text.__sprint_r
                0x08008e08       0x14 e:/program files/gcc-arm-none-eabi-10.3-2021.10/bin/../lib/gcc/arm-none-eabi/10.3.1/../../../../arm-none-eabi/lib/thumb/v7e-m/nofp\libc.a(lib_a-vfiprintf.o)
                0x08008e08                __sprint_r
 .text._vfiprintf_r
                0x08008e1c      0xda0 e:/program files/gcc-arm-none-eabi-10.3-2021.10/bin/../lib/gcc/arm-none-eabi/10.3.1/../../../../arm-none-eabi/lib/thumb/v7e-m/nofp\libc.a(lib_a-vfiprintf.o)
                0x08008e1c                _vfiprintf_r
 .text.__sbprintf
                0x08009bbc       0x80 e:/program files/gcc-arm-none-eabi-10.3-2021.10/bin/../lib/gcc/arm-none-eabi/10.3.1/../../../../arm-none-eabi/lib/thumb/v7e-m/nofp\libc.a(lib_a-vfiprintf.o)
 .text._write_r
                0x08009c3c       0x2c e:/program files/gcc-arm-none-eabi-10.3-2021.10/bin/../lib/gcc/arm-none-eabi/10.3.1/../../../../arm-none-eabi/lib/thumb/v7e-m/nofp\libc.a(lib_a-writer.o)
                0x08009c3c                _write_r
 .text.__register_exitproc
                0x08009c68       0x8c e:/program files/gcc-arm-none-eabi-10.3-2021.10/bin/../lib/gcc/arm-none-eabi/10.3.1/../../../../arm-none-eabi/lib/thumb/v7e-m/nofp\libc.a(lib_a-__atexit.o)
                0x08009c68                __register_exitproc
 .text.__assert_func
                0x08009cf4       0x40 e:/program files/gcc-arm-none-eabi-10.3-2021.10/bin/../lib/gcc/arm-none-eabi/10.3.1/../../../../arm-none-eabi/lib/thumb/v7e-m/nofp\libc.a(lib_a-assert.o)
                0x08009cf4                __assert_func
 .text._calloc_r
                0x08009d34       0x78 e:/program files/gcc-arm-none-eabi-10.3-2021.10/bin/../lib/gcc/arm-none-eabi/10.3.1/../../../../arm-none-eabi/lib/thumb/v7e-m/nofp\libc.a(lib_a-callocr.o)
                0x08009d34                _calloc_r
 .text._close_r
                0x08009dac       0x24 e:/program files/gcc-arm-none-eabi-10.3-2021.10/bin/../lib/gcc/arm-none-eabi/10.3.1/../../../../arm-none-eabi/lib/thumb/v7e-m/nofp\libc.a(lib_a-closer.o)
                0x08009dac                _close_r
 .text._fclose_r
                0x08009dd0       0xcc e:/program files/gcc-arm-none-eabi-10.3-2021.10/bin/../lib/gcc/arm-none-eabi/10.3.1/../../../../arm-none-eabi/lib/thumb/v7e-m/nofp\libc.a(lib_a-fclose.o)
                0x08009dd0                _fclose_r
 .text.fiprintf
                0x08009e9c       0x28 e:/program files/gcc-arm-none-eabi-10.3-2021.10/bin/../lib/gcc/arm-none-eabi/10.3.1/../../../../arm-none-eabi/lib/thumb/v7e-m/nofp\libc.a(lib_a-fiprintf.o)
                0x08009e9c                fiprintf
 .text.__fputwc
                0x08009ec4       0xa8 e:/program files/gcc-arm-none-eabi-10.3-2021.10/bin/../lib/gcc/arm-none-eabi/10.3.1/../../../../arm-none-eabi/lib/thumb/v7e-m/nofp\libc.a(lib_a-fputwc.o)
                0x08009ec4                __fputwc
 .text._fputwc_r
                0x08009f6c       0x68 e:/program files/gcc-arm-none-eabi-10.3-2021.10/bin/../lib/gcc/arm-none-eabi/10.3.1/../../../../arm-none-eabi/lib/thumb/v7e-m/nofp\libc.a(lib_a-fputwc.o)
                0x08009f6c                _fputwc_r
 .text._fstat_r
                0x08009fd4       0x2c e:/program files/gcc-arm-none-eabi-10.3-2021.10/bin/../lib/gcc/arm-none-eabi/10.3.1/../../../../arm-none-eabi/lib/thumb/v7e-m/nofp\libc.a(lib_a-fstatr.o)
                0x08009fd4                _fstat_r
 .text._isatty_r
                0x0800a000       0x24 e:/program files/gcc-arm-none-eabi-10.3-2021.10/bin/../lib/gcc/arm-none-eabi/10.3.1/../../../../arm-none-eabi/lib/thumb/v7e-m/nofp\libc.a(lib_a-isattyr.o)
                0x0800a000                _isatty_r
 .text.__locale_mb_cur_max
                0x0800a024        0xc e:/program files/gcc-arm-none-eabi-10.3-2021.10/bin/../lib/gcc/arm-none-eabi/10.3.1/../../../../arm-none-eabi/lib/thumb/v7e-m/nofp\libc.a(lib_a-locale.o)
                0x0800a024                __locale_mb_cur_max
 .text._lseek_r
                0x0800a030       0x2c e:/program files/gcc-arm-none-eabi-10.3-2021.10/bin/../lib/gcc/arm-none-eabi/10.3.1/../../../../arm-none-eabi/lib/thumb/v7e-m/nofp\libc.a(lib_a-lseekr.o)
                0x0800a030                _lseek_r
 .text.__ascii_mbtowc
                0x0800a05c       0x2c e:/program files/gcc-arm-none-eabi-10.3-2021.10/bin/../lib/gcc/arm-none-eabi/10.3.1/../../../../arm-none-eabi/lib/thumb/v7e-m/nofp\libc.a(lib_a-mbtowc_r.o)
                0x0800a05c                __ascii_mbtowc
 .text._read_r  0x0800a088       0x2c e:/program files/gcc-arm-none-eabi-10.3-2021.10/bin/../lib/gcc/arm-none-eabi/10.3.1/../../../../arm-none-eabi/lib/thumb/v7e-m/nofp\libc.a(lib_a-readr.o)
                0x0800a088                _read_r
 .text.__swbuf_r
                0x0800a0b4       0xb0 e:/program files/gcc-arm-none-eabi-10.3-2021.10/bin/../lib/gcc/arm-none-eabi/10.3.1/../../../../arm-none-eabi/lib/thumb/v7e-m/nofp\libc.a(lib_a-wbuf.o)
                0x0800a0b4                __swbuf_r
 .text._wcrtomb_r
                0x0800a164       0x3c e:/program files/gcc-arm-none-eabi-10.3-2021.10/bin/../lib/gcc/arm-none-eabi/10.3.1/../../../../arm-none-eabi/lib/thumb/v7e-m/nofp\libc.a(lib_a-wcrtomb.o)
                0x0800a164                _wcrtomb_r
 .text.__ascii_wctomb
                0x0800a1a0       0x1c e:/program files/gcc-arm-none-eabi-10.3-2021.10/bin/../lib/gcc/arm-none-eabi/10.3.1/../../../../arm-none-eabi/lib/thumb/v7e-m/nofp\libc.a(lib_a-wctomb_r.o)
                0x0800a1a0                __ascii_wctomb
 .text.abort    0x0800a1bc       0x10 e:/program files/gcc-arm-none-eabi-10.3-2021.10/bin/../lib/gcc/arm-none-eabi/10.3.1/../../../../arm-none-eabi/lib/thumb/v7e-m/nofp\libc.a(lib_a-abort.o)
                0x0800a1bc                abort
 .text.raise    0x0800a1cc       0x5c e:/program files/gcc-arm-none-eabi-10.3-2021.10/bin/../lib/gcc/arm-none-eabi/10.3.1/../../../../arm-none-eabi/lib/thumb/v7e-m/nofp\libc.a(lib_a-signal.o)
                0x0800a1cc                raise
 .text._kill_r  0x0800a228       0x2c e:/program files/gcc-arm-none-eabi-10.3-2021.10/bin/../lib/gcc/arm-none-eabi/10.3.1/../../../../arm-none-eabi/lib/thumb/v7e-m/nofp\libc.a(lib_a-signalr.o)
                0x0800a228                _kill_r
 .text._getpid_r
                0x0800a254        0x4 e:/program files/gcc-arm-none-eabi-10.3-2021.10/bin/../lib/gcc/arm-none-eabi/10.3.1/../../../../arm-none-eabi/lib/thumb/v7e-m/nofp\libc.a(lib_a-signalr.o)
                0x0800a254                _getpid_r
 .text.sqrt     0x0800a258       0x50 e:/program files/gcc-arm-none-eabi-10.3-2021.10/bin/../lib/gcc/arm-none-eabi/10.3.1/../../../../arm-none-eabi/lib/thumb/v7e-m/nofp\libm.a(lib_a-w_sqrt.o)
                0x0800a258                sqrt
 .text.__ieee754_sqrt
                0x0800a2a8      0x18c e:/program files/gcc-arm-none-eabi-10.3-2021.10/bin/../lib/gcc/arm-none-eabi/10.3.1/../../../../arm-none-eabi/lib/thumb/v7e-m/nofp\libm.a(lib_a-e_sqrt.o)
                0x0800a2a8                __ieee754_sqrt
 *(.glue_7)
 .glue_7        0x0800a434        0x0 linker stubs
 *(.glue_7t)
 .glue_7t       0x0800a434        0x0 linker stubs
 *(.eh_frame)
 .eh_frame      0x0800a434        0x0 e:/program files/gcc-arm-none-eabi-10.3-2021.10/bin/../lib/gcc/arm-none-eabi/10.3.1/thumb/v7e-m/nofp/crtbegin.o
 *(.init)
 .init          0x0800a434        0x4 e:/program files/gcc-arm-none-eabi-10.3-2021.10/bin/../lib/gcc/arm-none-eabi/10.3.1/thumb/v7e-m/nofp/crti.o
                0x0800a434                _init
 .init          0x0800a438        0x8 e:/program files/gcc-arm-none-eabi-10.3-2021.10/bin/../lib/gcc/arm-none-eabi/10.3.1/thumb/v7e-m/nofp/crtn.o
 *(.fini)
 .fini          0x0800a440        0x4 e:/program files/gcc-arm-none-eabi-10.3-2021.10/bin/../lib/gcc/arm-none-eabi/10.3.1/thumb/v7e-m/nofp/crti.o
                0x0800a440                _fini
 .fini          0x0800a444        0x8 e:/program files/gcc-arm-none-eabi-10.3-2021.10/bin/../lib/gcc/arm-none-eabi/10.3.1/thumb/v7e-m/nofp/crtn.o
                0x0800a44c                . = ALIGN (0x4)
                0x0800a44c                _etext = .

.vfp11_veneer   0x0800a44c        0x0
 .vfp11_veneer  0x0800a44c        0x0 linker stubs

.v4_bx          0x0800a44c        0x0
 .v4_bx         0x0800a44c        0x0 linker stubs

.iplt           0x0800a44c        0x0
 .iplt          0x0800a44c        0x0 e:/program files/gcc-arm-none-eabi-10.3-2021.10/bin/../lib/gcc/arm-none-eabi/10.3.1/thumb/v7e-m/nofp/crtbegin.o

.rodata         0x0800a450      0x7f0
                0x0800a450                . = ALIGN (0x4)
 *(.rodata)
 *(.rodata*)
 .rodata.main.str1.4
                0x0800a450       0x3a CMakeFiles/mystm32.elf.dir/Core/Src/main.c.obj
 *fill*         0x0800a48a        0x2 
 .rodata.AHBPrescTable
                0x0800a48c       0x10 CMakeFiles/mystm32.elf.dir/Core/Src/system_stm32f4xx.c.obj
                0x0800a48c                AHBPrescTable
 .rodata.APBPrescTable
                0x0800a49c        0x8 CMakeFiles/mystm32.elf.dir/Core/Src/system_stm32f4xx.c.obj
                0x0800a49c                APBPrescTable
 .rodata.ShowHelp.str1.4
                0x0800a4a4      0x2a6 CMakeFiles/mystm32.elf.dir/User/Src/bsp_stepper_usart_ctl.c.obj
 *fill*         0x0800a74a        0x2 
 .rodata.ShowData.str1.4
                0x0800a74c       0x75 CMakeFiles/mystm32.elf.dir/User/Src/bsp_stepper_usart_ctl.c.obj
 *fill*         0x0800a7c1        0x3 
 .rodata.MSD_demo_run.str1.4
                0x0800a7c4        0xb CMakeFiles/mystm32.elf.dir/User/Src/bsp_stepper_usart_ctl.c.obj
 *fill*         0x0800a7cf        0x1 
 .rodata.DealSerialData.str1.4
                0x0800a7d0       0x6d CMakeFiles/mystm32.elf.dir/User/Src/bsp_stepper_usart_ctl.c.obj
 *fill*         0x0800a83d        0x3 
 .rodata._global_impure_ptr
                0x0800a840        0x4 e:/program files/gcc-arm-none-eabi-10.3-2021.10/bin/../lib/gcc/arm-none-eabi/10.3.1/../../../../arm-none-eabi/lib/thumb/v7e-m/nofp\libc.a(lib_a-impure.o)
                0x0800a840                _global_impure_ptr
 .rodata._puts_r.str1.4
                0x0800a844        0x2 e:/program files/gcc-arm-none-eabi-10.3-2021.10/bin/../lib/gcc/arm-none-eabi/10.3.1/../../../../arm-none-eabi/lib/thumb/v7e-m/nofp\libc.a(lib_a-puts.o)
 *fill*         0x0800a846        0x2 
 .rodata._vfprintf_r.str1.4
                0x0800a848       0x42 e:/program files/gcc-arm-none-eabi-10.3-2021.10/bin/../lib/gcc/arm-none-eabi/10.3.1/../../../../arm-none-eabi/lib/thumb/v7e-m/nofp\libc.a(lib_a-vfprintf.o)
 *fill*         0x0800a88a        0x2 
 .rodata.blanks.1
                0x0800a88c       0x10 e:/program files/gcc-arm-none-eabi-10.3-2021.10/bin/../lib/gcc/arm-none-eabi/10.3.1/../../../../arm-none-eabi/lib/thumb/v7e-m/nofp\libc.a(lib_a-vfprintf.o)
 .rodata.zeroes.0
                0x0800a89c       0x10 e:/program files/gcc-arm-none-eabi-10.3-2021.10/bin/../lib/gcc/arm-none-eabi/10.3.1/../../../../arm-none-eabi/lib/thumb/v7e-m/nofp\libc.a(lib_a-vfprintf.o)
 .rodata._ctype_
                0x0800a8ac      0x101 e:/program files/gcc-arm-none-eabi-10.3-2021.10/bin/../lib/gcc/arm-none-eabi/10.3.1/../../../../arm-none-eabi/lib/thumb/v7e-m/nofp\libc.a(lib_a-ctype_.o)
                0x0800a8ac                _ctype_
 *fill*         0x0800a9ad        0x3 
 .rodata._dtoa_r.str1.4
                0x0800a9b0       0xa2 e:/program files/gcc-arm-none-eabi-10.3-2021.10/bin/../lib/gcc/arm-none-eabi/10.3.1/../../../../arm-none-eabi/lib/thumb/v7e-m/nofp\libc.a(lib_a-dtoa.o)
                                 0xa6 (size before relaxing)
 *fill*         0x0800aa52        0x2 
 .rodata.__multadd.str1.4
                0x0800aa54       0x7f e:/program files/gcc-arm-none-eabi-10.3-2021.10/bin/../lib/gcc/arm-none-eabi/10.3.1/../../../../arm-none-eabi/lib/thumb/v7e-m/nofp\libc.a(lib_a-mprec.o)
                                 0x93 (size before relaxing)
 *fill*         0x0800aad3        0x5 
 .rodata.__mprec_bigtens
                0x0800aad8       0x28 e:/program files/gcc-arm-none-eabi-10.3-2021.10/bin/../lib/gcc/arm-none-eabi/10.3.1/../../../../arm-none-eabi/lib/thumb/v7e-m/nofp\libc.a(lib_a-mprec.o)
                0x0800aad8                __mprec_bigtens
 .rodata.__mprec_tens
                0x0800ab00       0xc8 e:/program files/gcc-arm-none-eabi-10.3-2021.10/bin/../lib/gcc/arm-none-eabi/10.3.1/../../../../arm-none-eabi/lib/thumb/v7e-m/nofp\libc.a(lib_a-mprec.o)
                0x0800ab00                __mprec_tens
 .rodata.p05.0  0x0800abc8        0xc e:/program files/gcc-arm-none-eabi-10.3-2021.10/bin/../lib/gcc/arm-none-eabi/10.3.1/../../../../arm-none-eabi/lib/thumb/v7e-m/nofp\libc.a(lib_a-mprec.o)
 .rodata._vfiprintf_r.str1.4
                0x0800abd4       0x2f e:/program files/gcc-arm-none-eabi-10.3-2021.10/bin/../lib/gcc/arm-none-eabi/10.3.1/../../../../arm-none-eabi/lib/thumb/v7e-m/nofp\libc.a(lib_a-vfiprintf.o)
 .rodata.blanks.1
                0x0800abd4       0x10 e:/program files/gcc-arm-none-eabi-10.3-2021.10/bin/../lib/gcc/arm-none-eabi/10.3.1/../../../../arm-none-eabi/lib/thumb/v7e-m/nofp\libc.a(lib_a-vfiprintf.o)
 .rodata.zeroes.0
                0x0800abe4       0x10 e:/program files/gcc-arm-none-eabi-10.3-2021.10/bin/../lib/gcc/arm-none-eabi/10.3.1/../../../../arm-none-eabi/lib/thumb/v7e-m/nofp\libc.a(lib_a-vfiprintf.o)
 .rodata.__assert_func.str1.4
                0x0800abf4       0x3f e:/program files/gcc-arm-none-eabi-10.3-2021.10/bin/../lib/gcc/arm-none-eabi/10.3.1/../../../../arm-none-eabi/lib/thumb/v7e-m/nofp\libc.a(lib_a-assert.o)
                                 0x43 (size before relaxing)
 *fill*         0x0800ac33        0x1 
 .rodata._setlocale_r.str1.4
                0x0800ac34        0xa e:/program files/gcc-arm-none-eabi-10.3-2021.10/bin/../lib/gcc/arm-none-eabi/10.3.1/../../../../arm-none-eabi/lib/thumb/v7e-m/nofp\libc.a(lib_a-locale.o)
                                  0xd (size before relaxing)
 .rodata.str1.4
                0x0800ac3e        0xa e:/program files/gcc-arm-none-eabi-10.3-2021.10/bin/../lib/gcc/arm-none-eabi/10.3.1/../../../../arm-none-eabi/lib/thumb/v7e-m/nofp\libc.a(lib_a-locale.o)
                                  0x2 (size before relaxing)
                0x0800ac48                . = ALIGN (0x4)
 *fill*         0x0800ac3e        0x2 

.ARM.extab
 *(.ARM.extab* .gnu.linkonce.armextab.*)

.ARM            0x0800ac40        0x8
                0x0800ac40                __exidx_start = .
 *(.ARM.exidx*)
 .ARM.exidx     0x0800ac40        0x8 e:/program files/gcc-arm-none-eabi-10.3-2021.10/bin/../lib/gcc/arm-none-eabi/10.3.1/thumb/v7e-m/nofp\libgcc.a(_udivmoddi4.o)
                0x0800ac48                __exidx_end = .

.rel.dyn        0x0800ac48        0x0
 .rel.iplt      0x0800ac48        0x0 e:/program files/gcc-arm-none-eabi-10.3-2021.10/bin/../lib/gcc/arm-none-eabi/10.3.1/thumb/v7e-m/nofp/crtbegin.o

.preinit_array  0x0800ac48        0x0
                0x0800ac48                PROVIDE (__preinit_array_start = .)
 *(.preinit_array*)
                0x0800ac48                PROVIDE (__preinit_array_end = .)

.init_array     0x0800ac48        0x8
                0x0800ac48                PROVIDE (__init_array_start = .)
 *(SORT_BY_NAME(.init_array.*))
 .init_array.00000
                0x0800ac48        0x4 e:/program files/gcc-arm-none-eabi-10.3-2021.10/bin/../lib/gcc/arm-none-eabi/10.3.1/../../../../arm-none-eabi/lib/thumb/v7e-m/nofp\libc.a(lib_a-__call_atexit.o)
 *(.init_array*)
 .init_array    0x0800ac4c        0x4 e:/program files/gcc-arm-none-eabi-10.3-2021.10/bin/../lib/gcc/arm-none-eabi/10.3.1/thumb/v7e-m/nofp/crtbegin.o
                0x0800ac50                PROVIDE (__init_array_end = .)

.fini_array     0x0800ac50        0x4
                0x0800ac50                PROVIDE (__fini_array_start = .)
 *(SORT_BY_NAME(.fini_array.*))
 *(.fini_array*)
 .fini_array    0x0800ac50        0x4 e:/program files/gcc-arm-none-eabi-10.3-2021.10/bin/../lib/gcc/arm-none-eabi/10.3.1/thumb/v7e-m/nofp/crtbegin.o
                0x0800ac54                PROVIDE (__fini_array_end = .)
                0x0800ac54                _sidata = LOADADDR (.data)

.data           0x20000000      0x9d0 load address 0x0800ac54
                0x20000000                . = ALIGN (0x4)
                0x20000000                _sdata = .
 *(.data)
 *(.data*)
 .data.SystemCoreClock
                0x20000000        0x4 CMakeFiles/mystm32.elf.dir/Core/Src/system_stm32f4xx.c.obj
                0x20000000                SystemCoreClock
 .data.uwTickFreq
                0x20000004        0x1 CMakeFiles/mystm32.elf.dir/Drivers/STM32F4xx_HAL_Driver/Src/stm32f4xx_hal.c.obj
                0x20000004                uwTickFreq
 *fill*         0x20000005        0x3 
 .data.uwTickPrio
                0x20000008        0x4 CMakeFiles/mystm32.elf.dir/Drivers/STM32F4xx_HAL_Driver/Src/stm32f4xx_hal.c.obj
                0x20000008                uwTickPrio
 .data.status   0x2000000c        0x1 CMakeFiles/mystm32.elf.dir/User/Src/bsp_stepper_T_speed.c.obj
                0x2000000c                status
 *fill*         0x2000000d        0x3 
 .data.accel_val.3
                0x20000010        0x4 CMakeFiles/mystm32.elf.dir/User/Src/bsp_stepper_usart_ctl.c.obj
 .data.decel_val.2
                0x20000014        0x4 CMakeFiles/mystm32.elf.dir/User/Src/bsp_stepper_usart_ctl.c.obj
 .data.showflag.4
                0x20000018        0x1 CMakeFiles/mystm32.elf.dir/User/Src/bsp_stepper_usart_ctl.c.obj
 *fill*         0x20000019        0x3 
 .data.speed.1  0x2000001c        0x4 CMakeFiles/mystm32.elf.dir/User/Src/bsp_stepper_usart_ctl.c.obj
 .data.steps.0  0x20000020        0x4 CMakeFiles/mystm32.elf.dir/User/Src/bsp_stepper_usart_ctl.c.obj
 .data._impure_ptr
                0x20000024        0x4 e:/program files/gcc-arm-none-eabi-10.3-2021.10/bin/../lib/gcc/arm-none-eabi/10.3.1/../../../../arm-none-eabi/lib/thumb/v7e-m/nofp\libc.a(lib_a-impure.o)
                0x20000024                _impure_ptr
 .data.impure_data
                0x20000028      0x428 e:/program files/gcc-arm-none-eabi-10.3-2021.10/bin/../lib/gcc/arm-none-eabi/10.3.1/../../../../arm-none-eabi/lib/thumb/v7e-m/nofp\libc.a(lib_a-impure.o)
 .data.__atexit_recursive_mutex
                0x20000450        0x4 e:/program files/gcc-arm-none-eabi-10.3-2021.10/bin/../lib/gcc/arm-none-eabi/10.3.1/../../../../arm-none-eabi/lib/thumb/v7e-m/nofp\libc.a(lib_a-__call_atexit.o)
                0x20000450                __atexit_recursive_mutex
 .data.__malloc_av_
                0x20000454      0x408 e:/program files/gcc-arm-none-eabi-10.3-2021.10/bin/../lib/gcc/arm-none-eabi/10.3.1/../../../../arm-none-eabi/lib/thumb/v7e-m/nofp\libc.a(lib_a-mallocr.o)
                0x20000454                __malloc_av_
 .data.__malloc_sbrk_base
                0x2000085c        0x4 e:/program files/gcc-arm-none-eabi-10.3-2021.10/bin/../lib/gcc/arm-none-eabi/10.3.1/../../../../arm-none-eabi/lib/thumb/v7e-m/nofp\libc.a(lib_a-mallocr.o)
                0x2000085c                __malloc_sbrk_base
 .data.__malloc_trim_threshold
                0x20000860        0x4 e:/program files/gcc-arm-none-eabi-10.3-2021.10/bin/../lib/gcc/arm-none-eabi/10.3.1/../../../../arm-none-eabi/lib/thumb/v7e-m/nofp\libc.a(lib_a-mallocr.o)
                0x20000860                __malloc_trim_threshold
 .data.__global_locale
                0x20000864      0x16c e:/program files/gcc-arm-none-eabi-10.3-2021.10/bin/../lib/gcc/arm-none-eabi/10.3.1/../../../../arm-none-eabi/lib/thumb/v7e-m/nofp\libc.a(lib_a-locale.o)
                0x20000864                __global_locale
                0x200009d0                . = ALIGN (0x4)
                0x200009d0                _edata = .
                0x0800b624                _siccmram = LOADADDR (.ccmram)

.igot.plt       0x200009d0        0x0 load address 0x0800b624
 .igot.plt      0x200009d0        0x0 e:/program files/gcc-arm-none-eabi-10.3-2021.10/bin/../lib/gcc/arm-none-eabi/10.3.1/thumb/v7e-m/nofp/crtbegin.o

.ccmram         0x10000000        0x0 load address 0x0800b624
                0x10000000                . = ALIGN (0x4)
                0x10000000                _sccmram = .
 *(.ccmram)
 *(.ccmram*)
                0x10000000                . = ALIGN (0x4)
                0x10000000                _eccmram = .
                0x10000000                . = ALIGN (0x4)

.bss            0x200009d0      0x270
                0x200009d0                _sbss = .
                0x200009d0                __bss_start__ = _sbss
 *(.bss)
 .bss           0x200009d0       0x1c e:/program files/gcc-arm-none-eabi-10.3-2021.10/bin/../lib/gcc/arm-none-eabi/10.3.1/thumb/v7e-m/nofp/crtbegin.o
 *(.bss*)
 .bss.gHuart    0x200009ec        0x4 CMakeFiles/mystm32.elf.dir/Core/Src/retarget.c.obj
                0x200009ec                gHuart
 .bss.htim1     0x200009f0       0x48 CMakeFiles/mystm32.elf.dir/Core/Src/stm32f4xx_hal_timebase_tim.c.obj
                0x200009f0                htim1
 .bss.heap_end.0
                0x20000a38        0x4 CMakeFiles/mystm32.elf.dir/Core/Src/syscalls.c.obj
 .bss.UART_RxBuffer
                0x20000a3c      0x100 CMakeFiles/mystm32.elf.dir/Core/Src/usart.c.obj
                0x20000a3c                UART_RxBuffer
 .bss.UART_RxPtr
                0x20000b3c        0x1 CMakeFiles/mystm32.elf.dir/Core/Src/usart.c.obj
                0x20000b3c                UART_RxPtr
 *fill*         0x20000b3d        0x3 
 .bss.huart1    0x20000b40       0x44 CMakeFiles/mystm32.elf.dir/Core/Src/usart.c.obj
                0x20000b40                huart1
 .bss.uwTick    0x20000b84        0x4 CMakeFiles/mystm32.elf.dir/Drivers/STM32F4xx_HAL_Driver/Src/stm32f4xx_hal.c.obj
                0x20000b84                uwTick
 .bss.i.3       0x20000b88        0x1 CMakeFiles/mystm32.elf.dir/User/Src/bsp_stepper_T_speed.c.obj
 *fill*         0x20000b89        0x1 
 .bss.last_accel_delay.0
                0x20000b8a        0x2 CMakeFiles/mystm32.elf.dir/User/Src/bsp_stepper_T_speed.c.obj
 .bss.rest.1    0x20000b8c        0x4 CMakeFiles/mystm32.elf.dir/User/Src/bsp_stepper_T_speed.c.obj
 .bss.srd       0x20000b90       0x18 CMakeFiles/mystm32.elf.dir/User/Src/bsp_stepper_T_speed.c.obj
                0x20000b90                srd
 .bss.stepPosition
                0x20000ba8        0x4 CMakeFiles/mystm32.elf.dir/User/Src/bsp_stepper_T_speed.c.obj
                0x20000ba8                stepPosition
 .bss.step_count.2
                0x20000bac        0x4 CMakeFiles/mystm32.elf.dir/User/Src/bsp_stepper_T_speed.c.obj
 .bss.TIM_TimeBaseStructure
                0x20000bb0       0x48 CMakeFiles/mystm32.elf.dir/User/Src/bsp_stepper_init.c.obj
                0x20000bb0                TIM_TimeBaseStructure
 .bss.__lock___atexit_recursive_mutex
                0x20000bf8        0x1 e:/program files/gcc-arm-none-eabi-10.3-2021.10/bin/../lib/gcc/arm-none-eabi/10.3.1/../../../../arm-none-eabi/lib/thumb/v7e-m/nofp\libc.a(lib_a-lock.o)
                0x20000bf8                __lock___atexit_recursive_mutex
 *fill*         0x20000bf9        0x3 
 .bss.__lock___malloc_recursive_mutex
                0x20000bfc        0x1 e:/program files/gcc-arm-none-eabi-10.3-2021.10/bin/../lib/gcc/arm-none-eabi/10.3.1/../../../../arm-none-eabi/lib/thumb/v7e-m/nofp\libc.a(lib_a-lock.o)
                0x20000bfc                __lock___malloc_recursive_mutex
 *fill*         0x20000bfd        0x3 
 .bss.__lock___sfp_recursive_mutex
                0x20000c00        0x1 e:/program files/gcc-arm-none-eabi-10.3-2021.10/bin/../lib/gcc/arm-none-eabi/10.3.1/../../../../arm-none-eabi/lib/thumb/v7e-m/nofp\libc.a(lib_a-lock.o)
                0x20000c00                __lock___sfp_recursive_mutex
 *fill*         0x20000c01        0x3 
 .bss.__lock___sinit_recursive_mutex
                0x20000c04        0x1 e:/program files/gcc-arm-none-eabi-10.3-2021.10/bin/../lib/gcc/arm-none-eabi/10.3.1/../../../../arm-none-eabi/lib/thumb/v7e-m/nofp\libc.a(lib_a-lock.o)
                0x20000c04                __lock___sinit_recursive_mutex
 *fill*         0x20000c05        0x3 
 .bss.__malloc_current_mallinfo
                0x20000c08       0x28 e:/program files/gcc-arm-none-eabi-10.3-2021.10/bin/../lib/gcc/arm-none-eabi/10.3.1/../../../../arm-none-eabi/lib/thumb/v7e-m/nofp\libc.a(lib_a-mallocr.o)
                0x20000c08                __malloc_current_mallinfo
 .bss.__malloc_max_sbrked_mem
                0x20000c30        0x4 e:/program files/gcc-arm-none-eabi-10.3-2021.10/bin/../lib/gcc/arm-none-eabi/10.3.1/../../../../arm-none-eabi/lib/thumb/v7e-m/nofp\libc.a(lib_a-mallocr.o)
                0x20000c30                __malloc_max_sbrked_mem
 .bss.__malloc_max_total_mem
                0x20000c34        0x4 e:/program files/gcc-arm-none-eabi-10.3-2021.10/bin/../lib/gcc/arm-none-eabi/10.3.1/../../../../arm-none-eabi/lib/thumb/v7e-m/nofp\libc.a(lib_a-mallocr.o)
                0x20000c34                __malloc_max_total_mem
 .bss.__malloc_top_pad
                0x20000c38        0x4 e:/program files/gcc-arm-none-eabi-10.3-2021.10/bin/../lib/gcc/arm-none-eabi/10.3.1/../../../../arm-none-eabi/lib/thumb/v7e-m/nofp\libc.a(lib_a-mallocr.o)
                0x20000c38                __malloc_top_pad
 .bss.errno     0x20000c3c        0x4 e:/program files/gcc-arm-none-eabi-10.3-2021.10/bin/../lib/gcc/arm-none-eabi/10.3.1/../../../../arm-none-eabi/lib/thumb/v7e-m/nofp\libc.a(lib_a-reent.o)
                0x20000c3c                errno
 *(COMMON)
                0x20000c40                . = ALIGN (0x4)
                0x20000c40                _ebss = .
                0x20000c40                __bss_end__ = _ebss

._user_heap_stack
                0x20000c40      0x600
                0x20000c40                . = ALIGN (0x8)
                0x20000c40                PROVIDE (end = .)
                [!provide]                PROVIDE (_end = .)
                0x20000e40                . = (. + _Min_Heap_Size)
 *fill*         0x20000c40      0x200 
                0x20001240                . = (. + _Min_Stack_Size)
 *fill*         0x20000e40      0x400 
                0x20001240                . = ALIGN (0x8)

/DISCARD/
 libc.a(*)
 libm.a(*)
 libgcc.a(*)

.ARM.attributes
                0x00000000       0x2a
 *(.ARM.attributes)
 .ARM.attributes
                0x00000000       0x1e e:/program files/gcc-arm-none-eabi-10.3-2021.10/bin/../lib/gcc/arm-none-eabi/10.3.1/thumb/v7e-m/nofp/crti.o
 .ARM.attributes
                0x0000001e       0x2e e:/program files/gcc-arm-none-eabi-10.3-2021.10/bin/../lib/gcc/arm-none-eabi/10.3.1/thumb/v7e-m/nofp/crtbegin.o
 .ARM.attributes
                0x0000004c       0x2e CMakeFiles/mystm32.elf.dir/Core/Src/gpio.c.obj
 .ARM.attributes
                0x0000007a       0x2e CMakeFiles/mystm32.elf.dir/Core/Src/main.c.obj
 .ARM.attributes
                0x000000a8       0x2e CMakeFiles/mystm32.elf.dir/Core/Src/retarget.c.obj
 .ARM.attributes
                0x000000d6       0x2e CMakeFiles/mystm32.elf.dir/Core/Src/stm32f4xx_hal_msp.c.obj
 .ARM.attributes
                0x00000104       0x2e CMakeFiles/mystm32.elf.dir/Core/Src/stm32f4xx_hal_timebase_tim.c.obj
 .ARM.attributes
                0x00000132       0x2e CMakeFiles/mystm32.elf.dir/Core/Src/stm32f4xx_it.c.obj
 .ARM.attributes
                0x00000160       0x2e CMakeFiles/mystm32.elf.dir/Core/Src/syscalls.c.obj
 .ARM.attributes
                0x0000018e       0x2e CMakeFiles/mystm32.elf.dir/Core/Src/system_stm32f4xx.c.obj
 .ARM.attributes
                0x000001bc       0x2e CMakeFiles/mystm32.elf.dir/Core/Src/usart.c.obj
 .ARM.attributes
                0x000001ea       0x2e CMakeFiles/mystm32.elf.dir/Drivers/STM32F4xx_HAL_Driver/Src/stm32f4xx_hal.c.obj
 .ARM.attributes
                0x00000218       0x2e CMakeFiles/mystm32.elf.dir/Drivers/STM32F4xx_HAL_Driver/Src/stm32f4xx_hal_cortex.c.obj
 .ARM.attributes
                0x00000246       0x2e CMakeFiles/mystm32.elf.dir/Drivers/STM32F4xx_HAL_Driver/Src/stm32f4xx_hal_dma.c.obj
 .ARM.attributes
                0x00000274       0x2e CMakeFiles/mystm32.elf.dir/Drivers/STM32F4xx_HAL_Driver/Src/stm32f4xx_hal_gpio.c.obj
 .ARM.attributes
                0x000002a2       0x2e CMakeFiles/mystm32.elf.dir/Drivers/STM32F4xx_HAL_Driver/Src/stm32f4xx_hal_rcc.c.obj
 .ARM.attributes
                0x000002d0       0x2e CMakeFiles/mystm32.elf.dir/Drivers/STM32F4xx_HAL_Driver/Src/stm32f4xx_hal_tim.c.obj
 .ARM.attributes
                0x000002fe       0x2e CMakeFiles/mystm32.elf.dir/Drivers/STM32F4xx_HAL_Driver/Src/stm32f4xx_hal_tim_ex.c.obj
 .ARM.attributes
                0x0000032c       0x2e CMakeFiles/mystm32.elf.dir/Drivers/STM32F4xx_HAL_Driver/Src/stm32f4xx_hal_uart.c.obj
 .ARM.attributes
                0x0000035a       0x2e CMakeFiles/mystm32.elf.dir/User/Src/bsp_stepper_T_speed.c.obj
 .ARM.attributes
                0x00000388       0x2e CMakeFiles/mystm32.elf.dir/User/Src/bsp_stepper_init.c.obj
 .ARM.attributes
                0x000003b6       0x2e CMakeFiles/mystm32.elf.dir/User/Src/bsp_stepper_usart_ctl.c.obj
 .ARM.attributes
                0x000003e4       0x21 CMakeFiles/mystm32.elf.dir/startup/startup_stm32f407xx.s.obj
 .ARM.attributes
                0x00000405       0x1e e:/program files/gcc-arm-none-eabi-10.3-2021.10/bin/../lib/gcc/arm-none-eabi/10.3.1/thumb/v7e-m/nofp\libgcc.a(_arm_addsubdf3.o)
 .ARM.attributes
                0x00000423       0x1e e:/program files/gcc-arm-none-eabi-10.3-2021.10/bin/../lib/gcc/arm-none-eabi/10.3.1/thumb/v7e-m/nofp\libgcc.a(_arm_muldivdf3.o)
 .ARM.attributes
                0x00000441       0x1e e:/program files/gcc-arm-none-eabi-10.3-2021.10/bin/../lib/gcc/arm-none-eabi/10.3.1/thumb/v7e-m/nofp\libgcc.a(_arm_fixdfsi.o)
 .ARM.attributes
                0x0000045f       0x1e e:/program files/gcc-arm-none-eabi-10.3-2021.10/bin/../lib/gcc/arm-none-eabi/10.3.1/thumb/v7e-m/nofp\libgcc.a(_arm_truncdfsf2.o)
 .ARM.attributes
                0x0000047d       0x1e e:/program files/gcc-arm-none-eabi-10.3-2021.10/bin/../lib/gcc/arm-none-eabi/10.3.1/thumb/v7e-m/nofp\libgcc.a(_arm_addsubsf3.o)
 .ARM.attributes
                0x0000049b       0x1e e:/program files/gcc-arm-none-eabi-10.3-2021.10/bin/../lib/gcc/arm-none-eabi/10.3.1/thumb/v7e-m/nofp\libgcc.a(_arm_muldivsf3.o)
 .ARM.attributes
                0x000004b9       0x1e e:/program files/gcc-arm-none-eabi-10.3-2021.10/bin/../lib/gcc/arm-none-eabi/10.3.1/thumb/v7e-m/nofp\libgcc.a(_arm_fixsfsi.o)
 .ARM.attributes
                0x000004d7       0x1e e:/program files/gcc-arm-none-eabi-10.3-2021.10/bin/../lib/gcc/arm-none-eabi/10.3.1/thumb/v7e-m/nofp\libgcc.a(_arm_fixunssfsi.o)
 .ARM.attributes
                0x000004f5       0x1e e:/program files/gcc-arm-none-eabi-10.3-2021.10/bin/../lib/gcc/arm-none-eabi/10.3.1/thumb/v7e-m/nofp\libgcc.a(_aeabi_uldivmod.o)
 .ARM.attributes
                0x00000513       0x2e e:/program files/gcc-arm-none-eabi-10.3-2021.10/bin/../lib/gcc/arm-none-eabi/10.3.1/thumb/v7e-m/nofp\libgcc.a(_udivmoddi4.o)
 .ARM.attributes
                0x00000541       0x1e e:/program files/gcc-arm-none-eabi-10.3-2021.10/bin/../lib/gcc/arm-none-eabi/10.3.1/thumb/v7e-m/nofp\libgcc.a(_dvmd_tls.o)
 .ARM.attributes
                0x0000055f       0x2e e:/program files/gcc-arm-none-eabi-10.3-2021.10/bin/../lib/gcc/arm-none-eabi/10.3.1/../../../../arm-none-eabi/lib/thumb/v7e-m/nofp\libc.a(lib_a-atoi.o)
 .ARM.attributes
                0x0000058d       0x2e e:/program files/gcc-arm-none-eabi-10.3-2021.10/bin/../lib/gcc/arm-none-eabi/10.3.1/../../../../arm-none-eabi/lib/thumb/v7e-m/nofp\libc.a(lib_a-errno.o)
 .ARM.attributes
                0x000005bb       0x2e e:/program files/gcc-arm-none-eabi-10.3-2021.10/bin/../lib/gcc/arm-none-eabi/10.3.1/../../../../arm-none-eabi/lib/thumb/v7e-m/nofp\libc.a(lib_a-impure.o)
 .ARM.attributes
                0x000005e9       0x2e e:/program files/gcc-arm-none-eabi-10.3-2021.10/bin/../lib/gcc/arm-none-eabi/10.3.1/../../../../arm-none-eabi/lib/thumb/v7e-m/nofp\libc.a(lib_a-init.o)
 .ARM.attributes
                0x00000617       0x2e e:/program files/gcc-arm-none-eabi-10.3-2021.10/bin/../lib/gcc/arm-none-eabi/10.3.1/../../../../arm-none-eabi/lib/thumb/v7e-m/nofp\libc.a(lib_a-memset.o)
 .ARM.attributes
                0x00000645       0x2e e:/program files/gcc-arm-none-eabi-10.3-2021.10/bin/../lib/gcc/arm-none-eabi/10.3.1/../../../../arm-none-eabi/lib/thumb/v7e-m/nofp\libc.a(lib_a-printf.o)
 .ARM.attributes
                0x00000673       0x2e e:/program files/gcc-arm-none-eabi-10.3-2021.10/bin/../lib/gcc/arm-none-eabi/10.3.1/../../../../arm-none-eabi/lib/thumb/v7e-m/nofp\libc.a(lib_a-puts.o)
 .ARM.attributes
                0x000006a1       0x2e e:/program files/gcc-arm-none-eabi-10.3-2021.10/bin/../lib/gcc/arm-none-eabi/10.3.1/../../../../arm-none-eabi/lib/thumb/v7e-m/nofp\libc.a(lib_a-setvbuf.o)
 .ARM.attributes
                0x000006cf       0x1c e:/program files/gcc-arm-none-eabi-10.3-2021.10/bin/../lib/gcc/arm-none-eabi/10.3.1/../../../../arm-none-eabi/lib/thumb/v7e-m/nofp\libc.a(lib_a-strlen.o)
 .ARM.attributes
                0x000006eb       0x2e e:/program files/gcc-arm-none-eabi-10.3-2021.10/bin/../lib/gcc/arm-none-eabi/10.3.1/../../../../arm-none-eabi/lib/thumb/v7e-m/nofp\libc.a(lib_a-strtol.o)
 .ARM.attributes
                0x00000719       0x2e e:/program files/gcc-arm-none-eabi-10.3-2021.10/bin/../lib/gcc/arm-none-eabi/10.3.1/../../../../arm-none-eabi/lib/thumb/v7e-m/nofp\libc.a(lib_a-vfprintf.o)
 .ARM.attributes
                0x00000747       0x2e e:/program files/gcc-arm-none-eabi-10.3-2021.10/bin/../lib/gcc/arm-none-eabi/10.3.1/../../../../arm-none-eabi/lib/thumb/v7e-m/nofp\libc.a(lib_a-wsetup.o)
 .ARM.attributes
                0x00000775       0x2e e:/program files/gcc-arm-none-eabi-10.3-2021.10/bin/../lib/gcc/arm-none-eabi/10.3.1/../../../../arm-none-eabi/lib/thumb/v7e-m/nofp\libc.a(lib_a-__call_atexit.o)
 .ARM.attributes
                0x000007a3       0x2e e:/program files/gcc-arm-none-eabi-10.3-2021.10/bin/../lib/gcc/arm-none-eabi/10.3.1/../../../../arm-none-eabi/lib/thumb/v7e-m/nofp\libc.a(lib_a-atexit.o)
 .ARM.attributes
                0x000007d1       0x2e e:/program files/gcc-arm-none-eabi-10.3-2021.10/bin/../lib/gcc/arm-none-eabi/10.3.1/../../../../arm-none-eabi/lib/thumb/v7e-m/nofp\libc.a(lib_a-ctype_.o)
 .ARM.attributes
                0x000007ff       0x2e e:/program files/gcc-arm-none-eabi-10.3-2021.10/bin/../lib/gcc/arm-none-eabi/10.3.1/../../../../arm-none-eabi/lib/thumb/v7e-m/nofp\libc.a(lib_a-dtoa.o)
 .ARM.attributes
                0x0000082d       0x2e e:/program files/gcc-arm-none-eabi-10.3-2021.10/bin/../lib/gcc/arm-none-eabi/10.3.1/../../../../arm-none-eabi/lib/thumb/v7e-m/nofp\libc.a(lib_a-fflush.o)
 .ARM.attributes
                0x0000085b       0x2e e:/program files/gcc-arm-none-eabi-10.3-2021.10/bin/../lib/gcc/arm-none-eabi/10.3.1/../../../../arm-none-eabi/lib/thumb/v7e-m/nofp\libc.a(lib_a-findfp.o)
 .ARM.attributes
                0x00000889       0x2e e:/program files/gcc-arm-none-eabi-10.3-2021.10/bin/../lib/gcc/arm-none-eabi/10.3.1/../../../../arm-none-eabi/lib/thumb/v7e-m/nofp\libc.a(lib_a-fini.o)
 .ARM.attributes
                0x000008b7       0x2e e:/program files/gcc-arm-none-eabi-10.3-2021.10/bin/../lib/gcc/arm-none-eabi/10.3.1/../../../../arm-none-eabi/lib/thumb/v7e-m/nofp\libc.a(lib_a-freer.o)
 .ARM.attributes
                0x000008e5       0x2e e:/program files/gcc-arm-none-eabi-10.3-2021.10/bin/../lib/gcc/arm-none-eabi/10.3.1/../../../../arm-none-eabi/lib/thumb/v7e-m/nofp\libc.a(lib_a-fvwrite.o)
 .ARM.attributes
                0x00000913       0x2e e:/program files/gcc-arm-none-eabi-10.3-2021.10/bin/../lib/gcc/arm-none-eabi/10.3.1/../../../../arm-none-eabi/lib/thumb/v7e-m/nofp\libc.a(lib_a-fwalk.o)
 .ARM.attributes
                0x00000941       0x2e e:/program files/gcc-arm-none-eabi-10.3-2021.10/bin/../lib/gcc/arm-none-eabi/10.3.1/../../../../arm-none-eabi/lib/thumb/v7e-m/nofp\libc.a(lib_a-localeconv.o)
 .ARM.attributes
                0x0000096f       0x2e e:/program files/gcc-arm-none-eabi-10.3-2021.10/bin/../lib/gcc/arm-none-eabi/10.3.1/../../../../arm-none-eabi/lib/thumb/v7e-m/nofp\libc.a(lib_a-lock.o)
 .ARM.attributes
                0x0000099d       0x2e e:/program files/gcc-arm-none-eabi-10.3-2021.10/bin/../lib/gcc/arm-none-eabi/10.3.1/../../../../arm-none-eabi/lib/thumb/v7e-m/nofp\libc.a(lib_a-makebuf.o)
 .ARM.attributes
                0x000009cb       0x2e e:/program files/gcc-arm-none-eabi-10.3-2021.10/bin/../lib/gcc/arm-none-eabi/10.3.1/../../../../arm-none-eabi/lib/thumb/v7e-m/nofp\libc.a(lib_a-malloc.o)
 .ARM.attributes
                0x000009f9       0x2e e:/program files/gcc-arm-none-eabi-10.3-2021.10/bin/../lib/gcc/arm-none-eabi/10.3.1/../../../../arm-none-eabi/lib/thumb/v7e-m/nofp\libc.a(lib_a-mallocr.o)
 .ARM.attributes
                0x00000a27       0x1c e:/program files/gcc-arm-none-eabi-10.3-2021.10/bin/../lib/gcc/arm-none-eabi/10.3.1/../../../../arm-none-eabi/lib/thumb/v7e-m/nofp\libc.a(lib_a-memchr.o)
 .ARM.attributes
                0x00000a43       0x1c e:/program files/gcc-arm-none-eabi-10.3-2021.10/bin/../lib/gcc/arm-none-eabi/10.3.1/../../../../arm-none-eabi/lib/thumb/v7e-m/nofp\libc.a(lib_a-memcpy.o)
 .ARM.attributes
                0x00000a5f       0x2e e:/program files/gcc-arm-none-eabi-10.3-2021.10/bin/../lib/gcc/arm-none-eabi/10.3.1/../../../../arm-none-eabi/lib/thumb/v7e-m/nofp\libc.a(lib_a-memmove.o)
 .ARM.attributes
                0x00000a8d       0x2e e:/program files/gcc-arm-none-eabi-10.3-2021.10/bin/../lib/gcc/arm-none-eabi/10.3.1/../../../../arm-none-eabi/lib/thumb/v7e-m/nofp\libc.a(lib_a-mlock.o)
 .ARM.attributes
                0x00000abb       0x2e e:/program files/gcc-arm-none-eabi-10.3-2021.10/bin/../lib/gcc/arm-none-eabi/10.3.1/../../../../arm-none-eabi/lib/thumb/v7e-m/nofp\libc.a(lib_a-mprec.o)
 .ARM.attributes
                0x00000ae9       0x2e e:/program files/gcc-arm-none-eabi-10.3-2021.10/bin/../lib/gcc/arm-none-eabi/10.3.1/../../../../arm-none-eabi/lib/thumb/v7e-m/nofp\libc.a(lib_a-reallocr.o)
 .ARM.attributes
                0x00000b17       0x2e e:/program files/gcc-arm-none-eabi-10.3-2021.10/bin/../lib/gcc/arm-none-eabi/10.3.1/../../../../arm-none-eabi/lib/thumb/v7e-m/nofp\libc.a(lib_a-s_frexp.o)
 .ARM.attributes
                0x00000b45       0x2e e:/program files/gcc-arm-none-eabi-10.3-2021.10/bin/../lib/gcc/arm-none-eabi/10.3.1/../../../../arm-none-eabi/lib/thumb/v7e-m/nofp\libc.a(lib_a-sbrkr.o)
 .ARM.attributes
                0x00000b73       0x2e e:/program files/gcc-arm-none-eabi-10.3-2021.10/bin/../lib/gcc/arm-none-eabi/10.3.1/../../../../arm-none-eabi/lib/thumb/v7e-m/nofp\libc.a(lib_a-stdio.o)
 .ARM.attributes
                0x00000ba1       0x2e e:/program files/gcc-arm-none-eabi-10.3-2021.10/bin/../lib/gcc/arm-none-eabi/10.3.1/../../../../arm-none-eabi/lib/thumb/v7e-m/nofp\libc.a(lib_a-strncpy.o)
 .ARM.attributes
                0x00000bcf       0x2e e:/program files/gcc-arm-none-eabi-10.3-2021.10/bin/../lib/gcc/arm-none-eabi/10.3.1/../../../../arm-none-eabi/lib/thumb/v7e-m/nofp\libc.a(lib_a-vfiprintf.o)
 .ARM.attributes
                0x00000bfd       0x2e e:/program files/gcc-arm-none-eabi-10.3-2021.10/bin/../lib/gcc/arm-none-eabi/10.3.1/../../../../arm-none-eabi/lib/thumb/v7e-m/nofp\libc.a(lib_a-writer.o)
 .ARM.attributes
                0x00000c2b       0x2e e:/program files/gcc-arm-none-eabi-10.3-2021.10/bin/../lib/gcc/arm-none-eabi/10.3.1/../../../../arm-none-eabi/lib/thumb/v7e-m/nofp\libc.a(lib_a-__atexit.o)
 .ARM.attributes
                0x00000c59       0x2e e:/program files/gcc-arm-none-eabi-10.3-2021.10/bin/../lib/gcc/arm-none-eabi/10.3.1/../../../../arm-none-eabi/lib/thumb/v7e-m/nofp\libc.a(lib_a-assert.o)
 .ARM.attributes
                0x00000c87       0x2e e:/program files/gcc-arm-none-eabi-10.3-2021.10/bin/../lib/gcc/arm-none-eabi/10.3.1/../../../../arm-none-eabi/lib/thumb/v7e-m/nofp\libc.a(lib_a-callocr.o)
 .ARM.attributes
                0x00000cb5       0x2e e:/program files/gcc-arm-none-eabi-10.3-2021.10/bin/../lib/gcc/arm-none-eabi/10.3.1/../../../../arm-none-eabi/lib/thumb/v7e-m/nofp\libc.a(lib_a-closer.o)
 .ARM.attributes
                0x00000ce3       0x2e e:/program files/gcc-arm-none-eabi-10.3-2021.10/bin/../lib/gcc/arm-none-eabi/10.3.1/../../../../arm-none-eabi/lib/thumb/v7e-m/nofp\libc.a(lib_a-fclose.o)
 .ARM.attributes
                0x00000d11       0x2e e:/program files/gcc-arm-none-eabi-10.3-2021.10/bin/../lib/gcc/arm-none-eabi/10.3.1/../../../../arm-none-eabi/lib/thumb/v7e-m/nofp\libc.a(lib_a-fiprintf.o)
 .ARM.attributes
                0x00000d3f       0x2e e:/program files/gcc-arm-none-eabi-10.3-2021.10/bin/../lib/gcc/arm-none-eabi/10.3.1/../../../../arm-none-eabi/lib/thumb/v7e-m/nofp\libc.a(lib_a-fputwc.o)
 .ARM.attributes
                0x00000d6d       0x2e e:/program files/gcc-arm-none-eabi-10.3-2021.10/bin/../lib/gcc/arm-none-eabi/10.3.1/../../../../arm-none-eabi/lib/thumb/v7e-m/nofp\libc.a(lib_a-fstatr.o)
 .ARM.attributes
                0x00000d9b       0x2e e:/program files/gcc-arm-none-eabi-10.3-2021.10/bin/../lib/gcc/arm-none-eabi/10.3.1/../../../../arm-none-eabi/lib/thumb/v7e-m/nofp\libc.a(lib_a-isattyr.o)
 .ARM.attributes
                0x00000dc9       0x2e e:/program files/gcc-arm-none-eabi-10.3-2021.10/bin/../lib/gcc/arm-none-eabi/10.3.1/../../../../arm-none-eabi/lib/thumb/v7e-m/nofp\libc.a(lib_a-locale.o)
 .ARM.attributes
                0x00000df7       0x2e e:/program files/gcc-arm-none-eabi-10.3-2021.10/bin/../lib/gcc/arm-none-eabi/10.3.1/../../../../arm-none-eabi/lib/thumb/v7e-m/nofp\libc.a(lib_a-lseekr.o)
 .ARM.attributes
                0x00000e25       0x2e e:/program files/gcc-arm-none-eabi-10.3-2021.10/bin/../lib/gcc/arm-none-eabi/10.3.1/../../../../arm-none-eabi/lib/thumb/v7e-m/nofp\libc.a(lib_a-mbtowc_r.o)
 .ARM.attributes
                0x00000e53       0x2e e:/program files/gcc-arm-none-eabi-10.3-2021.10/bin/../lib/gcc/arm-none-eabi/10.3.1/../../../../arm-none-eabi/lib/thumb/v7e-m/nofp\libc.a(lib_a-readr.o)
 .ARM.attributes
                0x00000e81       0x2e e:/program files/gcc-arm-none-eabi-10.3-2021.10/bin/../lib/gcc/arm-none-eabi/10.3.1/../../../../arm-none-eabi/lib/thumb/v7e-m/nofp\libc.a(lib_a-reent.o)
 .ARM.attributes
                0x00000eaf       0x2e e:/program files/gcc-arm-none-eabi-10.3-2021.10/bin/../lib/gcc/arm-none-eabi/10.3.1/../../../../arm-none-eabi/lib/thumb/v7e-m/nofp\libc.a(lib_a-wbuf.o)
 .ARM.attributes
                0x00000edd       0x2e e:/program files/gcc-arm-none-eabi-10.3-2021.10/bin/../lib/gcc/arm-none-eabi/10.3.1/../../../../arm-none-eabi/lib/thumb/v7e-m/nofp\libc.a(lib_a-wcrtomb.o)
 .ARM.attributes
                0x00000f0b       0x2e e:/program files/gcc-arm-none-eabi-10.3-2021.10/bin/../lib/gcc/arm-none-eabi/10.3.1/../../../../arm-none-eabi/lib/thumb/v7e-m/nofp\libc.a(lib_a-wctomb_r.o)
 .ARM.attributes
                0x00000f39       0x2e e:/program files/gcc-arm-none-eabi-10.3-2021.10/bin/../lib/gcc/arm-none-eabi/10.3.1/../../../../arm-none-eabi/lib/thumb/v7e-m/nofp\libc.a(lib_a-abort.o)
 .ARM.attributes
                0x00000f67       0x2e e:/program files/gcc-arm-none-eabi-10.3-2021.10/bin/../lib/gcc/arm-none-eabi/10.3.1/../../../../arm-none-eabi/lib/thumb/v7e-m/nofp\libc.a(lib_a-signal.o)
 .ARM.attributes
                0x00000f95       0x2e e:/program files/gcc-arm-none-eabi-10.3-2021.10/bin/../lib/gcc/arm-none-eabi/10.3.1/../../../../arm-none-eabi/lib/thumb/v7e-m/nofp\libc.a(lib_a-signalr.o)
 .ARM.attributes
                0x00000fc3       0x1e e:/program files/gcc-arm-none-eabi-10.3-2021.10/bin/../lib/gcc/arm-none-eabi/10.3.1/thumb/v7e-m/nofp\libgcc.a(_arm_cmpdf2.o)
 .ARM.attributes
                0x00000fe1       0x1e e:/program files/gcc-arm-none-eabi-10.3-2021.10/bin/../lib/gcc/arm-none-eabi/10.3.1/thumb/v7e-m/nofp\libgcc.a(_arm_unorddf2.o)
 .ARM.attributes
                0x00000fff       0x1e e:/program files/gcc-arm-none-eabi-10.3-2021.10/bin/../lib/gcc/arm-none-eabi/10.3.1/thumb/v7e-m/nofp/crtn.o
OUTPUT(mystm32.elf elf32-littlearm)
LOAD linker stubs
LOAD e:/program files/gcc-arm-none-eabi-10.3-2021.10/bin/../lib/gcc/arm-none-eabi/10.3.1/../../../../arm-none-eabi/lib/thumb/v7e-m/nofp\libc.a
LOAD e:/program files/gcc-arm-none-eabi-10.3-2021.10/bin/../lib/gcc/arm-none-eabi/10.3.1/../../../../arm-none-eabi/lib/thumb/v7e-m/nofp\libm.a
LOAD e:/program files/gcc-arm-none-eabi-10.3-2021.10/bin/../lib/gcc/arm-none-eabi/10.3.1/thumb/v7e-m/nofp\libgcc.a

.debug_info     0x00000000    0x14c0e