Archive member included to satisfy reference by file (symbol)

e:/program files/gcc-arm-none-eabi-9-2020/bin/../lib/gcc/arm-none-eabi/9.3.1/thumb/v7e-m/nofp\libgcc.a(_arm_muldf3.o)
                              CMakeFiles/mystm32.elf.dir/User/Src/bsp_stepper_T_speed.c.obj (__aeabi_dmul)
e:/program files/gcc-arm-none-eabi-9-2020/bin/../lib/gcc/arm-none-eabi/9.3.1/thumb/v7e-m/nofp\libgcc.a(_arm_mulsf3.o)
                              CMakeFiles/mystm32.elf.dir/User/Src/bsp_stepper_T_speed.c.obj (__aeabi_fmul)
e:/program files/gcc-arm-none-eabi-9-2020/bin/../lib/gcc/arm-none-eabi/9.3.1/thumb/v7e-m/nofp\libgcc.a(_arm_addsubdf3.o)
                              CMakeFiles/mystm32.elf.dir/User/Src/bsp_stepper_T_speed.c.obj (__aeabi_ui2d)
e:/program files/gcc-arm-none-eabi-9-2020/bin/../lib/gcc/arm-none-eabi/9.3.1/thumb/v7e-m/nofp\libgcc.a(_arm_muldivdf3.o)
                              CMakeFiles/mystm32.elf.dir/User/Src/bsp_stepper_T_speed.c.obj (__aeabi_ddiv)
e:/program files/gcc-arm-none-eabi-9-2020/bin/../lib/gcc/arm-none-eabi/9.3.1/thumb/v7e-m/nofp\libgcc.a(_arm_fixdfsi.o)
                              CMakeFiles/mystm32.elf.dir/User/Src/bsp_stepper_T_speed.c.obj (__aeabi_d2iz)
e:/program files/gcc-arm-none-eabi-9-2020/bin/../lib/gcc/arm-none-eabi/9.3.1/thumb/v7e-m/nofp\libgcc.a(_arm_truncdfsf2.o)
                              CMakeFiles/mystm32.elf.dir/User/Src/bsp_stepper_T_speed.c.obj (__aeabi_d2f)
e:/program files/gcc-arm-none-eabi-9-2020/bin/../lib/gcc/arm-none-eabi/9.3.1/thumb/v7e-m/nofp\libgcc.a(_arm_addsubsf3.o)
                              CMakeFiles/mystm32.elf.dir/User/Src/bsp_stepper_T_speed.c.obj (__aeabi_ui2f)
e:/program files/gcc-arm-none-eabi-9-2020/bin/../lib/gcc/arm-none-eabi/9.3.1/thumb/v7e-m/nofp\libgcc.a(_arm_muldivsf3.o)
                              CMakeFiles/mystm32.elf.dir/User/Src/bsp_stepper_T_speed.c.obj (__aeabi_fdiv)
e:/program files/gcc-arm-none-eabi-9-2020/bin/../lib/gcc/arm-none-eabi/9.3.1/thumb/v7e-m/nofp\libgcc.a(_arm_fixsfsi.o)
                              CMakeFiles/mystm32.elf.dir/User/Src/bsp_stepper_T_speed.c.obj (__aeabi_f2iz)
e:/program files/gcc-arm-none-eabi-9-2020/bin/../lib/gcc/arm-none-eabi/9.3.1/thumb/v7e-m/nofp\libgcc.a(_arm_fixunssfsi.o)
                              CMakeFiles/mystm32.elf.dir/User/Src/bsp_stepper_T_speed.c.obj (__aeabi_f2uiz)
e:/program files/gcc-arm-none-eabi-9-2020/bin/../lib/gcc/arm-none-eabi/9.3.1/thumb/v7e-m/nofp\libgcc.a(_aeabi_uldivmod.o)
                              CMakeFiles/mystm32.elf.dir/Drivers/STM32F4xx_HAL_Driver/Src/stm32f4xx_hal_rcc.c.obj (__aeabi_uldivmod)
e:/program files/gcc-arm-none-eabi-9-2020/bin/../lib/gcc/arm-none-eabi/9.3.1/thumb/v7e-m/nofp\libgcc.a(_udivmoddi4.o)
                              e:/program files/gcc-arm-none-eabi-9-2020/bin/../lib/gcc/arm-none-eabi/9.3.1/thumb/v7e-m/nofp\libgcc.a(_aeabi_uldivmod.o) (__udivmoddi4)
e:/program files/gcc-arm-none-eabi-9-2020/bin/../lib/gcc/arm-none-eabi/9.3.1/thumb/v7e-m/nofp\libgcc.a(_dvmd_tls.o)
                              e:/program files/gcc-arm-none-eabi-9-2020/bin/../lib/gcc/arm-none-eabi/9.3.1/thumb/v7e-m/nofp\libgcc.a(_aeabi_uldivmod.o) (__aeabi_ldiv0)
e:/program files/gcc-arm-none-eabi-9-2020/bin/../lib/gcc/arm-none-eabi/9.3.1/../../../../arm-none-eabi/lib/thumb/v7e-m/nofp\libg.a(lib_a-atoi.o)
                              CMakeFiles/mystm32.elf.dir/User/Src/bsp_stepper_usart_ctl.c.obj (atoi)
e:/program files/gcc-arm-none-eabi-9-2020/bin/../lib/gcc/arm-none-eabi/9.3.1/../../../../arm-none-eabi/lib/thumb/v7e-m/nofp\libg.a(lib_a-errno.o)
                              CMakeFiles/mystm32.elf.dir/Core/Src/retarget.c.obj (__errno)
e:/program files/gcc-arm-none-eabi-9-2020/bin/../lib/gcc/arm-none-eabi/9.3.1/../../../../arm-none-eabi/lib/thumb/v7e-m/nofp\libg.a(lib_a-exit.o)
                              e:/program files/gcc-arm-none-eabi-9-2020/bin/../lib/gcc/arm-none-eabi/9.3.1/../../../../arm-none-eabi/lib/thumb/v7e-m/nofp/crt0.o (exit)
e:/program files/gcc-arm-none-eabi-9-2020/bin/../lib/gcc/arm-none-eabi/9.3.1/../../../../arm-none-eabi/lib/thumb/v7e-m/nofp\libg.a(lib_a-impure.o)
                              e:/program files/gcc-arm-none-eabi-9-2020/bin/../lib/gcc/arm-none-eabi/9.3.1/../../../../arm-none-eabi/lib/thumb/v7e-m/nofp\libg.a(lib_a-exit.o) (_global_impure_ptr)
e:/program files/gcc-arm-none-eabi-9-2020/bin/../lib/gcc/arm-none-eabi/9.3.1/../../../../arm-none-eabi/lib/thumb/v7e-m/nofp\libg.a(lib_a-init.o)
                              e:/program files/gcc-arm-none-eabi-9-2020/bin/../lib/gcc/arm-none-eabi/9.3.1/../../../../arm-none-eabi/lib/thumb/v7e-m/nofp/crt0.o (__libc_init_array)
e:/program files/gcc-arm-none-eabi-9-2020/bin/../lib/gcc/arm-none-eabi/9.3.1/../../../../arm-none-eabi/lib/thumb/v7e-m/nofp\libg.a(lib_a-memset.o)
                              e:/program files/gcc-arm-none-eabi-9-2020/bin/../lib/gcc/arm-none-eabi/9.3.1/../../../../arm-none-eabi/lib/thumb/v7e-m/nofp/crt0.o (memset)
[...]
Memory Configuration

Name             Origin             Length             Attributes
RAM              0x20000000         0x00020000         xrw
CCMRAM           0x10000000         0x00010000         xrw
FLASH            0x08000000         0x00080000         xr
*default*        0x00000000         0xffffffff

Linker script and memory map

LOAD e:/program files/gcc-arm-none-eabi-9-2020/bin/../lib/gcc/arm-none-eabi/9.3.1/thumb/v7e-m/nofp/crti.o
LOAD e:/program files/gcc-arm-none-eabi-9-2020/bin/../lib/gcc/arm-none-eabi/9.3.1/thumb/v7e-m/nofp/crtbegin.o
LOAD e:/program files/gcc-arm-none-eabi-9-2020/bin/../lib/gcc/arm-none-eabi/9.3.1/../../../../arm-none-eabi/lib/thumb/v7e-m/nofp/crt0.o
LOAD CMakeFiles/mystm32.elf.dir/Core/Src/gpio.c.obj
LOAD CMakeFiles/mystm32.elf.dir/Core/Src/main.c.obj
LOAD CMakeFiles/mystm32.elf.dir/Core/Src/retarget.c.obj
LOAD CMakeFiles/mystm32.elf.dir/Core/Src/stm32f4xx_hal_msp.c.obj
LOAD CMakeFiles/mystm32.elf.dir/Core/Src/stm32f4xx_hal_timebase_tim.c.obj
LOAD CMakeFiles/mystm32.elf.dir/Core/Src/stm32f4xx_it.c.obj
LOAD CMakeFiles/mystm32.elf.dir/Core/Src/syscalls.c.obj
LOAD CMakeFiles/mystm32.elf.dir/Core/Src/system_stm32f4xx.c.obj
LOAD CMakeFiles/mystm32.elf.dir/Core/Src/usart.c.obj
LOAD CMakeFiles/mystm32.elf.dir/Drivers/STM32F4xx_HAL_Driver/Src/stm32f4xx_hal.c.obj
LOAD CMakeFiles/mystm32.elf.dir/Drivers/STM32F4xx_HAL_Driver/Src/stm32f4xx_hal_cortex.c.obj
LOAD CMakeFiles/mystm32.elf.dir/Drivers/STM32F4xx_HAL_Driver/Src/stm32f4xx_hal_dma.c.obj
LOAD CMakeFiles/mystm32.elf.dir/Drivers/STM32F4xx_HAL_Driver/Src/stm32f4xx_hal_dma_ex.c.obj
LOAD CMakeFiles/mystm32.elf.dir/Drivers/STM32F4xx_HAL_Driver/Src/stm32f4xx_hal_exti.c.obj
LOAD CMakeFiles/mystm32.elf.dir/Drivers/STM32F4xx_HAL_Driver/Src/stm32f4xx_hal_flash.c.obj
LOAD CMakeFiles/mystm32.elf.dir/Drivers/STM32F4xx_HAL_Driver/Src/stm32f4xx_hal_flash_ex.c.obj
LOAD CMakeFiles/mystm32.elf.dir/Drivers/STM32F4xx_HAL_Driver/Src/stm32f4xx_hal_flash_ramfunc.c.obj
LOAD CMakeFiles/mystm32.elf.dir/Drivers/STM32F4xx_HAL_Driver/Src/stm32f4xx_hal_gpio.c.obj
LOAD CMakeFiles/mystm32.elf.dir/Drivers/STM32F4xx_HAL_Driver/Src/stm32f4xx_hal_pwr.c.obj
LOAD CMakeFiles/mystm32.elf.dir/Drivers/STM32F4xx_HAL_Driver/Src/stm32f4xx_hal_pwr_ex.c.obj
LOAD CMakeFiles/mystm32.elf.dir/Drivers/STM32F4xx_HAL_Driver/Src/stm32f4xx_hal_rcc.c.obj
LOAD CMakeFiles/mystm32.elf.dir/Drivers/STM32F4xx_HAL_Driver/Src/stm32f4xx_hal_rcc_ex.c.obj
LOAD CMakeFiles/mystm32.elf.dir/Drivers/STM32F4xx_HAL_Driver/Src/stm32f4xx_hal_tim.c.obj
LOAD CMakeFiles/mystm32.elf.dir/Drivers/STM32F4xx_HAL_Driver/Src/stm32f4xx_hal_tim_ex.c.obj
LOAD CMakeFiles/mystm32.elf.dir/Drivers/STM32F4xx_HAL_Driver/Src/stm32f4xx_hal_uart.c.obj
LOAD CMakeFiles/mystm32.elf.dir/User/Src/bsp_stepper_T_speed.c.obj
LOAD CMakeFiles/mystm32.elf.dir/User/Src/bsp_stepper_init.c.obj
LOAD CMakeFiles/mystm32.elf.dir/User/Src/bsp_stepper_usart_ctl.c.obj
LOAD CMakeFiles/mystm32.elf.dir/startup/startup_stm32f407xx.s.obj
START GROUP
LOAD e:/program files/gcc-arm-none-eabi-9-2020/bin/../lib/gcc/arm-none-eabi/9.3.1/thumb/v7e-m/nofp\libgcc.a
LOAD e:/program files/gcc-arm-none-eabi-9-2020/bin/../lib/gcc/arm-none-eabi/9.3.1/../../../../arm-none-eabi/lib/thumb/v7e-m/nofp\libg.a
LOAD e:/program files/gcc-arm-none-eabi-9-2020/bin/../lib/gcc/arm-none-eabi/9.3.1/../../../../arm-none-eabi/lib/thumb/v7e-m/nofp\libc.a
END GROUP
LOAD e:/program files/gcc-arm-none-eabi-9-2020/bin/../lib/gcc/arm-none-eabi/9.3.1/thumb/v7e-m/nofp/crtend.o
LOAD e:/program files/gcc-arm-none-eabi-9-2020/bin/../lib/gcc/arm-none-eabi/9.3.1/thumb/v7e-m/nofp/crtn.o
                0x20020000                _estack = (ORIGIN (RAM) + LENGTH (RAM))
                0x00000200                _Min_Heap_Size = 0x200
                0x00000400                _Min_Stack_Size = 0x400

.isr_vector     0x08000000      0x188
                0x08000000                . = ALIGN (0x4)
 *(.isr_vector)
 .isr_vector    0x08000000      0x188 CMakeFiles/mystm32.elf.dir/startup/startup_stm32f407xx.s.obj
                0x08000000                g_pfnVectors
                0x08000188                . = ALIGN (0x4)

.text           0x080001c0     0xa190
                0x080001c0                . = ALIGN (0x4)
 *(.text)
 .text          0x080001c0       0x40 e:/program files/gcc-arm-none-eabi-9-2020/bin/../lib/gcc/arm-none-eabi/9.3.1/thumb/v7e-m/nofp/crtbegin.o
 .text          0x08000200      0x378 e:/program files/gcc-arm-none-eabi-9-2020/bin/../lib/gcc/arm-none-eabi/9.3.1/thumb/v7e-m/nofp\libgcc.a(_arm_addsubdf3.o)
                0x08000200                __aeabi_drsub
                0x08000208                __aeabi_dsub
                0x08000208                __subdf3
                0x0800020c                __aeabi_dadd
                0x0800020c                __adddf3
                0x08000484                __floatunsidf
                0x08000484                __aeabi_ui2d
                0x080004a4                __floatsidf
                0x080004a4                __aeabi_i2d
                0x080004c8                __aeabi_f2d
                0x080004c8                __extendsfdf2
                0x0800050c                __floatundidf
                0x0800050c                __aeabi_ul2d
                0x0800051c                __floatdidf
                0x0800051c                __aeabi_l2d
 .text          0x08000578      0x424 e:/program files/gcc-arm-none-eabi-9-2020/bin/../lib/gcc/arm-none-eabi/9.3.1/thumb/v7e-m/nofp\libgcc.a(_arm_muldivdf3.o)
                0x08000578                __aeabi_dmul
                0x08000578                __muldf3
                0x080007cc                __divdf3
                0x080007cc                __aeabi_ddiv
 .text          0x0800099c       0x50 e:/program files/gcc-arm-none-eabi-9-2020/bin/../lib/gcc/arm-none-eabi/9.3.1/thumb/v7e-m/nofp\libgcc.a(_arm_fixdfsi.o)
                0x0800099c                __aeabi_d2iz
                0x0800099c                __fixdfsi
 .text          0x080009ec       0xa0 e:/program files/gcc-arm-none-eabi-9-2020/bin/../lib/gcc/arm-none-eabi/9.3.1/thumb/v7e-m/nofp\libgcc.a(_arm_truncdfsf2.o)
                0x080009ec                __truncdfsf2
                0x080009ec                __aeabi_d2f
 .text          0x08000a8c      0x21c e:/program files/gcc-arm-none-eabi-9-2020/bin/../lib/gcc/arm-none-eabi/9.3.1/thumb/v7e-m/nofp\libgcc.a(_arm_addsubsf3.o)
                0x08000a8c                __aeabi_frsub
                0x08000a94                __subsf3
                0x08000a94                __aeabi_fsub
                0x08000a98                __aeabi_fadd
                0x08000a98                __addsf3
                0x08000bf8                __aeabi_ui2f
                0x08000bf8                __floatunsisf
                0x08000c00                __aeabi_i2f
                0x08000c00                __floatsisf
                0x08000c1c                __aeabi_ul2f
                0x08000c1c                __floatundisf
                0x08000c2c                __aeabi_l2f
                0x08000c2c                __floatdisf
 .text          0x08000ca8      0x2a0 e:/program files/gcc-arm-none-eabi-9-2020/bin/../lib/gcc/arm-none-eabi/9.3.1/thumb/v7e-m/nofp\libgcc.a(_arm_muldivsf3.o)
                0x08000ca8                __mulsf3
                0x08000ca8                __aeabi_fmul
                0x08000e10                __aeabi_fdiv
                0x08000e10                __divsf3
 .text          0x08000f48       0x4c e:/program files/gcc-arm-none-eabi-9-2020/bin/../lib/gcc/arm-none-eabi/9.3.1/thumb/v7e-m/nofp\libgcc.a(_arm_fixsfsi.o)
                0x08000f48                __aeabi_f2iz
                0x08000f48                __fixsfsi
 .text          0x08000f94       0x40 e:/program files/gcc-arm-none-eabi-9-2020/bin/../lib/gcc/arm-none-eabi/9.3.1/thumb/v7e-m/nofp\libgcc.a(_arm_fixunssfsi.o)
                0x08000f94                __fixunssfsi
                0x08000f94                __aeabi_f2uiz
 .text          0x08000fd4       0x30 e:/program files/gcc-arm-none-eabi-9-2020/bin/../lib/gcc/arm-none-eabi/9.3.1/thumb/v7e-m/nofp\libgcc.a(_aeabi_uldivmod.o)
                0x08000fd4                __aeabi_uldivmod
 .text          0x08001004      0x2c0 e:/program files/gcc-arm-none-eabi-9-2020/bin/../lib/gcc/arm-none-eabi/9.3.1/thumb/v7e-m/nofp\libgcc.a(_udivmoddi4.o)
                0x08001004                __udivmoddi4
 .text          0x080012c4        0x4 e:/program files/gcc-arm-none-eabi-9-2020/bin/../lib/gcc/arm-none-eabi/9.3.1/thumb/v7e-m/nofp\libgcc.a(_dvmd_tls.o)
                0x080012c4                __aeabi_idiv0
                0x080012c4                __aeabi_ldiv0
 *fill*         0x080012c8       0x38 
 .text          0x08001300       0xdc e:/program files/gcc-arm-none-eabi-9-2020/bin/../lib/gcc/arm-none-eabi/9.3.1/../../../../arm-none-eabi/lib/thumb/v7e-m/nofp\libg.a(lib_a-strlen.o)
                0x08001300                strlen
 *fill*         0x080013dc        0x4 
 .text          0x080013e0       0xa0 e:/program files/gcc-arm-none-eabi-9-2020/bin/../lib/gcc/arm-none-eabi/9.3.1/../../../../arm-none-eabi/lib/thumb/v7e-m/nofp\libg.a(lib_a-memchr.o)
                0x080013e0                memchr
 .text          0x08001480      0x134 e:/program files/gcc-arm-none-eabi-9-2020/bin/../lib/gcc/arm-none-eabi/9.3.1/../../../../arm-none-eabi/lib/thumb/v7e-m/nofp\libg.a(lib_a-memcpy.o)
                0x08001480                memcpy
 .text          0x080015b4      0x110 e:/program files/gcc-arm-none-eabi-9-2020/bin/../lib/gcc/arm-none-eabi/9.3.1/thumb/v7e-m/nofp\libgcc.a(_arm_cmpdf2.o)
                0x080015b4                __gtdf2
                0x080015b4                __gedf2
                0x080015bc                __ltdf2
                0x080015bc                __ledf2
                0x080015c4                __nedf2
                0x080015c4                __eqdf2
                0x080015c4                __cmpdf2
                0x08001640                __aeabi_cdrcmple
                0x08001650                __aeabi_cdcmpeq
                0x08001650                __aeabi_cdcmple
                0x08001660                __aeabi_dcmpeq
                0x08001674                __aeabi_dcmplt
                0x08001688                __aeabi_dcmple
                0x0800169c                __aeabi_dcmpge
                0x080016b0                __aeabi_dcmpgt
 .text          0x080016c4       0x2c e:/program files/gcc-arm-none-eabi-9-2020/bin/../lib/gcc/arm-none-eabi/9.3.1/thumb/v7e-m/nofp\libgcc.a(_arm_unorddf2.o)
                0x080016c4                __unorddf2
                0x080016c4                __aeabi_dcmpun
 *(.text*)
 .text.MX_GPIO_Init
                0x080016f0       0x94 CMakeFiles/mystm32.elf.dir/Core/Src/gpio.c.obj
                0x080016f0                MX_GPIO_Init
 .text.HAL_TIM_PeriodElapsedCallback
                0x08001784       0x18 CMakeFiles/mystm32.elf.dir/Core/Src/main.c.obj
                0x08001784                HAL_TIM_PeriodElapsedCallback
 .text.Error_Handler
                0x0800179c        0x4 CMakeFiles/mystm32.elf.dir/Core/Src/main.c.obj
                0x0800179c                Error_Handler
 .text.SystemClock_Config
                0x080017a0       0xd8 CMakeFiles/mystm32.elf.dir/Core/Src/main.c.obj
                0x080017a0                SystemClock_Config
 .text.main     0x08001878       0x64 CMakeFiles/mystm32.elf.dir/Core/Src/main.c.obj
                0x08001878                main
 .text.RetargetInit
                0x080018dc       0x20 CMakeFiles/mystm32.elf.dir/Core/Src/retarget.c.obj
                0x080018dc                RetargetInit
 .text._write   0x080018fc       0x34 CMakeFiles/mystm32.elf.dir/Core/Src/retarget.c.obj
                0x080018fc                _write
 .text._read    0x08001930       0x30 CMakeFiles/mystm32.elf.dir/Core/Src/retarget.c.obj
                0x08001930                _read
 .text.HAL_MspInit
                0x08001960       0x38 CMakeFiles/mystm32.elf.dir/Core/Src/stm32f4xx_hal_msp.c.obj
                0x08001960                HAL_MspInit
 .text.HAL_InitTick
                0x08001998       0x7c CMakeFiles/mystm32.elf.dir/Core/Src/stm32f4xx_hal_timebase_tim.c.obj
                0x08001998                HAL_InitTick
 .text.NMI_Handler
                0x08001a14        0x8 CMakeFiles/mystm32.elf.dir/Core/Src/stm32f4xx_it.c.obj
                0x08001a14                NMI_Handler
 .text.HardFault_Handler
                0x08001a1c        0x2 CMakeFiles/mystm32.elf.dir/Core/Src/stm32f4xx_it.c.obj
                0x08001a1c                HardFault_Handler
 .text.MemManage_Handler
                0x08001a1e        0x2 CMakeFiles/mystm32.elf.dir/Core/Src/stm32f4xx_it.c.obj
                0x08001a1e                MemManage_Handler
 .text.BusFault_Handler
                0x08001a20        0x2 CMakeFiles/mystm32.elf.dir/Core/Src/stm32f4xx_it.c.obj
                0x08001a20                BusFault_Handler
 .text.UsageFault_Handler
                0x08001a22        0x2 CMakeFiles/mystm32.elf.dir/Core/Src/stm32f4xx_it.c.obj
                0x08001a22                UsageFault_Handler
 .text.SVC_Handler
                0x08001a24        0x2 CMakeFiles/mystm32.elf.dir/Core/Src/stm32f4xx_it.c.obj
                0x08001a24                SVC_Handler
 .text.DebugMon_Handler
                0x08001a26        0x2 CMakeFiles/mystm32.elf.dir/Core/Src/stm32f4xx_it.c.obj
                0x08001a26                DebugMon_Handler
 .text.PendSV_Handler
                0x08001a28        0x2 CMakeFiles/mystm32.elf.dir/Core/Src/stm32f4xx_it.c.obj
                0x08001a28                PendSV_Handler
 .text.SysTick_Handler
                0x08001a2a        0x2 CMakeFiles/mystm32.elf.dir/Core/Src/stm32f4xx_it.c.obj
                0x08001a2a                SysTick_Handler
 .text.TIM1_UP_TIM10_IRQHandler
                0x08001a2c       0x10 CMakeFiles/mystm32.elf.dir/Core/Src/stm32f4xx_it.c.obj
                0x08001a2c                TIM1_UP_TIM10_IRQHandler
 .text.Usart_SendByte
                0x08001a3c        0xc CMakeFiles/mystm32.elf.dir/Core/Src/stm32f4xx_it.c.obj
                0x08001a3c                Usart_SendByte
 .text.USART1_IRQHandler
                0x08001a48       0xa4 CMakeFiles/mystm32.elf.dir/Core/Src/stm32f4xx_it.c.obj
                0x08001a48                USART1_IRQHandler
 .text._getpid  0x08001aec        0x4 CMakeFiles/mystm32.elf.dir/Core/Src/syscalls.c.obj
                0x08001aec                _getpid
 .text._kill    0x08001af0       0x10 CMakeFiles/mystm32.elf.dir/Core/Src/syscalls.c.obj
                0x08001af0                _kill
 .text._exit    0x08001b00        0xc CMakeFiles/mystm32.elf.dir/Core/Src/syscalls.c.obj
                0x08001b00                _exit
 .text._sbrk    0x08001b0c       0x3c CMakeFiles/mystm32.elf.dir/Core/Src/syscalls.c.obj
                0x08001b0c                _sbrk
 .text._close   0x08001b48        0x6 CMakeFiles/mystm32.elf.dir/Core/Src/syscalls.c.obj
                0x08001b48                _close
 .text._fstat   0x08001b4e        0xa CMakeFiles/mystm32.elf.dir/Core/Src/syscalls.c.obj
                0x08001b4e                _fstat
 .text._isatty  0x08001b58        0x4 CMakeFiles/mystm32.elf.dir/Core/Src/syscalls.c.obj
                0x08001b58                _isatty
 .text._lseek   0x08001b5c        0x4 CMakeFiles/mystm32.elf.dir/Core/Src/syscalls.c.obj
                0x08001b5c                _lseek
 .text.SystemInit
                0x08001b60        0x2 CMakeFiles/mystm32.elf.dir/Core/Src/system_stm32f4xx.c.obj
                0x08001b60                SystemInit
 *fill*         0x08001b62        0x2 
 .text.MX_USART1_UART_Init
                0x08001b64       0x40 CMakeFiles/mystm32.elf.dir/Core/Src/usart.c.obj
                0x08001b64                MX_USART1_UART_Init
 .text.HAL_UART_MspInit
                0x08001ba4       0x84 CMakeFiles/mystm32.elf.dir/Core/Src/usart.c.obj
                0x08001ba4                HAL_UART_MspInit
 .text.uart_FlushRxBuffer
                0x08001c28       0x14 CMakeFiles/mystm32.elf.dir/Core/Src/usart.c.obj
                0x08001c28                uart_FlushRxBuffer
 .text.HAL_Init
                0x08001c3c       0x34 CMakeFiles/mystm32.elf.dir/Drivers/STM32F4xx_HAL_Driver/Src/stm32f4xx_hal.c.obj
                0x08001c3c                HAL_Init
 .text.HAL_IncTick
                0x08001c70       0x18 CMakeFiles/mystm32.elf.dir/Drivers/STM32F4xx_HAL_Driver/Src/stm32f4xx_hal.c.obj
                0x08001c70                HAL_IncTick
 .text.HAL_GetTick
                0x08001c88        0xc CMakeFiles/mystm32.elf.dir/Drivers/STM32F4xx_HAL_Driver/Src/stm32f4xx_hal.c.obj
                0x08001c88                HAL_GetTick
 .text.HAL_Delay
                0x08001c94       0x28 CMakeFiles/mystm32.elf.dir/Drivers/STM32F4xx_HAL_Driver/Src/stm32f4xx_hal.c.obj
                0x08001c94                HAL_Delay
 .text.HAL_NVIC_SetPriorityGrouping
                0x08001cbc       0x24 CMakeFiles/mystm32.elf.dir/Drivers/STM32F4xx_HAL_Driver/Src/stm32f4xx_hal_cortex.c.obj
                0x08001cbc                HAL_NVIC_SetPriorityGrouping
 .text.HAL_NVIC_SetPriority
                0x08001ce0       0x68 CMakeFiles/mystm32.elf.dir/Drivers/STM32F4xx_HAL_Driver/Src/stm32f4xx_hal_cortex.c.obj
                0x08001ce0                HAL_NVIC_SetPriority
 .text.HAL_NVIC_EnableIRQ
                0x08001d48       0x1c CMakeFiles/mystm32.elf.dir/Drivers/STM32F4xx_HAL_Driver/Src/stm32f4xx_hal_cortex.c.obj
                0x08001d48                HAL_NVIC_EnableIRQ
 .text.HAL_DMA_Abort
                0x08001d64       0x94 CMakeFiles/mystm32.elf.dir/Drivers/STM32F4xx_HAL_Driver/Src/stm32f4xx_hal_dma.c.obj
                0x08001d64                HAL_DMA_Abort
 .text.HAL_DMA_Abort_IT
                0x08001df8       0x26 CMakeFiles/mystm32.elf.dir/Drivers/STM32F4xx_HAL_Driver/Src/stm32f4xx_hal_dma.c.obj
                0x08001df8                HAL_DMA_Abort_IT
 *fill*         0x08001e1e        0x2 
 .text.HAL_GPIO_Init
                0x08001e20      0x1d4 CMakeFiles/mystm32.elf.dir/Drivers/STM32F4xx_HAL_Driver/Src/stm32f4xx_hal_gpio.c.obj
                0x08001e20                HAL_GPIO_Init
 .text.HAL_GPIO_WritePin
                0x08001ff4        0xc CMakeFiles/mystm32.elf.dir/Drivers/STM32F4xx_HAL_Driver/Src/stm32f4xx_hal_gpio.c.obj
                0x08001ff4                HAL_GPIO_WritePin
 .text.HAL_RCC_OscConfig
                0x08002000      0x3f8 CMakeFiles/mystm32.elf.dir/Drivers/STM32F4xx_HAL_Driver/Src/stm32f4xx_hal_rcc.c.obj
                0x08002000                HAL_RCC_OscConfig
 .text.HAL_RCC_EnableCSS
                0x080023f8        0xc CMakeFiles/mystm32.elf.dir/Drivers/STM32F4xx_HAL_Driver/Src/stm32f4xx_hal_rcc.c.obj
                0x080023f8                HAL_RCC_EnableCSS
 .text.HAL_RCC_GetSysClockFreq
                0x08002404       0xcc CMakeFiles/mystm32.elf.dir/Drivers/STM32F4xx_HAL_Driver/Src/stm32f4xx_hal_rcc.c.obj
                0x08002404                HAL_RCC_GetSysClockFreq
 .text.HAL_RCC_ClockConfig
                0x080024d0      0x160 CMakeFiles/mystm32.elf.dir/Drivers/STM32F4xx_HAL_Driver/Src/stm32f4xx_hal_rcc.c.obj
                0x080024d0                HAL_RCC_ClockConfig
 .text.HAL_RCC_GetHCLKFreq
                0x08002630        0xc CMakeFiles/mystm32.elf.dir/Drivers/STM32F4xx_HAL_Driver/Src/stm32f4xx_hal_rcc.c.obj
                0x08002630                HAL_RCC_GetHCLKFreq
 .text.HAL_RCC_GetPCLK1Freq
                0x0800263c       0x20 CMakeFiles/mystm32.elf.dir/Drivers/STM32F4xx_HAL_Driver/Src/stm32f4xx_hal_rcc.c.obj
                0x0800263c                HAL_RCC_GetPCLK1Freq
 .text.HAL_RCC_GetPCLK2Freq
                0x0800265c       0x20 CMakeFiles/mystm32.elf.dir/Drivers/STM32F4xx_HAL_Driver/Src/stm32f4xx_hal_rcc.c.obj
                0x0800265c                HAL_RCC_GetPCLK2Freq
 .text.HAL_RCC_GetClockConfig
                0x0800267c       0x3c CMakeFiles/mystm32.elf.dir/Drivers/STM32F4xx_HAL_Driver/Src/stm32f4xx_hal_rcc.c.obj
                0x0800267c                HAL_RCC_GetClockConfig
 .text.HAL_RCC_CSSCallback
                0x080026b8        0x2 CMakeFiles/mystm32.elf.dir/Drivers/STM32F4xx_HAL_Driver/Src/stm32f4xx_hal_rcc.c.obj
                0x080026b8                HAL_RCC_CSSCallback
 *fill*         0x080026ba        0x2 
 .text.HAL_RCC_NMI_IRQHandler
                0x080026bc       0x24 CMakeFiles/mystm32.elf.dir/Drivers/STM32F4xx_HAL_Driver/Src/stm32f4xx_hal_rcc.c.obj
                0x080026bc                HAL_RCC_NMI_IRQHandler
 .text.TIM_OC1_SetConfig
                0x080026e0       0x68 CMakeFiles/mystm32.elf.dir/Drivers/STM32F4xx_HAL_Driver/Src/stm32f4xx_hal_tim.c.obj
 .text.TIM_OC3_SetConfig
                0x08002748       0x70 CMakeFiles/mystm32.elf.dir/Drivers/STM32F4xx_HAL_Driver/Src/stm32f4xx_hal_tim.c.obj
 .text.TIM_OC4_SetConfig
                0x080027b8       0x50 CMakeFiles/mystm32.elf.dir/Drivers/STM32F4xx_HAL_Driver/Src/stm32f4xx_hal_tim.c.obj
 .text.HAL_TIM_Base_MspInit
                0x08002808        0x2 CMakeFiles/mystm32.elf.dir/Drivers/STM32F4xx_HAL_Driver/Src/stm32f4xx_hal_tim.c.obj
                0x08002808                HAL_TIM_Base_MspInit
 *fill*         0x0800280a        0x2 
 .text.HAL_TIM_Base_Start_IT
                0x0800280c       0x88 CMakeFiles/mystm32.elf.dir/Drivers/STM32F4xx_HAL_Driver/Src/stm32f4xx_hal_tim.c.obj
                0x0800280c                HAL_TIM_Base_Start_IT
 .text.HAL_TIM_OC_MspInit
                0x08002894        0x2 CMakeFiles/mystm32.elf.dir/Drivers/STM32F4xx_HAL_Driver/Src/stm32f4xx_hal_tim.c.obj
                0x08002894                HAL_TIM_OC_MspInit
 .text.HAL_TIM_OC_DelayElapsedCallback
                0x08002896        0x2 CMakeFiles/mystm32.elf.dir/Drivers/STM32F4xx_HAL_Driver/Src/stm32f4xx_hal_tim.c.obj
                0x08002896                HAL_TIM_OC_DelayElapsedCallback
 .text.HAL_TIM_IC_CaptureCallback
                0x08002898        0x2 CMakeFiles/mystm32.elf.dir/Drivers/STM32F4xx_HAL_Driver/Src/stm32f4xx_hal_tim.c.obj
                0x08002898                HAL_TIM_IC_CaptureCallback
 .text.HAL_TIM_PWM_PulseFinishedCallback
                0x0800289a        0x2 CMakeFiles/mystm32.elf.dir/Drivers/STM32F4xx_HAL_Driver/Src/stm32f4xx_hal_tim.c.obj
                0x0800289a                HAL_TIM_PWM_PulseFinishedCallback
 .text.HAL_TIM_TriggerCallback
                0x0800289c        0x2 CMakeFiles/mystm32.elf.dir/Drivers/STM32F4xx_HAL_Driver/Src/stm32f4xx_hal_tim.c.obj
                0x0800289c                HAL_TIM_TriggerCallback
 .text.HAL_TIM_IRQHandler
                0x0800289e      0x17a CMakeFiles/mystm32.elf.dir/Drivers/STM32F4xx_HAL_Driver/Src/stm32f4xx_hal_tim.c.obj
                0x0800289e                HAL_TIM_IRQHandler
 .text.TIM_Base_SetConfig
                0x08002a18       0xc8 CMakeFiles/mystm32.elf.dir/Drivers/STM32F4xx_HAL_Driver/Src/stm32f4xx_hal_tim.c.obj
                0x08002a18                TIM_Base_SetConfig
 .text.HAL_TIM_Base_Init
                0x08002ae0       0x58 CMakeFiles/mystm32.elf.dir/Drivers/STM32F4xx_HAL_Driver/Src/stm32f4xx_hal_tim.c.obj
                0x08002ae0                HAL_TIM_Base_Init
 .text.HAL_TIM_OC_Init
                0x08002b38       0x58 CMakeFiles/mystm32.elf.dir/Drivers/STM32F4xx_HAL_Driver/Src/stm32f4xx_hal_tim.c.obj
                0x08002b38                HAL_TIM_OC_Init
 .text.TIM_OC2_SetConfig
                0x08002b90       0x70 CMakeFiles/mystm32.elf.dir/Drivers/STM32F4xx_HAL_Driver/Src/stm32f4xx_hal_tim.c.obj
                0x08002b90                TIM_OC2_SetConfig
 .text.HAL_TIM_OC_ConfigChannel
                0x08002c00       0x5e CMakeFiles/mystm32.elf.dir/Drivers/STM32F4xx_HAL_Driver/Src/stm32f4xx_hal_tim.c.obj
                0x08002c00                HAL_TIM_OC_ConfigChannel
 .text.TIM_CCxChannelCmd
                0x08002c5e       0x22 CMakeFiles/mystm32.elf.dir/Drivers/STM32F4xx_HAL_Driver/Src/stm32f4xx_hal_tim.c.obj
                0x08002c5e                TIM_CCxChannelCmd
 .text.HAL_TIM_OC_Stop_IT
                0x08002c80       0xdc CMakeFiles/mystm32.elf.dir/Drivers/STM32F4xx_HAL_Driver/Src/stm32f4xx_hal_tim.c.obj
                0x08002c80                HAL_TIM_OC_Stop_IT
 .text.HAL_TIMEx_CommutCallback
                0x08002d5c        0x2 CMakeFiles/mystm32.elf.dir/Drivers/STM32F4xx_HAL_Driver/Src/stm32f4xx_hal_tim_ex.c.obj
                0x08002d5c                HAL_TIMEx_CommutCallback
 .text.HAL_TIMEx_BreakCallback
                0x08002d5e        0x2 CMakeFiles/mystm32.elf.dir/Drivers/STM32F4xx_HAL_Driver/Src/stm32f4xx_hal_tim_ex.c.obj
                0x08002d5e                HAL_TIMEx_BreakCallback
 .text.UART_EndRxTransfer
                0x08002d60       0x5c CMakeFiles/mystm32.elf.dir/Drivers/STM32F4xx_HAL_Driver/Src/stm32f4xx_hal_uart.c.obj
 .text.UART_Transmit_IT
                0x08002dbc       0x60 CMakeFiles/mystm32.elf.dir/Drivers/STM32F4xx_HAL_Driver/Src/stm32f4xx_hal_uart.c.obj
 .text.UART_SetConfig
                0x08002e1c      0x11c CMakeFiles/mystm32.elf.dir/Drivers/STM32F4xx_HAL_Driver/Src/stm32f4xx_hal_uart.c.obj
 .text.UART_WaitOnFlagUntilTimeout
                0x08002f38       0x84 CMakeFiles/mystm32.elf.dir/Drivers/STM32F4xx_HAL_Driver/Src/stm32f4xx_hal_uart.c.obj
 .text.HAL_UART_Init
                0x08002fbc       0x5e CMakeFiles/mystm32.elf.dir/Drivers/STM32F4xx_HAL_Driver/Src/stm32f4xx_hal_uart.c.obj
                0x08002fbc                HAL_UART_Init
 .text.HAL_UART_Transmit
                0x0800301a       0xd8 CMakeFiles/mystm32.elf.dir/Drivers/STM32F4xx_HAL_Driver/Src/stm32f4xx_hal_uart.c.obj
                0x0800301a                HAL_UART_Transmit
 .text.HAL_UART_Receive
                0x080030f2       0xe4 CMakeFiles/mystm32.elf.dir/Drivers/STM32F4xx_HAL_Driver/Src/stm32f4xx_hal_uart.c.obj
                0x080030f2                HAL_UART_Receive
 .text.HAL_UART_TxCpltCallback
                0x080031d6        0x2 CMakeFiles/mystm32.elf.dir/Drivers/STM32F4xx_HAL_Driver/Src/stm32f4xx_hal_uart.c.obj
                0x080031d6                HAL_UART_TxCpltCallback
 .text.UART_EndTransmit_IT
                0x080031d8       0x1a CMakeFiles/mystm32.elf.dir/Drivers/STM32F4xx_HAL_Driver/Src/stm32f4xx_hal_uart.c.obj
 .text.HAL_UART_RxCpltCallback
                0x080031f2        0x2 CMakeFiles/mystm32.elf.dir/Drivers/STM32F4xx_HAL_Driver/Src/stm32f4xx_hal_uart.c.obj
                0x080031f2                HAL_UART_RxCpltCallback
 .text.HAL_UART_ErrorCallback
                0x080031f4        0x2 CMakeFiles/mystm32.elf.dir/Drivers/STM32F4xx_HAL_Driver/Src/stm32f4xx_hal_uart.c.obj
                0x080031f4                HAL_UART_ErrorCallback
 .text.UART_DMAAbortOnError
                0x080031f6       0x10 CMakeFiles/mystm32.elf.dir/Drivers/STM32F4xx_HAL_Driver/Src/stm32f4xx_hal_uart.c.obj
 .text.HAL_UARTEx_RxEventCallback
                0x08003206        0x2 CMakeFiles/mystm32.elf.dir/Drivers/STM32F4xx_HAL_Driver/Src/stm32f4xx_hal_uart.c.obj
                0x08003206                HAL_UARTEx_RxEventCallback
 .text.UART_Receive_IT
                0x08003208       0xe2 CMakeFiles/mystm32.elf.dir/Drivers/STM32F4xx_HAL_Driver/Src/stm32f4xx_hal_uart.c.obj
 *fill*         0x080032ea        0x2 
 .text.HAL_UART_IRQHandler
                0x080032ec      0x280 CMakeFiles/mystm32.elf.dir/Drivers/STM32F4xx_HAL_Driver/Src/stm32f4xx_hal_uart.c.obj
                0x080032ec                HAL_UART_IRQHandler
 .text.StepperCounter
                0x0800356c       0x1c CMakeFiles/mystm32.elf.dir/User/Src/bsp_stepper_T_speed.c.obj
                0x0800356c                StepperCounter
 .text.stepper_move_T
                0x08003588      0x20c CMakeFiles/mystm32.elf.dir/User/Src/bsp_stepper_T_speed.c.obj
                0x08003588                stepper_move_T
 .text.speed_decision
                0x08003794      0x1bc CMakeFiles/mystm32.elf.dir/User/Src/bsp_stepper_T_speed.c.obj
                0x08003794                speed_decision
 .text.Stepper_GPIO_Config
                0x08003950       0x8c CMakeFiles/mystm32.elf.dir/User/Src/bsp_stepper_init.c.obj
 .text.TIMx_NVIC_Configuration
                0x080039dc       0x14 CMakeFiles/mystm32.elf.dir/User/Src/bsp_stepper_init.c.obj
 .text.TIM_PWMOUTPUT_Config
                0x080039f0       0x64 CMakeFiles/mystm32.elf.dir/User/Src/bsp_stepper_init.c.obj
                0x080039f0                TIM_PWMOUTPUT_Config
 .text.stepper_Init
                0x08003a54       0x10 CMakeFiles/mystm32.elf.dir/User/Src/bsp_stepper_init.c.obj
                0x08003a54                stepper_Init
 .text.TIM8_CC_IRQHandler
                0x08003a64        0x8 CMakeFiles/mystm32.elf.dir/User/Src/bsp_stepper_init.c.obj
                0x08003a64                TIM8_CC_IRQHandler
 .text.ShowHelp
                0x08003a6c       0x74 CMakeFiles/mystm32.elf.dir/User/Src/bsp_stepper_usart_ctl.c.obj
                0x08003a6c                ShowHelp
 .text.ShowData
                0x08003ae0       0xb8 CMakeFiles/mystm32.elf.dir/User/Src/bsp_stepper_usart_ctl.c.obj
                0x08003ae0                ShowData
 .text.MSD_demo_run
                0x08003b98       0x98 CMakeFiles/mystm32.elf.dir/User/Src/bsp_stepper_usart_ctl.c.obj
                0x08003b98                MSD_demo_run
 .text.DealSerialData
                0x08003c30      0x2b4 CMakeFiles/mystm32.elf.dir/User/Src/bsp_stepper_usart_ctl.c.obj
                0x08003c30                DealSerialData
 .text.Reset_Handler
                0x08003ee4       0x50 CMakeFiles/mystm32.elf.dir/startup/startup_stm32f407xx.s.obj
                0x08003ee4                Reset_Handler
 .text.Default_Handler
                0x08003f34        0x2 CMakeFiles/mystm32.elf.dir/startup/startup_stm32f407xx.s.obj
                0x08003f34                RTC_Alarm_IRQHandler
                0x08003f34                HASH_RNG_IRQHandler
                0x08003f34                EXTI2_IRQHandler
                0x08003f34                TIM1_CC_IRQHandler
                0x08003f34                DMA2_Stream5_IRQHandler
                0x08003f34                DMA1_Stream5_IRQHandler
                0x08003f34                PVD_IRQHandler
                0x08003f34                SDIO_IRQHandler
                0x08003f34                TAMP_STAMP_IRQHandler
                0x08003f34                CAN2_RX1_IRQHandler
                0x08003f34                EXTI3_IRQHandler
                0x08003f34                TIM8_TRG_COM_TIM14_IRQHandler
                0x08003f34                TIM8_UP_TIM13_IRQHandler
                0x08003f34                I2C3_ER_IRQHandler
                0x08003f34                EXTI0_IRQHandler
                0x08003f34                I2C2_EV_IRQHandler
                0x08003f34                DMA1_Stream2_IRQHandler
                0x08003f34                CAN1_RX0_IRQHandler
                0x08003f34                FPU_IRQHandler
                0x08003f34                OTG_HS_WKUP_IRQHandler
                0x08003f34                CAN2_SCE_IRQHandler
                0x08003f34                DMA2_Stream2_IRQHandler
                0x08003f34                SPI1_IRQHandler
                0x08003f34                TIM6_DAC_IRQHandler
                0x08003f34                TIM1_BRK_TIM9_IRQHandler
                0x08003f34                DCMI_IRQHandler
                0x08003f34                CAN2_RX0_IRQHandler
                0x08003f34                DMA2_Stream3_IRQHandler
                0x08003f34                USART6_IRQHandler
                0x08003f34                USART3_IRQHandler
                0x08003f34                CAN1_RX1_IRQHandler
                0x08003f34                UART5_IRQHandler
                0x08003f34                DMA2_Stream0_IRQHandler
                0x08003f34                TIM4_IRQHandler
                0x08003f34                I2C1_EV_IRQHandler
                0x08003f34                DMA1_Stream6_IRQHandler
                0x08003f34                DMA1_Stream1_IRQHandler
                0x08003f34                UART4_IRQHandler
                0x08003f34                TIM3_IRQHandler
                0x08003f34                RCC_IRQHandler
                0x08003f34                TIM8_BRK_TIM12_IRQHandler
                0x08003f34                Default_Handler
                0x08003f34                EXTI15_10_IRQHandler
                0x08003f34                ADC_IRQHandler
                0x08003f34                DMA1_Stream7_IRQHandler
                0x08003f34                TIM7_IRQHandler
                0x08003f34                CAN2_TX_IRQHandler
                0x08003f34                TIM5_IRQHandler
                0x08003f34                DMA2_Stream7_IRQHandler
                0x08003f34                I2C3_EV_IRQHandler
                0x08003f34                EXTI9_5_IRQHandler
                0x08003f34                RTC_WKUP_IRQHandler
                0x08003f34                ETH_WKUP_IRQHandler
                0x08003f34                SPI2_IRQHandler
                0x08003f34                OTG_HS_EP1_IN_IRQHandler
                0x08003f34                DMA1_Stream0_IRQHandler
                0x08003f34                CAN1_TX_IRQHandler
                0x08003f34                EXTI4_IRQHandler
                0x08003f34                FSMC_IRQHandler
                0x08003f34                ETH_IRQHandler
                0x08003f34                OTG_HS_EP1_OUT_IRQHandler
                0x08003f34                WWDG_IRQHandler
                0x08003f34                TIM2_IRQHandler
                0x08003f34                OTG_FS_WKUP_IRQHandler
                0x08003f34                TIM1_TRG_COM_TIM11_IRQHandler
                0x08003f34                OTG_HS_IRQHandler
                0x08003f34                EXTI1_IRQHandler
                0x08003f34                USART2_IRQHandler
                0x08003f34                I2C2_ER_IRQHandler
                0x08003f34                DMA2_Stream1_IRQHandler
                0x08003f34                CAN1_SCE_IRQHandler
                0x08003f34                FLASH_IRQHandler
                0x08003f34                DMA2_Stream4_IRQHandler
                0x08003f34                OTG_FS_IRQHandler
                0x08003f34                SPI3_IRQHandler
                0x08003f34                DMA1_Stream4_IRQHandler
                0x08003f34                I2C1_ER_IRQHandler
                0x08003f34                DMA2_Stream6_IRQHandler
                0x08003f34                DMA1_Stream3_IRQHandler
 *fill*         0x08003f36        0x2 
 .text.atoi     0x08003f38        0x8 e:/program files/gcc-arm-none-eabi-9-2020/bin/../lib/gcc/arm-none-eabi/9.3.1/../../../../arm-none-eabi/lib/thumb/v7e-m/nofp\libg.a(lib_a-atoi.o)
                0x08003f38                atoi
 .text.__errno  0x08003f40        0xc e:/program files/gcc-arm-none-eabi-9-2020/bin/../lib/gcc/arm-none-eabi/9.3.1/../../../../arm-none-eabi/lib/thumb/v7e-m/nofp\libg.a(lib_a-errno.o)
                0x08003f40                __errno
 .text.__libc_init_array
                0x08003f4c       0x48 e:/program files/gcc-arm-none-eabi-9-2020/bin/../lib/gcc/arm-none-eabi/9.3.1/../../../../arm-none-eabi/lib/thumb/v7e-m/nofp\libg.a(lib_a-init.o)
                0x08003f4c                __libc_init_array
 .text.memset   0x08003f94       0xa0 e:/program files/gcc-arm-none-eabi-9-2020/bin/../lib/gcc/arm-none-eabi/9.3.1/../../../../arm-none-eabi/lib/thumb/v7e-m/nofp\libg.a(lib_a-memset.o)
                0x08003f94                memset
 .text.printf   0x08004034       0x28 e:/program files/gcc-arm-none-eabi-9-2020/bin/../lib/gcc/arm-none-eabi/9.3.1/../../../../arm-none-eabi/lib/thumb/v7e-m/nofp\libg.a(lib_a-printf.o)
                0x08004034                printf
 .text._puts_r  0x0800405c       0x9c e:/program files/gcc-arm-none-eabi-9-2020/bin/../lib/gcc/arm-none-eabi/9.3.1/../../../../arm-none-eabi/lib/thumb/v7e-m/nofp\libg.a(lib_a-puts.o)
                0x0800405c                _puts_r
 .text.puts     0x080040f8       0x10 e:/program files/gcc-arm-none-eabi-9-2020/bin/../lib/gcc/arm-none-eabi/9.3.1/../../../../arm-none-eabi/lib/thumb/v7e-m/nofp\libg.a(lib_a-puts.o)
                0x080040f8                puts
 .text.setvbuf  0x08004108      0x1a0 e:/program files/gcc-arm-none-eabi-9-2020/bin/../lib/gcc/arm-none-eabi/9.3.1/../../../../arm-none-eabi/lib/thumb/v7e-m/nofp\libg.a(lib_a-setvbuf.o)
                0x08004108                setvbuf
 .text._strtol_l.isra.0
                0x080042a8      0x12c e:/program files/gcc-arm-none-eabi-9-2020/bin/../lib/gcc/arm-none-eabi/9.3.1/../../../../arm-none-eabi/lib/thumb/v7e-m/nofp\libg.a(lib_a-strtol.o)
 .text.strtol   0x080043d4       0x18 e:/program files/gcc-arm-none-eabi-9-2020/bin/../lib/gcc/arm-none-eabi/9.3.1/../../../../arm-none-eabi/lib/thumb/v7e-m/nofp\libg.a(lib_a-strtol.o)
                0x080043d4                strtol
 .text._vfprintf_r
                0x080043ec     0x1b84 e:/program files/gcc-arm-none-eabi-9-2020/bin/../lib/gcc/arm-none-eabi/9.3.1/../../../../arm-none-eabi/lib/thumb/v7e-m/nofp\libg.a(lib_a-vfprintf.o)
                0x080043ec                _vfprintf_r
 .text.__sbprintf
                0x08005f70       0x84 e:/program files/gcc-arm-none-eabi-9-2020/bin/../lib/gcc/arm-none-eabi/9.3.1/../../../../arm-none-eabi/lib/thumb/v7e-m/nofp\libg.a(lib_a-vfprintf.o)
 .text.__swsetup_r
                0x08005ff4       0xd0 e:/program files/gcc-arm-none-eabi-9-2020/bin/../lib/gcc/arm-none-eabi/9.3.1/../../../../arm-none-eabi/lib/thumb/v7e-m/nofp\libg.a(lib_a-wsetup.o)
                0x08005ff4                __swsetup_r
 .text.startup.register_fini
                0x080060c4       0x14 e:/program files/gcc-arm-none-eabi-9-2020/bin/../lib/gcc/arm-none-eabi/9.3.1/../../../../arm-none-eabi/lib/thumb/v7e-m/nofp\libg.a(lib_a-__call_atexit.o)
 .text.atexit   0x080060d8        0xc e:/program files/gcc-arm-none-eabi-9-2020/bin/../lib/gcc/arm-none-eabi/9.3.1/../../../../arm-none-eabi/lib/thumb/v7e-m/nofp\libg.a(lib_a-atexit.o)
                0x080060d8                atexit
 .text.quorem   0x080060e4      0x11c e:/program files/gcc-arm-none-eabi-9-2020/bin/../lib/gcc/arm-none-eabi/9.3.1/../../../../arm-none-eabi/lib/thumb/v7e-m/nofp\libg.a(lib_a-dtoa.o)
 .text._dtoa_r  0x08006200      0xed4 e:/program files/gcc-arm-none-eabi-9-2020/bin/../lib/gcc/arm-none-eabi/9.3.1/../../../../arm-none-eabi/lib/thumb/v7e-m/nofp\libg.a(lib_a-dtoa.o)
                0x08006200                _dtoa_r
 .text.__sflush_r
                0x080070d4      0x130 e:/program files/gcc-arm-none-eabi-9-2020/bin/../lib/gcc/arm-none-eabi/9.3.1/../../../../arm-none-eabi/lib/thumb/v7e-m/nofp\libg.a(lib_a-fflush.o)
                0x080070d4                __sflush_r
 .text._fflush_r
                0x08007204       0x5c e:/program files/gcc-arm-none-eabi-9-2020/bin/../lib/gcc/arm-none-eabi/9.3.1/../../../../arm-none-eabi/lib/thumb/v7e-m/nofp\libg.a(lib_a-fflush.o)
                0x08007204                _fflush_r
 .text.std      0x08007260       0x50 e:/program files/gcc-arm-none-eabi-9-2020/bin/../lib/gcc/arm-none-eabi/9.3.1/../../../../arm-none-eabi/lib/thumb/v7e-m/nofp\libg.a(lib_a-findfp.o)
 .text._cleanup_r
                0x080072b0        0xc e:/program files/gcc-arm-none-eabi-9-2020/bin/../lib/gcc/arm-none-eabi/9.3.1/../../../../arm-none-eabi/lib/thumb/v7e-m/nofp\libg.a(lib_a-findfp.o)
                0x080072b0                _cleanup_r
 .text.__sinit  0x080072bc       0x54 e:/program files/gcc-arm-none-eabi-9-2020/bin/../lib/gcc/arm-none-eabi/9.3.1/../../../../arm-none-eabi/lib/thumb/v7e-m/nofp\libg.a(lib_a-findfp.o)
                0x080072bc                __sinit
 .text.__sfp_lock_acquire
                0x08007310        0xc e:/program files/gcc-arm-none-eabi-9-2020/bin/../lib/gcc/arm-none-eabi/9.3.1/../../../../arm-none-eabi/lib/thumb/v7e-m/nofp\libg.a(lib_a-findfp.o)
                0x08007310                __sfp_lock_acquire
 .text.__sfp_lock_release
                0x0800731c        0xc e:/program files/gcc-arm-none-eabi-9-2020/bin/../lib/gcc/arm-none-eabi/9.3.1/../../../../arm-none-eabi/lib/thumb/v7e-m/nofp\libg.a(lib_a-findfp.o)
                0x0800731c                __sfp_lock_release
 .text.__libc_fini_array
                0x08007328       0x2c e:/program files/gcc-arm-none-eabi-9-2020/bin/../lib/gcc/arm-none-eabi/9.3.1/../../../../arm-none-eabi/lib/thumb/v7e-m/nofp\libg.a(lib_a-fini.o)
                0x08007328                __libc_fini_array
 .text._malloc_trim_r
                0x08007354       0xa0 e:/program files/gcc-arm-none-eabi-9-2020/bin/../lib/gcc/arm-none-eabi/9.3.1/../../../../arm-none-eabi/lib/thumb/v7e-m/nofp\libg.a(lib_a-freer.o)
                0x08007354                _malloc_trim_r
 .text._free_r  0x080073f4      0x208 e:/program files/gcc-arm-none-eabi-9-2020/bin/../lib/gcc/arm-none-eabi/9.3.1/../../../../arm-none-eabi/lib/thumb/v7e-m/nofp\libg.a(lib_a-freer.o)
                0x080073f4                _free_r
 .text.__sfvwrite_r
                0x080075fc      0x2e0 e:/program files/gcc-arm-none-eabi-9-2020/bin/../lib/gcc/arm-none-eabi/9.3.1/../../../../arm-none-eabi/lib/thumb/v7e-m/nofp\libg.a(lib_a-fvwrite.o)
                0x080075fc                __sfvwrite_r
 .text._fwalk_reent
                0x080078dc       0x48 e:/program files/gcc-arm-none-eabi-9-2020/bin/../lib/gcc/arm-none-eabi/9.3.1/../../../../arm-none-eabi/lib/thumb/v7e-m/nofp\libg.a(lib_a-fwalk.o)
                0x080078dc                _fwalk_reent
 .text._localeconv_r
                0x08007924        0x8 e:/program files/gcc-arm-none-eabi-9-2020/bin/../lib/gcc/arm-none-eabi/9.3.1/../../../../arm-none-eabi/lib/thumb/v7e-m/nofp\libg.a(lib_a-localeconv.o)
                0x08007924                _localeconv_r
 .text.__retarget_lock_init_recursive
                0x0800792c        0x4 e:/program files/gcc-arm-none-eabi-9-2020/bin/../lib/gcc/arm-none-eabi/9.3.1/../../../../arm-none-eabi/lib/thumb/v7e-m/nofp\libg.a(lib_a-lock.o)
                0x0800792c                __retarget_lock_init_recursive
 .text.__retarget_lock_close_recursive
                0x08007930        0x4 e:/program files/gcc-arm-none-eabi-9-2020/bin/../lib/gcc/arm-none-eabi/9.3.1/../../../../arm-none-eabi/lib/thumb/v7e-m/nofp\libg.a(lib_a-lock.o)
                0x08007930                __retarget_lock_close_recursive
 .text.__retarget_lock_acquire_recursive
                0x08007934        0x4 e:/program files/gcc-arm-none-eabi-9-2020/bin/../lib/gcc/arm-none-eabi/9.3.1/../../../../arm-none-eabi/lib/thumb/v7e-m/nofp\libg.a(lib_a-lock.o)
                0x08007934                __retarget_lock_acquire_recursive
 .text.__retarget_lock_release_recursive
                0x08007938        0x4 e:/program files/gcc-arm-none-eabi-9-2020/bin/../lib/gcc/arm-none-eabi/9.3.1/../../../../arm-none-eabi/lib/thumb/v7e-m/nofp\libg.a(lib_a-lock.o)
                0x08007938                __retarget_lock_release_recursive
 .text.__swhatbuf_r
                0x0800793c       0x5c e:/program files/gcc-arm-none-eabi-9-2020/bin/../lib/gcc/arm-none-eabi/9.3.1/../../../../arm-none-eabi/lib/thumb/v7e-m/nofp\libg.a(lib_a-makebuf.o)
                0x0800793c                __swhatbuf_r
 .text.__smakebuf_r
                0x08007998       0x98 e:/program files/gcc-arm-none-eabi-9-2020/bin/../lib/gcc/arm-none-eabi/9.3.1/../../../../arm-none-eabi/lib/thumb/v7e-m/nofp\libg.a(lib_a-makebuf.o)
                0x08007998                __smakebuf_r
 .text.malloc   0x08007a30       0x10 e:/program files/gcc-arm-none-eabi-9-2020/bin/../lib/gcc/arm-none-eabi/9.3.1/../../../../arm-none-eabi/lib/thumb/v7e-m/nofp\libg.a(lib_a-malloc.o)
                0x08007a30                malloc
 .text._malloc_r
                0x08007a40      0x574 e:/program files/gcc-arm-none-eabi-9-2020/bin/../lib/gcc/arm-none-eabi/9.3.1/../../../../arm-none-eabi/lib/thumb/v7e-m/nofp\libg.a(lib_a-mallocr.o)
                0x08007a40                _malloc_r
 .text.memmove  0x08007fb4       0xd8 e:/program files/gcc-arm-none-eabi-9-2020/bin/../lib/gcc/arm-none-eabi/9.3.1/../../../../arm-none-eabi/lib/thumb/v7e-m/nofp\libg.a(lib_a-memmove.o)
                0x08007fb4                memmove
 .text.__malloc_lock
                0x0800808c        0xc e:/program files/gcc-arm-none-eabi-9-2020/bin/../lib/gcc/arm-none-eabi/9.3.1/../../../../arm-none-eabi/lib/thumb/v7e-m/nofp\libg.a(lib_a-mlock.o)
                0x0800808c                __malloc_lock
 .text.__malloc_unlock
                0x08008098        0xc e:/program files/gcc-arm-none-eabi-9-2020/bin/../lib/gcc/arm-none-eabi/9.3.1/../../../../arm-none-eabi/lib/thumb/v7e-m/nofp\libg.a(lib_a-mlock.o)
                0x08008098                __malloc_unlock
 .text._Balloc  0x080080a4       0x4c e:/program files/gcc-arm-none-eabi-9-2020/bin/../lib/gcc/arm-none-eabi/9.3.1/../../../../arm-none-eabi/lib/thumb/v7e-m/nofp\libg.a(lib_a-mprec.o)
                0x080080a4                _Balloc
 .text._Bfree   0x080080f0       0x14 e:/program files/gcc-arm-none-eabi-9-2020/bin/../lib/gcc/arm-none-eabi/9.3.1/../../../../arm-none-eabi/lib/thumb/v7e-m/nofp\libg.a(lib_a-mprec.o)
                0x080080f0                _Bfree
 .text.__multadd
                0x08008104       0xa0 e:/program files/gcc-arm-none-eabi-9-2020/bin/../lib/gcc/arm-none-eabi/9.3.1/../../../../arm-none-eabi/lib/thumb/v7e-m/nofp\libg.a(lib_a-mprec.o)
                0x08008104                __multadd
 .text.__hi0bits
                0x080081a4       0x40 e:/program files/gcc-arm-none-eabi-9-2020/bin/../lib/gcc/arm-none-eabi/9.3.1/../../../../arm-none-eabi/lib/thumb/v7e-m/nofp\libg.a(lib_a-mprec.o)
                0x080081a4                __hi0bits
 .text.__lo0bits
                0x080081e4       0x60 e:/program files/gcc-arm-none-eabi-9-2020/bin/../lib/gcc/arm-none-eabi/9.3.1/../../../../arm-none-eabi/lib/thumb/v7e-m/nofp\libg.a(lib_a-mprec.o)
                0x080081e4                __lo0bits
 .text.__i2b    0x08008244       0x2c e:/program files/gcc-arm-none-eabi-9-2020/bin/../lib/gcc/arm-none-eabi/9.3.1/../../../../arm-none-eabi/lib/thumb/v7e-m/nofp\libg.a(lib_a-mprec.o)
                0x08008244                __i2b
 .text.__multiply
                0x08008270      0x160 e:/program files/gcc-arm-none-eabi-9-2020/bin/../lib/gcc/arm-none-eabi/9.3.1/../../../../arm-none-eabi/lib/thumb/v7e-m/nofp\libg.a(lib_a-mprec.o)
                0x08008270                __multiply
 .text.__pow5mult
                0x080083d0       0x98 e:/program files/gcc-arm-none-eabi-9-2020/bin/../lib/gcc/arm-none-eabi/9.3.1/../../../../arm-none-eabi/lib/thumb/v7e-m/nofp\libg.a(lib_a-mprec.o)
                0x080083d0                __pow5mult
 .text.__lshift
                0x08008468       0xe8 e:/program files/gcc-arm-none-eabi-9-2020/bin/../lib/gcc/arm-none-eabi/9.3.1/../../../../arm-none-eabi/lib/thumb/v7e-m/nofp\libg.a(lib_a-mprec.o)
                0x08008468                __lshift
 .text.__mcmp   0x08008550       0x3c e:/program files/gcc-arm-none-eabi-9-2020/bin/../lib/gcc/arm-none-eabi/9.3.1/../../../../arm-none-eabi/lib/thumb/v7e-m/nofp\libg.a(lib_a-mprec.o)
                0x08008550                __mcmp
 .text.__mdiff  0x0800858c      0x148 e:/program files/gcc-arm-none-eabi-9-2020/bin/../lib/gcc/arm-none-eabi/9.3.1/../../../../arm-none-eabi/lib/thumb/v7e-m/nofp\libg.a(lib_a-mprec.o)
                0x0800858c                __mdiff
 .text.__d2b    0x080086d4       0xc4 e:/program files/gcc-arm-none-eabi-9-2020/bin/../lib/gcc/arm-none-eabi/9.3.1/../../../../arm-none-eabi/lib/thumb/v7e-m/nofp\libg.a(lib_a-mprec.o)
                0x080086d4                __d2b
 .text._realloc_r
                0x08008798      0x3e0 e:/program files/gcc-arm-none-eabi-9-2020/bin/../lib/gcc/arm-none-eabi/9.3.1/../../../../arm-none-eabi/lib/thumb/v7e-m/nofp\libg.a(lib_a-reallocr.o)
                0x08008798                _realloc_r
 .text.frexp    0x08008b78       0x70 e:/program files/gcc-arm-none-eabi-9-2020/bin/../lib/gcc/arm-none-eabi/9.3.1/../../../../arm-none-eabi/lib/thumb/v7e-m/nofp\libg.a(lib_a-s_frexp.o)
                0x08008b78                frexp
 .text._sbrk_r  0x08008be8       0x24 e:/program files/gcc-arm-none-eabi-9-2020/bin/../lib/gcc/arm-none-eabi/9.3.1/../../../../arm-none-eabi/lib/thumb/v7e-m/nofp\libg.a(lib_a-sbrkr.o)
                0x08008be8                _sbrk_r
 .text.__sread  0x08008c0c       0x24 e:/program files/gcc-arm-none-eabi-9-2020/bin/../lib/gcc/arm-none-eabi/9.3.1/../../../../arm-none-eabi/lib/thumb/v7e-m/nofp\libg.a(lib_a-stdio.o)
                0x08008c0c                __sread
 .text.__swrite
                0x08008c30       0x40 e:/program files/gcc-arm-none-eabi-9-2020/bin/../lib/gcc/arm-none-eabi/9.3.1/../../../../arm-none-eabi/lib/thumb/v7e-m/nofp\libg.a(lib_a-stdio.o)
                0x08008c30                __swrite
 .text.__sseek  0x08008c70       0x20 e:/program files/gcc-arm-none-eabi-9-2020/bin/../lib/gcc/arm-none-eabi/9.3.1/../../../../arm-none-eabi/lib/thumb/v7e-m/nofp\libg.a(lib_a-stdio.o)
                0x08008c70                __sseek
 .text.__sclose
                0x08008c90        0x8 e:/program files/gcc-arm-none-eabi-9-2020/bin/../lib/gcc/arm-none-eabi/9.3.1/../../../../arm-none-eabi/lib/thumb/v7e-m/nofp\libg.a(lib_a-stdio.o)
                0x08008c90                __sclose
 .text.strncpy  0x08008c98       0x68 e:/program files/gcc-arm-none-eabi-9-2020/bin/../lib/gcc/arm-none-eabi/9.3.1/../../../../arm-none-eabi/lib/thumb/v7e-m/nofp\libg.a(lib_a-strncpy.o)
                0x08008c98                strncpy
 .text.__sprint_r.part.0
                0x08008d00       0x78 e:/program files/gcc-arm-none-eabi-9-2020/bin/../lib/gcc/arm-none-eabi/9.3.1/../../../../arm-none-eabi/lib/thumb/v7e-m/nofp\libg.a(lib_a-vfiprintf.o)
 .text.__sprint_r
                0x08008d78       0x14 e:/program files/gcc-arm-none-eabi-9-2020/bin/../lib/gcc/arm-none-eabi/9.3.1/../../../../arm-none-eabi/lib/thumb/v7e-m/nofp\libg.a(lib_a-vfiprintf.o)
                0x08008d78                __sprint_r
 .text._vfiprintf_r
                0x08008d8c      0xd38 e:/program files/gcc-arm-none-eabi-9-2020/bin/../lib/gcc/arm-none-eabi/9.3.1/../../../../arm-none-eabi/lib/thumb/v7e-m/nofp\libg.a(lib_a-vfiprintf.o)
                0x08008d8c                _vfiprintf_r
 .text.__sbprintf
                0x08009ac4       0x84 e:/program files/gcc-arm-none-eabi-9-2020/bin/../lib/gcc/arm-none-eabi/9.3.1/../../../../arm-none-eabi/lib/thumb/v7e-m/nofp\libg.a(lib_a-vfiprintf.o)
 .text._write_r
                0x08009b48       0x2c e:/program files/gcc-arm-none-eabi-9-2020/bin/../lib/gcc/arm-none-eabi/9.3.1/../../../../arm-none-eabi/lib/thumb/v7e-m/nofp\libg.a(lib_a-writer.o)
                0x08009b48                _write_r
 .text.__register_exitproc
                0x08009b74       0x8c e:/program files/gcc-arm-none-eabi-9-2020/bin/../lib/gcc/arm-none-eabi/9.3.1/../../../../arm-none-eabi/lib/thumb/v7e-m/nofp\libg.a(lib_a-__atexit.o)
                0x08009b74                __register_exitproc
 .text.__assert_func
                0x08009c00       0x3c e:/program files/gcc-arm-none-eabi-9-2020/bin/../lib/gcc/arm-none-eabi/9.3.1/../../../../arm-none-eabi/lib/thumb/v7e-m/nofp\libg.a(lib_a-assert.o)
                0x08009c00                __assert_func
 .text._calloc_r
                0x08009c3c       0x60 e:/program files/gcc-arm-none-eabi-9-2020/bin/../lib/gcc/arm-none-eabi/9.3.1/../../../../arm-none-eabi/lib/thumb/v7e-m/nofp\libg.a(lib_a-callocr.o)
                0x08009c3c                _calloc_r
 .text._close_r
                0x08009c9c       0x24 e:/program files/gcc-arm-none-eabi-9-2020/bin/../lib/gcc/arm-none-eabi/9.3.1/../../../../arm-none-eabi/lib/thumb/v7e-m/nofp\libg.a(lib_a-closer.o)
                0x08009c9c                _close_r
 .text._fclose_r
                0x08009cc0       0xcc e:/program files/gcc-arm-none-eabi-9-2020/bin/../lib/gcc/arm-none-eabi/9.3.1/../../../../arm-none-eabi/lib/thumb/v7e-m/nofp\libg.a(lib_a-fclose.o)
                0x08009cc0                _fclose_r
 .text.fiprintf
                0x08009d8c       0x28 e:/program files/gcc-arm-none-eabi-9-2020/bin/../lib/gcc/arm-none-eabi/9.3.1/../../../../arm-none-eabi/lib/thumb/v7e-m/nofp\libg.a(lib_a-fiprintf.o)
                0x08009d8c                fiprintf
 .text.__fputwc
                0x08009db4       0xa8 e:/program files/gcc-arm-none-eabi-9-2020/bin/../lib/gcc/arm-none-eabi/9.3.1/../../../../arm-none-eabi/lib/thumb/v7e-m/nofp\libg.a(lib_a-fputwc.o)
                0x08009db4                __fputwc
 .text._fputwc_r
                0x08009e5c       0x68 e:/program files/gcc-arm-none-eabi-9-2020/bin/../lib/gcc/arm-none-eabi/9.3.1/../../../../arm-none-eabi/lib/thumb/v7e-m/nofp\libg.a(lib_a-fputwc.o)
                0x08009e5c                _fputwc_r
 .text._fstat_r
                0x08009ec4       0x2c e:/program files/gcc-arm-none-eabi-9-2020/bin/../lib/gcc/arm-none-eabi/9.3.1/../../../../arm-none-eabi/lib/thumb/v7e-m/nofp\libg.a(lib_a-fstatr.o)
                0x08009ec4                _fstat_r
 .text._isatty_r
                0x08009ef0       0x24 e:/program files/gcc-arm-none-eabi-9-2020/bin/../lib/gcc/arm-none-eabi/9.3.1/../../../../arm-none-eabi/lib/thumb/v7e-m/nofp\libg.a(lib_a-isattyr.o)
                0x08009ef0                _isatty_r
 .text.__locale_mb_cur_max
                0x08009f14        0xc e:/program files/gcc-arm-none-eabi-9-2020/bin/../lib/gcc/arm-none-eabi/9.3.1/../../../../arm-none-eabi/lib/thumb/v7e-m/nofp\libg.a(lib_a-locale.o)
                0x08009f14                __locale_mb_cur_max
 .text._lseek_r
                0x08009f20       0x2c e:/program files/gcc-arm-none-eabi-9-2020/bin/../lib/gcc/arm-none-eabi/9.3.1/../../../../arm-none-eabi/lib/thumb/v7e-m/nofp\libg.a(lib_a-lseekr.o)
                0x08009f20                _lseek_r
 .text.__ascii_mbtowc
                0x08009f4c       0x2c e:/program files/gcc-arm-none-eabi-9-2020/bin/../lib/gcc/arm-none-eabi/9.3.1/../../../../arm-none-eabi/lib/thumb/v7e-m/nofp\libg.a(lib_a-mbtowc_r.o)
                0x08009f4c                __ascii_mbtowc
 .text._read_r  0x08009f78       0x2c e:/program files/gcc-arm-none-eabi-9-2020/bin/../lib/gcc/arm-none-eabi/9.3.1/../../../../arm-none-eabi/lib/thumb/v7e-m/nofp\libg.a(lib_a-readr.o)
                0x08009f78                _read_r
 .text.__swbuf_r
                0x08009fa4       0xb0 e:/program files/gcc-arm-none-eabi-9-2020/bin/../lib/gcc/arm-none-eabi/9.3.1/../../../../arm-none-eabi/lib/thumb/v7e-m/nofp\libg.a(lib_a-wbuf.o)
                0x08009fa4                __swbuf_r
 .text._wcrtomb_r
                0x0800a054       0x3c e:/program files/gcc-arm-none-eabi-9-2020/bin/../lib/gcc/arm-none-eabi/9.3.1/../../../../arm-none-eabi/lib/thumb/v7e-m/nofp\libg.a(lib_a-wcrtomb.o)
                0x0800a054                _wcrtomb_r
 .text.__ascii_wctomb
                0x0800a090       0x1c e:/program files/gcc-arm-none-eabi-9-2020/bin/../lib/gcc/arm-none-eabi/9.3.1/../../../../arm-none-eabi/lib/thumb/v7e-m/nofp\libg.a(lib_a-wctomb_r.o)
                0x0800a090                __ascii_wctomb
 .text.abort    0x0800a0ac       0x10 e:/program files/gcc-arm-none-eabi-9-2020/bin/../lib/gcc/arm-none-eabi/9.3.1/../../../../arm-none-eabi/lib/thumb/v7e-m/nofp\libg.a(lib_a-abort.o)
                0x0800a0ac                abort
 .text._raise_r
                0x0800a0bc       0x58 e:/program files/gcc-arm-none-eabi-9-2020/bin/../lib/gcc/arm-none-eabi/9.3.1/../../../../arm-none-eabi/lib/thumb/v7e-m/nofp\libg.a(lib_a-signal.o)
                0x0800a0bc                _raise_r
 .text.raise    0x0800a114       0x10 e:/program files/gcc-arm-none-eabi-9-2020/bin/../lib/gcc/arm-none-eabi/9.3.1/../../../../arm-none-eabi/lib/thumb/v7e-m/nofp\libg.a(lib_a-signal.o)
                0x0800a114                raise
 .text._kill_r  0x0800a124       0x2c e:/program files/gcc-arm-none-eabi-9-2020/bin/../lib/gcc/arm-none-eabi/9.3.1/../../../../arm-none-eabi/lib/thumb/v7e-m/nofp\libg.a(lib_a-signalr.o)
                0x0800a124                _kill_r
 .text._getpid_r
                0x0800a150        0x4 e:/program files/gcc-arm-none-eabi-9-2020/bin/../lib/gcc/arm-none-eabi/9.3.1/../../../../arm-none-eabi/lib/thumb/v7e-m/nofp\libg.a(lib_a-signalr.o)
                0x0800a150                _getpid_r
 .text.sqrt     0x0800a154       0x5c e:/program files/gcc-arm-none-eabi-9-2020/bin/../lib/gcc/arm-none-eabi/9.3.1/../../../../arm-none-eabi/lib/thumb/v7e-m/nofp\libm.a(lib_a-w_sqrt.o)
                0x0800a154                sqrt
 .text.__ieee754_sqrt
                0x0800a1b0      0x188 e:/program files/gcc-arm-none-eabi-9-2020/bin/../lib/gcc/arm-none-eabi/9.3.1/../../../../arm-none-eabi/lib/thumb/v7e-m/nofp\libm.a(lib_a-e_sqrt.o)
                0x0800a1b0                __ieee754_sqrt
 *(.glue_7)
 .glue_7        0x0800a338        0x0 linker stubs
 *(.glue_7t)
 .glue_7t       0x0800a338        0x0 linker stubs
 *(.eh_frame)
 .eh_frame      0x0800a338        0x0 e:/program files/gcc-arm-none-eabi-9-2020/bin/../lib/gcc/arm-none-eabi/9.3.1/thumb/v7e-m/nofp/crtbegin.o
 *(.init)
 .init          0x0800a338        0x4 e:/program files/gcc-arm-none-eabi-9-2020/bin/../lib/gcc/arm-none-eabi/9.3.1/thumb/v7e-m/nofp/crti.o
                0x0800a338                _init
 .init          0x0800a33c        0x8 e:/program files/gcc-arm-none-eabi-9-2020/bin/../lib/gcc/arm-none-eabi/9.3.1/thumb/v7e-m/nofp/crtn.o
 *(.fini)
 .fini          0x0800a344        0x4 e:/program files/gcc-arm-none-eabi-9-2020/bin/../lib/gcc/arm-none-eabi/9.3.1/thumb/v7e-m/nofp/crti.o
                0x0800a344                _fini
 .fini          0x0800a348        0x8 e:/program files/gcc-arm-none-eabi-9-2020/bin/../lib/gcc/arm-none-eabi/9.3.1/thumb/v7e-m/nofp/crtn.o
                0x0800a350                . = ALIGN (0x4)
                0x0800a350                _etext = .

.vfp11_veneer   0x0800a350        0x0
 .vfp11_veneer  0x0800a350        0x0 linker stubs

.v4_bx          0x0800a350        0x0
 .v4_bx         0x0800a350        0x0 linker stubs

.iplt           0x0800a350        0x0
 .iplt          0x0800a350        0x0 e:/program files/gcc-arm-none-eabi-9-2020/bin/../lib/gcc/arm-none-eabi/9.3.1/thumb/v7e-m/nofp/crtbegin.o

.rodata         0x0800a350      0x7e8
                0x0800a350                . = ALIGN (0x4)
 *(.rodata)
 *(.rodata*)
 .rodata.main.str1.4
                0x0800a350       0x3a CMakeFiles/mystm32.elf.dir/Core/Src/main.c.obj
 *fill*         0x0800a38a        0x2 
 .rodata.AHBPrescTable
                0x0800a38c       0x10 CMakeFiles/mystm32.elf.dir/Core/Src/system_stm32f4xx.c.obj
                0x0800a38c                AHBPrescTable
 .rodata.APBPrescTable
                0x0800a39c        0x8 CMakeFiles/mystm32.elf.dir/Core/Src/system_stm32f4xx.c.obj
                0x0800a39c                APBPrescTable
 .rodata.ShowHelp.str1.4
                0x0800a3a4      0x2a6 CMakeFiles/mystm32.elf.dir/User/Src/bsp_stepper_usart_ctl.c.obj
 *fill*         0x0800a64a        0x2 
 .rodata.ShowData.str1.4
                0x0800a64c       0x75 CMakeFiles/mystm32.elf.dir/User/Src/bsp_stepper_usart_ctl.c.obj
 *fill*         0x0800a6c1        0x3 
 .rodata.MSD_demo_run.str1.4
                0x0800a6c4        0xb CMakeFiles/mystm32.elf.dir/User/Src/bsp_stepper_usart_ctl.c.obj
 *fill*         0x0800a6cf        0x1 
 .rodata.DealSerialData.str1.4
                0x0800a6d0       0x6d CMakeFiles/mystm32.elf.dir/User/Src/bsp_stepper_usart_ctl.c.obj
 *fill*         0x0800a73d        0x3 
 .rodata._global_impure_ptr
                0x0800a740        0x4 e:/program files/gcc-arm-none-eabi-9-2020/bin/../lib/gcc/arm-none-eabi/9.3.1/../../../../arm-none-eabi/lib/thumb/v7e-m/nofp\libg.a(lib_a-impure.o)
                0x0800a740                _global_impure_ptr
 .rodata._puts_r.str1.4
                0x0800a744        0x2 e:/program files/gcc-arm-none-eabi-9-2020/bin/../lib/gcc/arm-none-eabi/9.3.1/../../../../arm-none-eabi/lib/thumb/v7e-m/nofp\libg.a(lib_a-puts.o)
 *fill*         0x0800a746        0x2 
 .rodata._vfprintf_r.str1.4
                0x0800a748       0x42 e:/program files/gcc-arm-none-eabi-9-2020/bin/../lib/gcc/arm-none-eabi/9.3.1/../../../../arm-none-eabi/lib/thumb/v7e-m/nofp\libg.a(lib_a-vfprintf.o)
 *fill*         0x0800a78a        0x2 
 .rodata.blanks.7350
                0x0800a78c       0x10 e:/program files/gcc-arm-none-eabi-9-2020/bin/../lib/gcc/arm-none-eabi/9.3.1/../../../../arm-none-eabi/lib/thumb/v7e-m/nofp\libg.a(lib_a-vfprintf.o)
 .rodata.zeroes.7351
                0x0800a79c       0x10 e:/program files/gcc-arm-none-eabi-9-2020/bin/../lib/gcc/arm-none-eabi/9.3.1/../../../../arm-none-eabi/lib/thumb/v7e-m/nofp\libg.a(lib_a-vfprintf.o)
 .rodata._ctype_
                0x0800a7ac      0x101 e:/program files/gcc-arm-none-eabi-9-2020/bin/../lib/gcc/arm-none-eabi/9.3.1/../../../../arm-none-eabi/lib/thumb/v7e-m/nofp\libg.a(lib_a-ctype_.o)
                0x0800a7ac                _ctype_
 *fill*         0x0800a8ad        0x3 
 .rodata._dtoa_r.str1.4
                0x0800a8b0       0xa0 e:/program files/gcc-arm-none-eabi-9-2020/bin/../lib/gcc/arm-none-eabi/9.3.1/../../../../arm-none-eabi/lib/thumb/v7e-m/nofp\libg.a(lib_a-dtoa.o)
                                 0xa4 (size before relaxing)
 .rodata.__multadd.str1.4
                0x0800a950       0x7d e:/program files/gcc-arm-none-eabi-9-2020/bin/../lib/gcc/arm-none-eabi/9.3.1/../../../../arm-none-eabi/lib/thumb/v7e-m/nofp\libg.a(lib_a-mprec.o)
                                 0x91 (size before relaxing)
 *fill*         0x0800a9cd        0x3 
 .rodata.__mprec_bigtens
                0x0800a9d0       0x28 e:/program files/gcc-arm-none-eabi-9-2020/bin/../lib/gcc/arm-none-eabi/9.3.1/../../../../arm-none-eabi/lib/thumb/v7e-m/nofp\libg.a(lib_a-mprec.o)
                0x0800a9d0                __mprec_bigtens
 .rodata.__mprec_tens
                0x0800a9f8       0xc8 e:/program files/gcc-arm-none-eabi-9-2020/bin/../lib/gcc/arm-none-eabi/9.3.1/../../../../arm-none-eabi/lib/thumb/v7e-m/nofp\libg.a(lib_a-mprec.o)
                0x0800a9f8                __mprec_tens
 .rodata.p05.6122
                0x0800aac0        0xc e:/program files/gcc-arm-none-eabi-9-2020/bin/../lib/gcc/arm-none-eabi/9.3.1/../../../../arm-none-eabi/lib/thumb/v7e-m/nofp\libg.a(lib_a-mprec.o)
 .rodata._vfiprintf_r.str1.4
                0x0800aacc       0x2f e:/program files/gcc-arm-none-eabi-9-2020/bin/../lib/gcc/arm-none-eabi/9.3.1/../../../../arm-none-eabi/lib/thumb/v7e-m/nofp\libg.a(lib_a-vfiprintf.o)
 .rodata.blanks.7328
                0x0800aacc       0x10 e:/program files/gcc-arm-none-eabi-9-2020/bin/../lib/gcc/arm-none-eabi/9.3.1/../../../../arm-none-eabi/lib/thumb/v7e-m/nofp\libg.a(lib_a-vfiprintf.o)
 .rodata.zeroes.7329
                0x0800aadc       0x10 e:/program files/gcc-arm-none-eabi-9-2020/bin/../lib/gcc/arm-none-eabi/9.3.1/../../../../arm-none-eabi/lib/thumb/v7e-m/nofp\libg.a(lib_a-vfiprintf.o)
 .rodata.__assert_func.str1.4
                0x0800aaec       0x3f e:/program files/gcc-arm-none-eabi-9-2020/bin/../lib/gcc/arm-none-eabi/9.3.1/../../../../arm-none-eabi/lib/thumb/v7e-m/nofp\libg.a(lib_a-assert.o)
                                 0x43 (size before relaxing)
 *fill*         0x0800ab2b        0x1 
 .rodata._setlocale_r.str1.4
                0x0800ab2c        0xa e:/program files/gcc-arm-none-eabi-9-2020/bin/../lib/gcc/arm-none-eabi/9.3.1/../../../../arm-none-eabi/lib/thumb/v7e-m/nofp\libg.a(lib_a-locale.o)
                                  0xd (size before relaxing)
 .rodata.str1.4
                0x0800ab36        0xa e:/program files/gcc-arm-none-eabi-9-2020/bin/../lib/gcc/arm-none-eabi/9.3.1/../../../../arm-none-eabi/lib/thumb/v7e-m/nofp\libg.a(lib_a-locale.o)
                                  0x2 (size before relaxing)
                0x0800ab40                . = ALIGN (0x4)
 *fill*         0x0800ab36        0x2 

.ARM.extab
 *(.ARM.extab* .gnu.linkonce.armextab.*)

.ARM            0x0800ab38        0x8
                0x0800ab38                __exidx_start = .
 *(.ARM.exidx*)
 .ARM.exidx     0x0800ab38        0x8 e:/program files/gcc-arm-none-eabi-9-2020/bin/../lib/gcc/arm-none-eabi/9.3.1/thumb/v7e-m/nofp\libgcc.a(_udivmoddi4.o)
                0x0800ab40                __exidx_end = .

.rel.dyn        0x0800ab40        0x0
 .rel.iplt      0x0800ab40        0x0 e:/program files/gcc-arm-none-eabi-9-2020/bin/../lib/gcc/arm-none-eabi/9.3.1/thumb/v7e-m/nofp/crtbegin.o

.preinit_array  0x0800ab40        0x0
                0x0800ab40                PROVIDE (__preinit_array_start = .)
 *(.preinit_array*)
                0x0800ab40                PROVIDE (__preinit_array_end = .)

.init_array     0x0800ab40        0x8
                0x0800ab40                PROVIDE (__init_array_start = .)
 *(SORT_BY_NAME(.init_array.*))
 .init_array.00000
                0x0800ab40        0x4 e:/program files/gcc-arm-none-eabi-9-2020/bin/../lib/gcc/arm-none-eabi/9.3.1/../../../../arm-none-eabi/lib/thumb/v7e-m/nofp\libg.a(lib_a-__call_atexit.o)
 *(.init_array*)
 .init_array    0x0800ab44        0x4 e:/program files/gcc-arm-none-eabi-9-2020/bin/../lib/gcc/arm-none-eabi/9.3.1/thumb/v7e-m/nofp/crtbegin.o
                0x0800ab48                PROVIDE (__init_array_end = .)

.fini_array     0x0800ab48        0x4
                0x0800ab48                PROVIDE (__fini_array_start = .)
 *(SORT_BY_NAME(.fini_array.*))
 *(.fini_array*)
 .fini_array    0x0800ab48        0x4 e:/program files/gcc-arm-none-eabi-9-2020/bin/../lib/gcc/arm-none-eabi/9.3.1/thumb/v7e-m/nofp/crtbegin.o
                0x0800ab4c                PROVIDE (__fini_array_end = .)
                0x0800ab4c                _sidata = LOADADDR (.data)

.data           0x20000000      0x9d4 load address 0x0800ab4c
                0x20000000                . = ALIGN (0x4)
                0x20000000                _sdata = .
 *(.data)
 *(.data*)
 .data.SystemCoreClock
                0x20000000        0x4 CMakeFiles/mystm32.elf.dir/Core/Src/system_stm32f4xx.c.obj
                0x20000000                SystemCoreClock
 .data.uwTickFreq
                0x20000004        0x1 CMakeFiles/mystm32.elf.dir/Drivers/STM32F4xx_HAL_Driver/Src/stm32f4xx_hal.c.obj
                0x20000004                uwTickFreq
 *fill*         0x20000005        0x3 
 .data.uwTickPrio
                0x20000008        0x4 CMakeFiles/mystm32.elf.dir/Drivers/STM32F4xx_HAL_Driver/Src/stm32f4xx_hal.c.obj
                0x20000008                uwTickPrio
 .data.status   0x2000000c        0x1 CMakeFiles/mystm32.elf.dir/User/Src/bsp_stepper_T_speed.c.obj
                0x2000000c                status
 *fill*         0x2000000d        0x3 
 .data.accel_val.8967
                0x20000010        0x4 CMakeFiles/mystm32.elf.dir/User/Src/bsp_stepper_usart_ctl.c.obj
 .data.decel_val.8968
                0x20000014        0x4 CMakeFiles/mystm32.elf.dir/User/Src/bsp_stepper_usart_ctl.c.obj
 .data.showflag.8965
                0x20000018        0x1 CMakeFiles/mystm32.elf.dir/User/Src/bsp_stepper_usart_ctl.c.obj
 *fill*         0x20000019        0x3 
 .data.speed.8969
                0x2000001c        0x4 CMakeFiles/mystm32.elf.dir/User/Src/bsp_stepper_usart_ctl.c.obj
 .data.steps.8966
                0x20000020        0x4 CMakeFiles/mystm32.elf.dir/User/Src/bsp_stepper_usart_ctl.c.obj
 .data._impure_ptr
                0x20000024        0x4 e:/program files/gcc-arm-none-eabi-9-2020/bin/../lib/gcc/arm-none-eabi/9.3.1/../../../../arm-none-eabi/lib/thumb/v7e-m/nofp\libg.a(lib_a-impure.o)
                0x20000024                _impure_ptr
 .data.impure_data
                0x20000028      0x428 e:/program files/gcc-arm-none-eabi-9-2020/bin/../lib/gcc/arm-none-eabi/9.3.1/../../../../arm-none-eabi/lib/thumb/v7e-m/nofp\libg.a(lib_a-impure.o)
 .data.__atexit_recursive_mutex
                0x20000450        0x4 e:/program files/gcc-arm-none-eabi-9-2020/bin/../lib/gcc/arm-none-eabi/9.3.1/../../../../arm-none-eabi/lib/thumb/v7e-m/nofp\libg.a(lib_a-__call_atexit.o)
                0x20000450                __atexit_recursive_mutex
 .data.__malloc_av_
                0x20000454      0x408 e:/program files/gcc-arm-none-eabi-9-2020/bin/../lib/gcc/arm-none-eabi/9.3.1/../../../../arm-none-eabi/lib/thumb/v7e-m/nofp\libg.a(lib_a-mallocr.o)
                0x20000454                __malloc_av_
 .data.__malloc_sbrk_base
                0x2000085c        0x4 e:/program files/gcc-arm-none-eabi-9-2020/bin/../lib/gcc/arm-none-eabi/9.3.1/../../../../arm-none-eabi/lib/thumb/v7e-m/nofp\libg.a(lib_a-mallocr.o)
                0x2000085c                __malloc_sbrk_base
 .data.__malloc_trim_threshold
                0x20000860        0x4 e:/program files/gcc-arm-none-eabi-9-2020/bin/../lib/gcc/arm-none-eabi/9.3.1/../../../../arm-none-eabi/lib/thumb/v7e-m/nofp\libg.a(lib_a-mallocr.o)
                0x20000860                __malloc_trim_threshold
 .data.__global_locale
                0x20000864      0x16c e:/program files/gcc-arm-none-eabi-9-2020/bin/../lib/gcc/arm-none-eabi/9.3.1/../../../../arm-none-eabi/lib/thumb/v7e-m/nofp\libg.a(lib_a-locale.o)
                0x20000864                __global_locale
 .data.__fdlib_version
                0x200009d0        0x1 e:/program files/gcc-arm-none-eabi-9-2020/bin/../lib/gcc/arm-none-eabi/9.3.1/../../../../arm-none-eabi/lib/thumb/v7e-m/nofp\libm.a(lib_a-s_lib_ver.o)
                0x200009d0                __fdlib_version
                0x200009d4                . = ALIGN (0x4)
 *fill*         0x200009d1        0x3 
                0x200009d4                _edata = .
                0x0800b520                _siccmram = LOADADDR (.ccmram)

.igot.plt       0x200009d4        0x0 load address 0x0800b520
 .igot.plt      0x200009d4        0x0 e:/program files/gcc-arm-none-eabi-9-2020/bin/../lib/gcc/arm-none-eabi/9.3.1/thumb/v7e-m/nofp/crtbegin.o

.ccmram         0x10000000        0x0 load address 0x0800b520
                0x10000000                . = ALIGN (0x4)
                0x10000000                _sccmram = .
 *(.ccmram)
 *(.ccmram*)
                0x10000000                . = ALIGN (0x4)
                0x10000000                _eccmram = .
                0x10000000                . = ALIGN (0x4)

.bss            0x200009d4      0x284
                0x200009d4                _sbss = .
                0x200009d4                __bss_start__ = _sbss
 *(.bss)
 .bss           0x200009d4       0x1c e:/program files/gcc-arm-none-eabi-9-2020/bin/../lib/gcc/arm-none-eabi/9.3.1/thumb/v7e-m/nofp/crtbegin.o
 *(.bss*)
 .bss.gHuart    0x200009f0        0x4 CMakeFiles/mystm32.elf.dir/Core/Src/retarget.c.obj
                0x200009f0                gHuart
 .bss.htim1     0x200009f4       0x48 CMakeFiles/mystm32.elf.dir/Core/Src/stm32f4xx_hal_timebase_tim.c.obj
                0x200009f4                htim1
 .bss.heap_end.6022
                0x20000a3c        0x4 CMakeFiles/mystm32.elf.dir/Core/Src/syscalls.c.obj
 .bss.UART_RxBuffer
                0x20000a40      0x100 CMakeFiles/mystm32.elf.dir/Core/Src/usart.c.obj
                0x20000a40                UART_RxBuffer
 .bss.UART_RxPtr
                0x20000b40        0x1 CMakeFiles/mystm32.elf.dir/Core/Src/usart.c.obj
                0x20000b40                UART_RxPtr
 *fill*         0x20000b41        0x3 
 .bss.huart1    0x20000b44       0x44 CMakeFiles/mystm32.elf.dir/Core/Src/usart.c.obj
                0x20000b44                huart1
 .bss.uwTick    0x20000b88        0x4 CMakeFiles/mystm32.elf.dir/Drivers/STM32F4xx_HAL_Driver/Src/stm32f4xx_hal.c.obj
                0x20000b88                uwTick
 .bss.i.8968    0x20000b8c        0x1 CMakeFiles/mystm32.elf.dir/User/Src/bsp_stepper_T_speed.c.obj
 *fill*         0x20000b8d        0x1 
 .bss.last_accel_delay.8965
                0x20000b8e        0x2 CMakeFiles/mystm32.elf.dir/User/Src/bsp_stepper_T_speed.c.obj
 .bss.rest.8967
                0x20000b90        0x4 CMakeFiles/mystm32.elf.dir/User/Src/bsp_stepper_T_speed.c.obj
 .bss.srd       0x20000b94       0x18 CMakeFiles/mystm32.elf.dir/User/Src/bsp_stepper_T_speed.c.obj
                0x20000b94                srd
 .bss.stepPosition
                0x20000bac        0x4 CMakeFiles/mystm32.elf.dir/User/Src/bsp_stepper_T_speed.c.obj
                0x20000bac                stepPosition
 .bss.step_count.8966
                0x20000bb0        0x4 CMakeFiles/mystm32.elf.dir/User/Src/bsp_stepper_T_speed.c.obj
 .bss.TIM_TimeBaseStructure
                0x20000bb4       0x48 CMakeFiles/mystm32.elf.dir/User/Src/bsp_stepper_init.c.obj
                0x20000bb4                TIM_TimeBaseStructure
 .bss.__malloc_current_mallinfo
                0x20000bfc       0x28 e:/program files/gcc-arm-none-eabi-9-2020/bin/../lib/gcc/arm-none-eabi/9.3.1/../../../../arm-none-eabi/lib/thumb/v7e-m/nofp\libg.a(lib_a-mallocr.o)
                0x20000bfc                __malloc_current_mallinfo
 .bss.__malloc_max_sbrked_mem
                0x20000c24        0x4 e:/program files/gcc-arm-none-eabi-9-2020/bin/../lib/gcc/arm-none-eabi/9.3.1/../../../../arm-none-eabi/lib/thumb/v7e-m/nofp\libg.a(lib_a-mallocr.o)
                0x20000c24                __malloc_max_sbrked_mem
 .bss.__malloc_max_total_mem
                0x20000c28        0x4 e:/program files/gcc-arm-none-eabi-9-2020/bin/../lib/gcc/arm-none-eabi/9.3.1/../../../../arm-none-eabi/lib/thumb/v7e-m/nofp\libg.a(lib_a-mallocr.o)
                0x20000c28                __malloc_max_total_mem
 .bss.__malloc_top_pad
                0x20000c2c        0x4 e:/program files/gcc-arm-none-eabi-9-2020/bin/../lib/gcc/arm-none-eabi/9.3.1/../../../../arm-none-eabi/lib/thumb/v7e-m/nofp\libg.a(lib_a-mallocr.o)
                0x20000c2c                __malloc_top_pad
 *(COMMON)
 COMMON         0x20000c30       0x21 e:/program files/gcc-arm-none-eabi-9-2020/bin/../lib/gcc/arm-none-eabi/9.3.1/../../../../arm-none-eabi/lib/thumb/v7e-m/nofp\libg.a(lib_a-lock.o)
                0x20000c30                __lock___atexit_recursive_mutex
                0x20000c34                __lock___arc4random_mutex
                0x20000c38                __lock___env_recursive_mutex
                0x20000c3c                __lock___sinit_recursive_mutex
                0x20000c40                __lock___malloc_recursive_mutex
                0x20000c44                __lock___at_quick_exit_mutex
                0x20000c48                __lock___dd_hash_mutex
                0x20000c4c                __lock___tz_mutex
                0x20000c50                __lock___sfp_recursive_mutex
 *fill*         0x20000c51        0x3 
 COMMON         0x20000c54        0x4 e:/program files/gcc-arm-none-eabi-9-2020/bin/../lib/gcc/arm-none-eabi/9.3.1/../../../../arm-none-eabi/lib/thumb/v7e-m/nofp\libg.a(lib_a-reent.o)
                0x20000c54                errno
                0x20000c58                . = ALIGN (0x4)
                0x20000c58                _ebss = .
                0x20000c58                __bss_end__ = _ebss

._user_heap_stack
                0x20000c58      0x600
                0x20000c58                . = ALIGN (0x8)
                0x20000c58                PROVIDE (end = .)
                [!provide]                PROVIDE (_end = .)
                0x20000e58                . = (. + _Min_Heap_Size)
 *fill*         0x20000c58      0x200 
                0x20001258                . = (. + _Min_Stack_Size)
 *fill*         0x20000e58      0x400 
                0x20001258                . = ALIGN (0x8)

/DISCARD/
 libc.a(*)
 libm.a(*)
 libgcc.a(*)

.ARM.attributes
                0x00000000       0x2a
 *(.ARM.attributes)
 .ARM.attributes
                0x00000000       0x1e e:/program files/gcc-arm-none-eabi-9-2020/bin/../lib/gcc/arm-none-eabi/9.3.1/thumb/v7e-m/nofp/crti.o
 .ARM.attributes
                0x0000001e       0x2e e:/program files/gcc-arm-none-eabi-9-2020/bin/../lib/gcc/arm-none-eabi/9.3.1/thumb/v7e-m/nofp/crtbegin.o
 .ARM.attributes
                0x0000004c       0x2e CMakeFiles/mystm32.elf.dir/Core/Src/gpio.c.obj
 .ARM.attributes
                0x0000007a       0x2e CMakeFiles/mystm32.elf.dir/Core/Src/main.c.obj
 .ARM.attributes
                0x000000a8       0x2e CMakeFiles/mystm32.elf.dir/Core/Src/retarget.c.obj
 .ARM.attributes
                0x000000d6       0x2e CMakeFiles/mystm32.elf.dir/Core/Src/stm32f4xx_hal_msp.c.obj
 .ARM.attributes
                0x00000104       0x2e CMakeFiles/mystm32.elf.dir/Core/Src/stm32f4xx_hal_timebase_tim.c.obj
 .ARM.attributes
                0x00000132       0x2e CMakeFiles/mystm32.elf.dir/Core/Src/stm32f4xx_it.c.obj
 .ARM.attributes
                0x00000160       0x2e CMakeFiles/mystm32.elf.dir/Core/Src/syscalls.c.obj
 .ARM.attributes
                0x0000018e       0x2e CMakeFiles/mystm32.elf.dir/Core/Src/system_stm32f4xx.c.obj
 .ARM.attributes
                0x000001bc       0x2e CMakeFiles/mystm32.elf.dir/Core/Src/usart.c.obj
 .ARM.attributes
                0x000001ea       0x2e CMakeFiles/mystm32.elf.dir/Drivers/STM32F4xx_HAL_Driver/Src/stm32f4xx_hal.c.obj
 .ARM.attributes
                0x00000218       0x2e CMakeFiles/mystm32.elf.dir/Drivers/STM32F4xx_HAL_Driver/Src/stm32f4xx_hal_cortex.c.obj
 .ARM.attributes
                0x00000246       0x2e CMakeFiles/mystm32.elf.dir/Drivers/STM32F4xx_HAL_Driver/Src/stm32f4xx_hal_dma.c.obj
 .ARM.attributes
                0x00000274       0x2e CMakeFiles/mystm32.elf.dir/Drivers/STM32F4xx_HAL_Driver/Src/stm32f4xx_hal_gpio.c.obj
 .ARM.attributes
                0x000002a2       0x2e CMakeFiles/mystm32.elf.dir/Drivers/STM32F4xx_HAL_Driver/Src/stm32f4xx_hal_rcc.c.obj
 .ARM.attributes
                0x000002d0       0x2e CMakeFiles/mystm32.elf.dir/Drivers/STM32F4xx_HAL_Driver/Src/stm32f4xx_hal_tim.c.obj
 .ARM.attributes
                0x000002fe       0x2e CMakeFiles/mystm32.elf.dir/Drivers/STM32F4xx_HAL_Driver/Src/stm32f4xx_hal_tim_ex.c.obj
 .ARM.attributes
                0x0000032c       0x2e CMakeFiles/mystm32.elf.dir/Drivers/STM32F4xx_HAL_Driver/Src/stm32f4xx_hal_uart.c.obj
 .ARM.attributes
                0x0000035a       0x2e CMakeFiles/mystm32.elf.dir/User/Src/bsp_stepper_T_speed.c.obj
 .ARM.attributes
                0x00000388       0x2e CMakeFiles/mystm32.elf.dir/User/Src/bsp_stepper_init.c.obj
 .ARM.attributes
                0x000003b6       0x2e CMakeFiles/mystm32.elf.dir/User/Src/bsp_stepper_usart_ctl.c.obj
 .ARM.attributes
                0x000003e4       0x21 CMakeFiles/mystm32.elf.dir/startup/startup_stm32f407xx.s.obj
 .ARM.attributes
                0x00000405       0x1e e:/program files/gcc-arm-none-eabi-9-2020/bin/../lib/gcc/arm-none-eabi/9.3.1/thumb/v7e-m/nofp\libgcc.a(_arm_addsubdf3.o)
 .ARM.attributes
                0x00000423       0x1e e:/program files/gcc-arm-none-eabi-9-2020/bin/../lib/gcc/arm-none-eabi/9.3.1/thumb/v7e-m/nofp\libgcc.a(_arm_muldivdf3.o)
 .ARM.attributes
                0x00000441       0x1e e:/program files/gcc-arm-none-eabi-9-2020/bin/../lib/gcc/arm-none-eabi/9.3.1/thumb/v7e-m/nofp\libgcc.a(_arm_fixdfsi.o)
 .ARM.attributes
                0x0000045f       0x1e e:/program files/gcc-arm-none-eabi-9-2020/bin/../lib/gcc/arm-none-eabi/9.3.1/thumb/v7e-m/nofp\libgcc.a(_arm_truncdfsf2.o)
 .ARM.attributes
                0x0000047d       0x1e e:/program files/gcc-arm-none-eabi-9-2020/bin/../lib/gcc/arm-none-eabi/9.3.1/thumb/v7e-m/nofp\libgcc.a(_arm_addsubsf3.o)
 .ARM.attributes
                0x0000049b       0x1e e:/program files/gcc-arm-none-eabi-9-2020/bin/../lib/gcc/arm-none-eabi/9.3.1/thumb/v7e-m/nofp\libgcc.a(_arm_muldivsf3.o)
 .ARM.attributes
                0x000004b9       0x1e e:/program files/gcc-arm-none-eabi-9-2020/bin/../lib/gcc/arm-none-eabi/9.3.1/thumb/v7e-m/nofp\libgcc.a(_arm_fixsfsi.o)
 .ARM.attributes
                0x000004d7       0x1e e:/program files/gcc-arm-none-eabi-9-2020/bin/../lib/gcc/arm-none-eabi/9.3.1/thumb/v7e-m/nofp\libgcc.a(_arm_fixunssfsi.o)
 .ARM.attributes
                0x000004f5       0x1e e:/program files/gcc-arm-none-eabi-9-2020/bin/../lib/gcc/arm-none-eabi/9.3.1/thumb/v7e-m/nofp\libgcc.a(_aeabi_uldivmod.o)
 .ARM.attributes
                0x00000513       0x2e e:/program files/gcc-arm-none-eabi-9-2020/bin/../lib/gcc/arm-none-eabi/9.3.1/thumb/v7e-m/nofp\libgcc.a(_udivmoddi4.o)
 .ARM.attributes
                0x00000541       0x1e e:/program files/gcc-arm-none-eabi-9-2020/bin/../lib/gcc/arm-none-eabi/9.3.1/thumb/v7e-m/nofp\libgcc.a(_dvmd_tls.o)
 .ARM.attributes
                0x0000055f       0x2e e:/program files/gcc-arm-none-eabi-9-2020/bin/../lib/gcc/arm-none-eabi/9.3.1/../../../../arm-none-eabi/lib/thumb/v7e-m/nofp\libg.a(lib_a-atoi.o)
 .ARM.attributes
                0x0000058d       0x2e e:/program files/gcc-arm-none-eabi-9-2020/bin/../lib/gcc/arm-none-eabi/9.3.1/../../../../arm-none-eabi/lib/thumb/v7e-m/nofp\libg.a(lib_a-errno.o)
 .ARM.attributes
                0x000005bb       0x2e e:/program files/gcc-arm-none-eabi-9-2020/bin/../lib/gcc/arm-none-eabi/9.3.1/../../../../arm-none-eabi/lib/thumb/v7e-m/nofp\libg.a(lib_a-impure.o)
 .ARM.attributes
                0x000005e9       0x2e e:/program files/gcc-arm-none-eabi-9-2020/bin/../lib/gcc/arm-none-eabi/9.3.1/../../../../arm-none-eabi/lib/thumb/v7e-m/nofp\libg.a(lib_a-init.o)
 .ARM.attributes
                0x00000617       0x2e e:/program files/gcc-arm-none-eabi-9-2020/bin/../lib/gcc/arm-none-eabi/9.3.1/../../../../arm-none-eabi/lib/thumb/v7e-m/nofp\libg.a(lib_a-memset.o)
 .ARM.attributes
                0x00000645       0x2e e:/program files/gcc-arm-none-eabi-9-2020/bin/../lib/gcc/arm-none-eabi/9.3.1/../../../../arm-none-eabi/lib/thumb/v7e-m/nofp\libg.a(lib_a-printf.o)
 .ARM.attributes
                0x00000673       0x2e e:/program files/gcc-arm-none-eabi-9-2020/bin/../lib/gcc/arm-none-eabi/9.3.1/../../../../arm-none-eabi/lib/thumb/v7e-m/nofp\libg.a(lib_a-puts.o)
 .ARM.attributes
                0x000006a1       0x2e e:/program files/gcc-arm-none-eabi-9-2020/bin/../lib/gcc/arm-none-eabi/9.3.1/../../../../arm-none-eabi/lib/thumb/v7e-m/nofp\libg.a(lib_a-setvbuf.o)
 .ARM.attributes
                0x000006cf       0x1c e:/program files/gcc-arm-none-eabi-9-2020/bin/../lib/gcc/arm-none-eabi/9.3.1/../../../../arm-none-eabi/lib/thumb/v7e-m/nofp\libg.a(lib_a-strlen.o)
 .ARM.attributes
                0x000006eb       0x2e e:/program files/gcc-arm-none-eabi-9-2020/bin/../lib/gcc/arm-none-eabi/9.3.1/../../../../arm-none-eabi/lib/thumb/v7e-m/nofp\libg.a(lib_a-strtol.o)
 .ARM.attributes
                0x00000719       0x2e e:/program files/gcc-arm-none-eabi-9-2020/bin/../lib/gcc/arm-none-eabi/9.3.1/../../../../arm-none-eabi/lib/thumb/v7e-m/nofp\libg.a(lib_a-vfprintf.o)
 .ARM.attributes
                0x00000747       0x2e e:/program files/gcc-arm-none-eabi-9-2020/bin/../lib/gcc/arm-none-eabi/9.3.1/../../../../arm-none-eabi/lib/thumb/v7e-m/nofp\libg.a(lib_a-wsetup.o)
 .ARM.attributes
                0x00000775       0x2e e:/program files/gcc-arm-none-eabi-9-2020/bin/../lib/gcc/arm-none-eabi/9.3.1/../../../../arm-none-eabi/lib/thumb/v7e-m/nofp\libg.a(lib_a-__call_atexit.o)
 .ARM.attributes
                0x000007a3       0x2e e:/program files/gcc-arm-none-eabi-9-2020/bin/../lib/gcc/arm-none-eabi/9.3.1/../../../../arm-none-eabi/lib/thumb/v7e-m/nofp\libg.a(lib_a-atexit.o)
 .ARM.attributes
                0x000007d1       0x2e e:/program files/gcc-arm-none-eabi-9-2020/bin/../lib/gcc/arm-none-eabi/9.3.1/../../../../arm-none-eabi/lib/thumb/v7e-m/nofp\libg.a(lib_a-ctype_.o)
 .ARM.attributes
                0x000007ff       0x2e e:/program files/gcc-arm-none-eabi-9-2020/bin/../lib/gcc/arm-none-eabi/9.3.1/../../../../arm-none-eabi/lib/thumb/v7e-m/nofp\libg.a(lib_a-dtoa.o)
 .ARM.attributes
                0x0000082d       0x2e e:/program files/gcc-arm-none-eabi-9-2020/bin/../lib/gcc/arm-none-eabi/9.3.1/../../../../arm-none-eabi/lib/thumb/v7e-m/nofp\libg.a(lib_a-fflush.o)
 .ARM.attributes
                0x0000085b       0x2e e:/program files/gcc-arm-none-eabi-9-2020/bin/../lib/gcc/arm-none-eabi/9.3.1/../../../../arm-none-eabi/lib/thumb/v7e-m/nofp\libg.a(lib_a-findfp.o)
 .ARM.attributes
                0x00000889       0x2e e:/program files/gcc-arm-none-eabi-9-2020/bin/../lib/gcc/arm-none-eabi/9.3.1/../../../../arm-none-eabi/lib/thumb/v7e-m/nofp\libg.a(lib_a-fini.o)
 .ARM.attributes
                0x000008b7       0x2e e:/program files/gcc-arm-none-eabi-9-2020/bin/../lib/gcc/arm-none-eabi/9.3.1/../../../../arm-none-eabi/lib/thumb/v7e-m/nofp\libg.a(lib_a-freer.o)
 .ARM.attributes
                0x000008e5       0x2e e:/program files/gcc-arm-none-eabi-9-2020/bin/../lib/gcc/arm-none-eabi/9.3.1/../../../../arm-none-eabi/lib/thumb/v7e-m/nofp\libg.a(lib_a-fvwrite.o)
 .ARM.attributes
                0x00000913       0x2e e:/program files/gcc-arm-none-eabi-9-2020/bin/../lib/gcc/arm-none-eabi/9.3.1/../../../../arm-none-eabi/lib/thumb/v7e-m/nofp\libg.a(lib_a-fwalk.o)
 .ARM.attributes
                0x00000941       0x2e e:/program files/gcc-arm-none-eabi-9-2020/bin/../lib/gcc/arm-none-eabi/9.3.1/../../../../arm-none-eabi/lib/thumb/v7e-m/nofp\libg.a(lib_a-localeconv.o)
 .ARM.attributes
                0x0000096f       0x2e e:/program files/gcc-arm-none-eabi-9-2020/bin/../lib/gcc/arm-none-eabi/9.3.1/../../../../arm-none-eabi/lib/thumb/v7e-m/nofp\libg.a(lib_a-lock.o)
 .ARM.attributes
                0x0000099d       0x2e e:/program files/gcc-arm-none-eabi-9-2020/bin/../lib/gcc/arm-none-eabi/9.3.1/../../../../arm-none-eabi/lib/thumb/v7e-m/nofp\libg.a(lib_a-makebuf.o)
 .ARM.attributes
                0x000009cb       0x2e e:/program files/gcc-arm-none-eabi-9-2020/bin/../lib/gcc/arm-none-eabi/9.3.1/../../../../arm-none-eabi/lib/thumb/v7e-m/nofp\libg.a(lib_a-malloc.o)
 .ARM.attributes
                0x000009f9       0x2e e:/program files/gcc-arm-none-eabi-9-2020/bin/../lib/gcc/arm-none-eabi/9.3.1/../../../../arm-none-eabi/lib/thumb/v7e-m/nofp\libg.a(lib_a-mallocr.o)
 .ARM.attributes
                0x00000a27       0x1c e:/program files/gcc-arm-none-eabi-9-2020/bin/../lib/gcc/arm-none-eabi/9.3.1/../../../../arm-none-eabi/lib/thumb/v7e-m/nofp\libg.a(lib_a-memchr.o)
 .ARM.attributes
                0x00000a43       0x1c e:/program files/gcc-arm-none-eabi-9-2020/bin/../lib/gcc/arm-none-eabi/9.3.1/../../../../arm-none-eabi/lib/thumb/v7e-m/nofp\libg.a(lib_a-memcpy.o)
 .ARM.attributes
                0x00000a5f       0x2e e:/program files/gcc-arm-none-eabi-9-2020/bin/../lib/gcc/arm-none-eabi/9.3.1/../../../../arm-none-eabi/lib/thumb/v7e-m/nofp\libg.a(lib_a-memmove.o)
 .ARM.attributes
                0x00000a8d       0x2e e:/program files/gcc-arm-none-eabi-9-2020/bin/../lib/gcc/arm-none-eabi/9.3.1/../../../../arm-none-eabi/lib/thumb/v7e-m/nofp\libg.a(lib_a-mlock.o)
 .ARM.attributes
                0x00000abb       0x2e e:/program files/gcc-arm-none-eabi-9-2020/bin/../lib/gcc/arm-none-eabi/9.3.1/../../../../arm-none-eabi/lib/thumb/v7e-m/nofp\libg.a(lib_a-mprec.o)
 .ARM.attributes
                0x00000ae9       0x2e e:/program files/gcc-arm-none-eabi-9-2020/bin/../lib/gcc/arm-none-eabi/9.3.1/../../../../arm-none-eabi/lib/thumb/v7e-m/nofp\libg.a(lib_a-reallocr.o)
 .ARM.attributes
                0x00000b17       0x2e e:/program files/gcc-arm-none-eabi-9-2020/bin/../lib/gcc/arm-none-eabi/9.3.1/../../../../arm-none-eabi/lib/thumb/v7e-m/nofp\libg.a(lib_a-s_frexp.o)
 .ARM.attributes
                0x00000b45       0x2e e:/program files/gcc-arm-none-eabi-9-2020/bin/../lib/gcc/arm-none-eabi/9.3.1/../../../../arm-none-eabi/lib/thumb/v7e-m/nofp\libg.a(lib_a-sbrkr.o)
 .ARM.attributes
                0x00000b73       0x2e e:/program files/gcc-arm-none-eabi-9-2020/bin/../lib/gcc/arm-none-eabi/9.3.1/../../../../arm-none-eabi/lib/thumb/v7e-m/nofp\libg.a(lib_a-stdio.o)
 .ARM.attributes
                0x00000ba1       0x2e e:/program files/gcc-arm-none-eabi-9-2020/bin/../lib/gcc/arm-none-eabi/9.3.1/../../../../arm-none-eabi/lib/thumb/v7e-m/nofp\libg.a(lib_a-strncpy.o)
 .ARM.attributes
                0x00000bcf       0x2e e:/program files/gcc-arm-none-eabi-9-2020/bin/../lib/gcc/arm-none-eabi/9.3.1/../../../../arm-none-eabi/lib/thumb/v7e-m/nofp\libg.a(lib_a-vfiprintf.o)
 .ARM.attributes
                0x00000bfd       0x2e e:/program files/gcc-arm-none-eabi-9-2020/bin/../lib/gcc/arm-none-eabi/9.3.1/../../../../arm-none-eabi/lib/thumb/v7e-m/nofp\libg.a(lib_a-writer.o)
 .ARM.attributes
                0x00000c2b       0x2e e:/program files/gcc-arm-none-eabi-9-2020/bin/../lib/gcc/arm-none-eabi/9.3.1/../../../../arm-none-eabi/lib/thumb/v7e-m/nofp\libg.a(lib_a-__atexit.o)
 .ARM.attributes
                0x00000c59       0x2e e:/program files/gcc-arm-none-eabi-9-2020/bin/../lib/gcc/arm-none-eabi/9.3.1/../../../../arm-none-eabi/lib/thumb/v7e-m/nofp\libg.a(lib_a-assert.o)
 .ARM.attributes
                0x00000c87       0x2e e:/program files/gcc-arm-none-eabi-9-2020/bin/../lib/gcc/arm-none-eabi/9.3.1/../../../../arm-none-eabi/lib/thumb/v7e-m/nofp\libg.a(lib_a-callocr.o)
 .ARM.attributes
                0x00000cb5       0x2e e:/program files/gcc-arm-none-eabi-9-2020/bin/../lib/gcc/arm-none-eabi/9.3.1/../../../../arm-none-eabi/lib/thumb/v7e-m/nofp\libg.a(lib_a-closer.o)
 .ARM.attributes
                0x00000ce3       0x2e e:/program files/gcc-arm-none-eabi-9-2020/bin/../lib/gcc/arm-none-eabi/9.3.1/../../../../arm-none-eabi/lib/thumb/v7e-m/nofp\libg.a(lib_a-fclose.o)
 .ARM.attributes
                0x00000d11       0x2e e:/program files/gcc-arm-none-eabi-9-2020/bin/../lib/gcc/arm-none-eabi/9.3.1/../../../../arm-none-eabi/lib/thumb/v7e-m/nofp\libg.a(lib_a-fiprintf.o)
 .ARM.attributes
                0x00000d3f       0x2e e:/program files/gcc-arm-none-eabi-9-2020/bin/../lib/gcc/arm-none-eabi/9.3.1/../../../../arm-none-eabi/lib/thumb/v7e-m/nofp\libg.a(lib_a-fputwc.o)
 .ARM.attributes
                0x00000d6d       0x2e e:/program files/gcc-arm-none-eabi-9-2020/bin/../lib/gcc/arm-none-eabi/9.3.1/../../../../arm-none-eabi/lib/thumb/v7e-m/nofp\libg.a(lib_a-fstatr.o)
 .ARM.attributes
                0x00000d9b       0x2e e:/program files/gcc-arm-none-eabi-9-2020/bin/../lib/gcc/arm-none-eabi/9.3.1/../../../../arm-none-eabi/lib/thumb/v7e-m/nofp\libg.a(lib_a-isattyr.o)
 .ARM.attributes
                0x00000dc9       0x2e e:/program files/gcc-arm-none-eabi-9-2020/bin/../lib/gcc/arm-none-eabi/9.3.1/../../../../arm-none-eabi/lib/thumb/v7e-m/nofp\libg.a(lib_a-locale.o)
 .ARM.attributes
                0x00000df7       0x2e e:/program files/gcc-arm-none-eabi-9-2020/bin/../lib/gcc/arm-none-eabi/9.3.1/../../../../arm-none-eabi/lib/thumb/v7e-m/nofp\libg.a(lib_a-lseekr.o)
 .ARM.attributes
                0x00000e25       0x2e e:/program files/gcc-arm-none-eabi-9-2020/bin/../lib/gcc/arm-none-eabi/9.3.1/../../../../arm-none-eabi/lib/thumb/v7e-m/nofp\libg.a(lib_a-mbtowc_r.o)
 .ARM.attributes
                0x00000e53       0x2e e:/program files/gcc-arm-none-eabi-9-2020/bin/../lib/gcc/arm-none-eabi/9.3.1/../../../../arm-none-eabi/lib/thumb/v7e-m/nofp\libg.a(lib_a-readr.o)
 .ARM.attributes
                0x00000e81       0x2e e:/program files/gcc-arm-none-eabi-9-2020/bin/../lib/gcc/arm-none-eabi/9.3.1/../../../../arm-none-eabi/lib/thumb/v7e-m/nofp\libg.a(lib_a-reent.o)
 .ARM.attributes
                0x00000eaf       0x2e e:/program files/gcc-arm-none-eabi-9-2020/bin/../lib/gcc/arm-none-eabi/9.3.1/../../../../arm-none-eabi/lib/thumb/v7e-m/nofp\libg.a(lib_a-wbuf.o)
 .ARM.attributes
                0x00000edd       0x2e e:/program files/gcc-arm-none-eabi-9-2020/bin/../lib/gcc/arm-none-eabi/9.3.1/../../../../arm-none-eabi/lib/thumb/v7e-m/nofp\libg.a(lib_a-wcrtomb.o)
 .ARM.attributes
                0x00000f0b       0x2e e:/program files/gcc-arm-none-eabi-9-2020/bin/../lib/gcc/arm-none-eabi/9.3.1/../../../../arm-none-eabi/lib/thumb/v7e-m/nofp\libg.a(lib_a-wctomb_r.o)
 .ARM.attributes
                0x00000f39       0x2e e:/program files/gcc-arm-none-eabi-9-2020/bin/../lib/gcc/arm-none-eabi/9.3.1/../../../../arm-none-eabi/lib/thumb/v7e-m/nofp\libg.a(lib_a-abort.o)
 .ARM.attributes
                0x00000f67       0x2e e:/program files/gcc-arm-none-eabi-9-2020/bin/../lib/gcc/arm-none-eabi/9.3.1/../../../../arm-none-eabi/lib/thumb/v7e-m/nofp\libg.a(lib_a-signal.o)
 .ARM.attributes
                0x00000f95       0x2e e:/program files/gcc-arm-none-eabi-9-2020/bin/../lib/gcc/arm-none-eabi/9.3.1/../../../../arm-none-eabi/lib/thumb/v7e-m/nofp\libg.a(lib_a-signalr.o)
 .ARM.attributes
                0x00000fc3       0x1e e:/program files/gcc-arm-none-eabi-9-2020/bin/../lib/gcc/arm-none-eabi/9.3.1/thumb/v7e-m/nofp\libgcc.a(_arm_cmpdf2.o)
 .ARM.attributes
                0x00000fe1       0x1e e:/program files/gcc-arm-none-eabi-9-2020/bin/../lib/gcc/arm-none-eabi/9.3.1/thumb/v7e-m/nofp\libgcc.a(_arm_unorddf2.o)
 .ARM.attributes
                0x00000fff       0x1e e:/program files/gcc-arm-none-eabi-9-2020/bin/../lib/gcc/arm-none-eabi/9.3.1/thumb/v7e-m/nofp/crtn.o
OUTPUT(mystm32.elf elf32-littlearm)
LOAD linker stubs
LOAD e:/program files/gcc-arm-none-eabi-9-2020/bin/../lib/gcc/arm-none-eabi/9.3.1/../../../../arm-none-eabi/lib/thumb/v7e-m/nofp\libc.a
LOAD e:/program files/gcc-arm-none-eabi-9-2020/bin/../lib/gcc/arm-none-eabi/9.3.1/../../../../arm-none-eabi/lib/thumb/v7e-m/nofp\libm.a
LOAD e:/program files/gcc-arm-none-eabi-9-2020/bin/../lib/gcc/arm-none-eabi/9.3.1/thumb/v7e-m/nofp\libgcc.a

.debug_info     0x00000000    0x1cd08
 .debug_info    0x00000000     0x1708 CMakeFiles/mystm32.elf.dir/Core/Src/gpio.c.obj
 .debug_info    0x00001708     0x1a71 CMakeFiles/mystm32.elf.dir/Core/Src/main.c.obj
 .debug_info    0x00003179     0x1138 CMakeFiles/mystm32.elf.dir/Core/Src/retarget.c.obj
 .debug_info    0x000042b1     0x154c CMakeFiles/mystm32.elf.dir/Core/Src/stm32f4xx_hal_msp.c.obj
 .debug_info    0x000057fd      0xd4c CMakeFiles/mystm32.elf.dir/Core/Src/stm32f4xx_hal_timebase_tim.c.obj
 .debug_info    0x00006549     0x1519 CMakeFiles/mystm32.elf.dir/Core/Src/stm32f4xx_it.c.obj
 .debug_info    0x00007a62     0x112b CMakeFiles/mystm32.elf.dir/Core/Src/syscalls.c.obj
 .debug_info    0x00008b8d      0x3fe CMakeFiles/mystm32.elf.dir/Core/Src/system_stm32f4xx.c.obj
 .debug_info    0x00008f8b     0x1a3f CMakeFiles/mystm32.elf.dir/Core/Src/usart.c.obj
 .debug_info    0x0000a9ca      0xa79 CMakeFiles/mystm32.elf.dir/Drivers/STM32F4xx_HAL_Driver/Src/stm32f4xx_hal.c.obj
 .debug_info    0x0000b443     0x1154 CMakeFiles/mystm32.elf.dir/Drivers/STM32F4xx_HAL_Driver/Src/stm32f4xx_hal_cortex.c.obj
 .debug_info    0x0000c597      0xbed CMakeFiles/mystm32.elf.dir/Drivers/STM32F4xx_HAL_Driver/Src/stm32f4xx_hal_dma.c.obj